<<<<<<< HEAD
<<<<<<< HEAD
running egg_info
writing ../../build/robot_status_leds/robot_status_leds.egg-info/PKG-INFO
writing dependency_links to ../../build/robot_status_leds/robot_status_leds.egg-info/dependency_links.txt
writing entry points to ../../build/robot_status_leds/robot_status_leds.egg-info/entry_points.txt
writing requirements to ../../build/robot_status_leds/robot_status_leds.egg-info/requires.txt
writing top-level names to ../../build/robot_status_leds/robot_status_leds.egg-info/top_level.txt
reading manifest file '../../build/robot_status_leds/robot_status_leds.egg-info/SOURCES.txt'
adding license file 'LICENSE'
writing manifest file '../../build/robot_status_leds/robot_status_leds.egg-info/SOURCES.txt'
running build
running build_py
copying robot_status_leds/led_state_node.py -> /home/msd/MSD2/REV4/build/robot_status_leds/build/lib/robot_status_leds
running install
running install_lib
copying /home/msd/MSD2/REV4/build/robot_status_leds/build/lib/robot_status_leds/led_state_node.py -> /home/msd/MSD2/REV4/install/robot_status_leds/lib/python3.10/site-packages/robot_status_leds
byte-compiling /home/msd/MSD2/REV4/install/robot_status_leds/lib/python3.10/site-packages/robot_status_leds/led_state_node.py to led_state_node.cpython-310.pyc
running install_data
running install_egg_info
removing '/home/msd/MSD2/REV4/install/robot_status_leds/lib/python3.10/site-packages/robot_status_leds-0.0.0-py3.10.egg-info' (and everything under it)
Copying ../../build/robot_status_leds/robot_status_leds.egg-info to /home/msd/MSD2/REV4/install/robot_status_leds/lib/python3.10/site-packages/robot_status_leds-0.0.0-py3.10.egg-info
running install_scripts
Installing led_state_node script to /home/msd/MSD2/REV4/install/robot_status_leds/lib/robot_status_leds
writing list of installed files to '/home/msd/MSD2/REV4/build/robot_status_leds/install.log'
=======
=======
>>>>>>> f6515614f97110be7e36a5fdeab81499e9790a26
running egg_info
writing ../../build/robot_status_leds/robot_status_leds.egg-info/PKG-INFO
writing dependency_links to ../../build/robot_status_leds/robot_status_leds.egg-info/dependency_links.txt
writing entry points to ../../build/robot_status_leds/robot_status_leds.egg-info/entry_points.txt
writing requirements to ../../build/robot_status_leds/robot_status_leds.egg-info/requires.txt
writing top-level names to ../../build/robot_status_leds/robot_status_leds.egg-info/top_level.txt
reading manifest file '../../build/robot_status_leds/robot_status_leds.egg-info/SOURCES.txt'
adding license file 'LICENSE'
writing manifest file '../../build/robot_status_leds/robot_status_leds.egg-info/SOURCES.txt'
running build
running build_py
copying robot_status_leds/led_state_node.py -> /home/msd/MSD2/REV4/build/robot_status_leds/build/lib/robot_status_leds
running install
running install_lib
copying /home/msd/MSD2/REV4/build/robot_status_leds/build/lib/robot_status_leds/led_state_node.py -> /home/msd/MSD2/REV4/install/robot_status_leds/lib/python3.10/site-packages/robot_status_leds
byte-compiling /home/msd/MSD2/REV4/install/robot_status_leds/lib/python3.10/site-packages/robot_status_leds/led_state_node.py to led_state_node.cpython-310.pyc
running install_data
running install_egg_info
removing '/home/msd/MSD2/REV4/install/robot_status_leds/lib/python3.10/site-packages/robot_status_leds-0.0.0-py3.10.egg-info' (and everything under it)
Copying ../../build/robot_status_leds/robot_status_leds.egg-info to /home/msd/MSD2/REV4/install/robot_status_leds/lib/python3.10/site-packages/robot_status_leds-0.0.0-py3.10.egg-info
running install_scripts
Installing led_state_node script to /home/msd/MSD2/REV4/install/robot_status_leds/lib/robot_status_leds
writing list of installed files to '/home/msd/MSD2/REV4/build/robot_status_leds/install.log'
<<<<<<< HEAD
>>>>>>> f6515614f97110be7e36a5fdeab81499e9790a26
=======
>>>>>>> f6515614f97110be7e36a5fdeab81499e9790a26
