[0.628s] Invoking command in '/home/msd/MSD2/REV4/src/robot_status_leds': PYTHONPATH=/home/msd/MSD2/REV4/build/robot_status_leds/prefix_override:/usr/lib/python3/dist-packages/colcon_core/task/python/colcon_distutils_commands:/home/msd/MSD2/REV4/install/robot_status_leds/lib/python3.10/site-packages:${PYTHONPATH} /usr/bin/python3 -W ignore:setup.py install is deprecated -W ignore:easy_install command is deprecated setup.py egg_info --egg-base ../../build/robot_status_leds build --build-base /home/msd/MSD2/REV4/build/robot_status_leds/build install --record /home/msd/MSD2/REV4/build/robot_status_leds/install.log --single-version-externally-managed install_data
[0.872s] running egg_info
[0.873s] writing ../../build/robot_status_leds/robot_status_leds.egg-info/PKG-INFO
[0.873s] writing dependency_links to ../../build/robot_status_leds/robot_status_leds.egg-info/dependency_links.txt
[0.873s] writing entry points to ../../build/robot_status_leds/robot_status_leds.egg-info/entry_points.txt
[0.873s] writing requirements to ../../build/robot_status_leds/robot_status_leds.egg-info/requires.txt
[0.874s] writing top-level names to ../../build/robot_status_leds/robot_status_leds.egg-info/top_level.txt
[0.876s] reading manifest file '../../build/robot_status_leds/robot_status_leds.egg-info/SOURCES.txt'
[0.877s] adding license file 'LICENSE'
[0.878s] writing manifest file '../../build/robot_status_leds/robot_status_leds.egg-info/SOURCES.txt'
[0.878s] running build
[0.878s] running build_py
[0.878s] copying robot_status_leds/led_state_node.py -> /home/msd/MSD2/REV4/build/robot_status_leds/build/lib/robot_status_leds
[0.878s] running install
[0.879s] running install_lib
[0.879s] copying /home/msd/MSD2/REV4/build/robot_status_leds/build/lib/robot_status_leds/led_state_node.py -> /home/msd/MSD2/REV4/install/robot_status_leds/lib/python3.10/site-packages/robot_status_leds
[0.880s] byte-compiling /home/msd/MSD2/REV4/install/robot_status_leds/lib/python3.10/site-packages/robot_status_leds/led_state_node.py to led_state_node.cpython-310.pyc
[0.881s] running install_data
[0.882s] running install_egg_info
[0.883s] removing '/home/msd/MSD2/REV4/install/robot_status_leds/lib/python3.10/site-packages/robot_status_leds-0.0.0-py3.10.egg-info' (and everything under it)
[0.884s] Copying ../../build/robot_status_leds/robot_status_leds.egg-info to /home/msd/MSD2/REV4/install/robot_status_leds/lib/python3.10/site-packages/robot_status_leds-0.0.0-py3.10.egg-info
[0.885s] running install_scripts
[0.905s] Installing led_state_node script to /home/msd/MSD2/REV4/install/robot_status_leds/lib/robot_status_leds
[0.905s] writing list of installed files to '/home/msd/MSD2/REV4/build/robot_status_leds/install.log'
[0.929s] Invoked command in '/home/msd/MSD2/REV4/src/robot_status_leds' returned '0': PYTHONPATH=/home/msd/MSD2/REV4/build/robot_status_leds/prefix_override:/usr/lib/python3/dist-packages/colcon_core/task/python/colcon_distutils_commands:/home/msd/MSD2/REV4/install/robot_status_leds/lib/python3.10/site-packages:${PYTHONPATH} /usr/bin/python3 -W ignore:setup.py install is deprecated -W ignore:easy_install command is deprecated setup.py egg_info --egg-base ../../build/robot_status_leds build --build-base /home/msd/MSD2/REV4/build/robot_status_leds/build install --record /home/msd/MSD2/REV4/build/robot_status_leds/install.log --single-version-externally-managed install_data
