[0.289s] Invoking command in '/home/msd/MSD2/REV4/build/robot_servoing': CMAKE_PREFIX_PATH=/opt/ros/humble /usr/bin/cmake /home/msd/MSD2/REV4/src/robot_servoing -DCMAKE_INSTALL_PREFIX=/home/msd/MSD2/REV4/install/robot_servoing
[0.677s] -- Found ament_cmake: 1.3.14 (/opt/ros/humble/share/ament_cmake/cmake)
[0.678s] -- Override CMake install command with custom implementation using symlinks instead of copying resources
[0.678s] -- Found control_msgs: 4.8.0 (/opt/ros/humble/share/control_msgs/cmake)
[0.678s] -- Found rosidl_generator_c: 3.1.8 (/opt/ros/humble/share/rosidl_generator_c/cmake)
[0.678s] -- Found rosidl_adapter: 3.1.8 (/opt/ros/humble/share/rosidl_adapter/cmake)
[0.678s] -- Found rosidl_generator_cpp: 3.1.8 (/opt/ros/humble/share/rosidl_generator_cpp/cmake)
[0.678s] -- Using all available rosidl_typesupport_c: rosidl_typesupport_fastrtps_c;rosidl_typesupport_introspection_c
[0.678s] -- Using all available rosidl_typesupport_cpp: rosidl_typesupport_fastrtps_cpp;rosidl_typesupport_introspection_cpp
[0.854s] -- Found control_toolbox: 3.6.3 (/opt/ros/humble/share/control_toolbox/cmake)
[0.908s] -- Found rmw_implementation_cmake: 6.1.2 (/opt/ros/humble/share/rmw_implementation_cmake/cmake)
[0.911s] -- Found rmw_fastrtps_cpp: 6.2.10 (/opt/ros/humble/share/rmw_fastrtps_cpp/cmake)
[1.066s] -- Using RMW implementation 'rmw_fastrtps_cpp' as default
[1.283s] -- Found moveit_core: 2.5.9 (/opt/ros/humble/share/moveit_core/cmake)
[1.309s] -- Found Boost: /usr/lib/x86_64-linux-gnu/cmake/Boost-1.74.0/BoostConfig.cmake (found version "1.74.0") found components: chrono date_time filesystem iostreams program_options regex serialization system thread 
[1.359s] -- Found Boost: /usr/lib/x86_64-linux-gnu/cmake/Boost-1.74.0/BoostConfig.cmake (found version "1.74.0") found components: filesystem 
[1.410s] -- library: /usr/lib/x86_64-linux-gnu/libcurl.so
[1.495s] -- Ensuring Eigen3 include directory is part of orocos-kdl CMake target
[1.725s] -- Found moveit_ros_planning: 2.5.9 (/opt/ros/humble/share/moveit_ros_planning/cmake)
[1.731s] -- Found Boost: /usr/lib/x86_64-linux-gnu/cmake/Boost-1.74.0/BoostConfig.cmake (found version "1.74.0") found components: system filesystem date_time program_options thread chrono 
[1.757s] -- Found moveit_ros_planning_interface: 2.5.9 (/opt/ros/humble/share/moveit_ros_planning_interface/cmake)
[1.762s] -- Found Boost: /usr/lib/x86_64-linux-gnu/cmake/Boost-1.74.0/BoostConfig.cmake (found version "1.74.0") found components: date_time filesystem program_options system thread 
[1.778s] -- Found Boost: /usr/lib/x86_64-linux-gnu/cmake/Boost-1.74.0/BoostConfig.cmake (found version "1.74.0") found components: thread system filesystem regex date_time program_options 
[1.801s] -- Found Boost: /usr/lib/x86_64-linux-gnu/cmake/Boost-1.74.0/BoostConfig.cmake (found version "1.74.0") found components: system filesystem date_time program_options thread 
[1.836s] -- Found ament_lint_auto: 0.12.15 (/opt/ros/humble/share/ament_lint_auto/cmake)
[1.943s] -- Added test 'cppcheck' to perform static code analysis on C / C++ code
[1.944s] -- Configured cppcheck include dirs: /home/msd/MSD2/REV4/src/robot_servoing/include
[1.944s] -- Configured cppcheck exclude dirs and/or files: 
[1.944s] -- Added test 'flake8' to check Python code syntax and style conventions
[1.945s] -- Added test 'lint_cmake' to check CMake code style
[1.946s] -- Added test 'pep257' to check Python code against some of the docstring style conventions in PEP 257
[1.947s] -- Added test 'uncrustify' to check C / C++ code style
[1.947s] -- Configured uncrustify additional arguments: 
[1.948s] -- Added test 'xmllint' to check XML markup files
[1.950s] -- Configuring done
[2.001s] -- Generating done
[2.016s] -- Build files have been written to: /home/msd/MSD2/REV4/build/robot_servoing
[2.033s] Invoked command in '/home/msd/MSD2/REV4/build/robot_servoing' returned '0': CMAKE_PREFIX_PATH=/opt/ros/humble /usr/bin/cmake /home/msd/MSD2/REV4/src/robot_servoing -DCMAKE_INSTALL_PREFIX=/home/msd/MSD2/REV4/install/robot_servoing
[2.035s] Invoking command in '/home/msd/MSD2/REV4/build/robot_servoing': CMAKE_PREFIX_PATH=/opt/ros/humble /usr/bin/cmake --build /home/msd/MSD2/REV4/build/robot_servoing -- -j8 -l8
[2.084s] [35m[1mConsolidate compiler generated dependencies of target servo_controller_input[0m
[2.099s] [100%] Built target servo_controller_input
[2.109s] Invoked command in '/home/msd/MSD2/REV4/build/robot_servoing' returned '0': CMAKE_PREFIX_PATH=/opt/ros/humble /usr/bin/cmake --build /home/msd/MSD2/REV4/build/robot_servoing -- -j8 -l8
[2.111s] Invoking command in '/home/msd/MSD2/REV4/build/robot_servoing': CMAKE_PREFIX_PATH=/opt/ros/humble /usr/bin/cmake --install /home/msd/MSD2/REV4/build/robot_servoing
[2.117s] -- Install configuration: ""
[2.117s] -- Execute custom install script
[2.118s] -- Up-to-date symlink: /home/msd/MSD2/REV4/install/robot_servoing/share/robot_servoing/launch/servo.launch.py
[2.118s] -- Up-to-date symlink: /home/msd/MSD2/REV4/install/robot_servoing/share/robot_servoing/launch/servo2.launch.py
[2.118s] -- Up-to-date symlink: /home/msd/MSD2/REV4/install/robot_servoing/share/robot_servoing/config/robot_simulated_config.yaml
[2.119s] -- Up-to-date symlink: /home/msd/MSD2/REV4/install/robot_servoing/share/ament_index/resource_index/package_run_dependencies/robot_servoing
[2.119s] -- Up-to-date symlink: /home/msd/MSD2/REV4/install/robot_servoing/share/ament_index/resource_index/parent_prefix_path/robot_servoing
[2.119s] -- Up-to-date symlink: /home/msd/MSD2/REV4/install/robot_servoing/share/robot_servoing/environment/ament_prefix_path.sh
[2.119s] -- Up-to-date symlink: /home/msd/MSD2/REV4/install/robot_servoing/share/robot_servoing/environment/ament_prefix_path.dsv
[2.120s] -- Up-to-date symlink: /home/msd/MSD2/REV4/install/robot_servoing/share/robot_servoing/environment/path.sh
[2.120s] -- Up-to-date symlink: /home/msd/MSD2/REV4/install/robot_servoing/share/robot_servoing/environment/path.dsv
[2.120s] -- Up-to-date symlink: /home/msd/MSD2/REV4/install/robot_servoing/share/robot_servoing/local_setup.bash
[2.120s] -- Up-to-date symlink: /home/msd/MSD2/REV4/install/robot_servoing/share/robot_servoing/local_setup.sh
[2.120s] -- Up-to-date symlink: /home/msd/MSD2/REV4/install/robot_servoing/share/robot_servoing/local_setup.zsh
[2.121s] -- Up-to-date symlink: /home/msd/MSD2/REV4/install/robot_servoing/share/robot_servoing/local_setup.dsv
[2.121s] -- Symlinking: /home/msd/MSD2/REV4/install/robot_servoing/share/robot_servoing/package.dsv
[2.129s] -- Up-to-date symlink: /home/msd/MSD2/REV4/install/robot_servoing/share/ament_index/resource_index/packages/robot_servoing
[2.130s] -- Up-to-date symlink: /home/msd/MSD2/REV4/install/robot_servoing/share/ament_index/resource_index/rclcpp_components/robot_servoing
[2.130s] -- Up-to-date symlink: /home/msd/MSD2/REV4/install/robot_servoing/share/robot_servoing/cmake/robot_servoingConfig.cmake
[2.130s] -- Up-to-date symlink: /home/msd/MSD2/REV4/install/robot_servoing/share/robot_servoing/cmake/robot_servoingConfig-version.cmake
[2.130s] -- Up-to-date symlink: /home/msd/MSD2/REV4/install/robot_servoing/share/robot_servoing/package.xml
[2.131s] -- Up-to-date: /home/msd/MSD2/REV4/install/robot_servoing/lib/libservo_controller_input.so
[2.133s] Invoked command in '/home/msd/MSD2/REV4/build/robot_servoing' returned '0': CMAKE_PREFIX_PATH=/opt/ros/humble /usr/bin/cmake --install /home/msd/MSD2/REV4/build/robot_servoing
