running develop
running egg_info
creating robot_status_leds.egg-info
writing robot_status_leds.egg-info/PKG-INFO
writing dependency_links to robot_status_leds.egg-info/dependency_links.txt
writing entry points to robot_status_leds.egg-info/entry_points.txt
writing requirements to robot_status_leds.egg-info/requires.txt
writing top-level names to robot_status_leds.egg-info/top_level.txt
writing manifest file 'robot_status_leds.egg-info/SOURCES.txt'
reading manifest file 'robot_status_leds.egg-info/SOURCES.txt'
writing manifest file 'robot_status_leds.egg-info/SOURCES.txt'
running build_ext
Creating /mnt/c/Users/Oden2/Downloads/MSD-SPOT-robot-Rev-4/install/robot_status_leds/lib/python3.10/site-packages/robot-status-leds.egg-link (link to .)
Installing led_state_node script to /mnt/c/Users/Oden2/Downloads/MSD-SPOT-robot-Rev-4/install/robot_status_leds/lib/robot_status_leds

Installed /mnt/c/Users/Oden2/Downloads/MSD-SPOT-robot-Rev-4/build/robot_status_leds
running symlink_data
creating /mnt/c/Users/Oden2/Downloads/MSD-SPOT-robot-Rev-4/install/robot_status_leds/share/ament_index
creating /mnt/c/Users/Oden2/Downloads/MSD-SPOT-robot-Rev-4/install/robot_status_leds/share/ament_index/resource_index
creating /mnt/c/Users/Oden2/Downloads/MSD-SPOT-robot-Rev-4/install/robot_status_leds/share/ament_index/resource_index/packages
symbolically linking /mnt/c/Users/Oden2/Downloads/MSD-SPOT-robot-Rev-4/build/robot_status_leds/resource/robot_status_leds -> /mnt/c/Users/Oden2/Downloads/MSD-SPOT-robot-Rev-4/install/robot_status_leds/share/ament_index/resource_index/packages
symbolically linking /mnt/c/Users/Oden2/Downloads/MSD-SPOT-robot-Rev-4/build/robot_status_leds/package.xml -> /mnt/c/Users/Oden2/Downloads/MSD-SPOT-robot-Rev-4/install/robot_status_leds/share/robot_status_leds
