[5.937s] Invoking command in '/mnt/c/Users/Oden2/Downloads/MSD-SPOT-robot-Rev-4/build/robot_status_leds': PYTHONPATH=/mnt/c/Users/Oden2/Downloads/MSD-SPOT-robot-Rev-4/build/robot_status_leds/prefix_override:/usr/lib/python3/dist-packages/colcon_core/task/python/colcon_distutils_commands:/mnt/c/Users/Oden2/Downloads/MSD-SPOT-robot-Rev-4/install/robot_status_leds/lib/python3.10/site-packages:${PYTHONPATH} /usr/bin/python3 -W ignore:setup.py install is deprecated -W ignore:easy_install command is deprecated setup.py develop --editable --build-directory /mnt/c/Users/Oden2/Downloads/MSD-SPOT-robot-Rev-4/build/robot_status_leds/build --no-deps symlink_data
[8.452s] running develop
[9.056s] running egg_info
[9.059s] creating robot_status_leds.egg-info
[9.063s] writing robot_status_leds.egg-info/PKG-INFO
[9.084s] writing dependency_links to robot_status_leds.egg-info/dependency_links.txt
[9.098s] writing entry points to robot_status_leds.egg-info/entry_points.txt
[9.112s] writing requirements to robot_status_leds.egg-info/requires.txt
[9.122s] writing top-level names to robot_status_leds.egg-info/top_level.txt
[9.137s] writing manifest file 'robot_status_leds.egg-info/SOURCES.txt'
[9.343s] reading manifest file 'robot_status_leds.egg-info/SOURCES.txt'
[9.536s] writing manifest file 'robot_status_leds.egg-info/SOURCES.txt'
[9.581s] running build_ext
[9.584s] Creating /mnt/c/Users/Oden2/Downloads/MSD-SPOT-robot-Rev-4/install/robot_status_leds/lib/python3.10/site-packages/robot-status-leds.egg-link (link to .)
[9.671s] Installing led_state_node script to /mnt/c/Users/Oden2/Downloads/MSD-SPOT-robot-Rev-4/install/robot_status_leds/lib/robot_status_leds
[9.718s] 
[9.722s] Installed /mnt/c/Users/Oden2/Downloads/MSD-SPOT-robot-Rev-4/build/robot_status_leds
[9.735s] running symlink_data
[9.753s] creating /mnt/c/Users/Oden2/Downloads/MSD-SPOT-robot-Rev-4/install/robot_status_leds/share/ament_index
[9.759s] creating /mnt/c/Users/Oden2/Downloads/MSD-SPOT-robot-Rev-4/install/robot_status_leds/share/ament_index/resource_index
[9.771s] creating /mnt/c/Users/Oden2/Downloads/MSD-SPOT-robot-Rev-4/install/robot_status_leds/share/ament_index/resource_index/packages
[9.843s] symbolically linking /mnt/c/Users/Oden2/Downloads/MSD-SPOT-robot-Rev-4/build/robot_status_leds/resource/robot_status_leds -> /mnt/c/Users/Oden2/Downloads/MSD-SPOT-robot-Rev-4/install/robot_status_leds/share/ament_index/resource_index/packages
[9.896s] symbolically linking /mnt/c/Users/Oden2/Downloads/MSD-SPOT-robot-Rev-4/build/robot_status_leds/package.xml -> /mnt/c/Users/Oden2/Downloads/MSD-SPOT-robot-Rev-4/install/robot_status_leds/share/robot_status_leds
[11.153s] Invoked command in '/mnt/c/Users/Oden2/Downloads/MSD-SPOT-robot-Rev-4/build/robot_status_leds' returned '0': PYTHONPATH=/mnt/c/Users/Oden2/Downloads/MSD-SPOT-robot-Rev-4/build/robot_status_leds/prefix_override:/usr/lib/python3/dist-packages/colcon_core/task/python/colcon_distutils_commands:/mnt/c/Users/Oden2/Downloads/MSD-SPOT-robot-Rev-4/install/robot_status_leds/lib/python3.10/site-packages:${PYTHONPATH} /usr/bin/python3 -W ignore:setup.py install is deprecated -W ignore:easy_install command is deprecated setup.py develop --editable --build-directory /mnt/c/Users/Oden2/Downloads/MSD-SPOT-robot-Rev-4/build/robot_status_leds/build --no-deps symlink_data
