[0.272s] Invoking command in '/home/msd/MSD2/REV4/src/build/kdl_ik_arm': CMAKE_PREFIX_PATH=/opt/ros/humble /usr/bin/cmake /home/msd/MSD2/REV4/src/kdl_ik_arm -DCMAKE_INSTALL_PREFIX=/home/msd/MSD2/REV4/src/install/kdl_ik_arm
[0.781s] -- The C compiler identification is GNU 11.4.0
[0.782s] -- The CXX compiler identification is GNU 11.4.0
[0.782s] -- Detecting C compiler ABI info
[0.782s] -- Detecting C compiler ABI info - done
[0.782s] -- Check for working C compiler: /usr/bin/cc - skipped
[0.783s] -- Detecting C compile features
[0.783s] -- Detecting C compile features - done
[0.783s] -- Detecting CXX compiler ABI info
[0.783s] -- Detecting CXX compiler ABI info - done
[0.783s] -- Check for working CXX compiler: /usr/bin/c++ - skipped
[0.783s] -- Detecting CXX compile features
[0.783s] -- Detecting CXX compile features - done
[0.783s] -- Found ament_cmake: 1.3.14 (/opt/ros/humble/share/ament_cmake/cmake)
[1.062s] -- Found Python3: /usr/bin/python3 (found version "3.10.12") found components: Interpreter 
[1.228s] -- Found rclcpp: 16.0.19 (/opt/ros/humble/share/rclcpp/cmake)
[1.294s] -- Found rosidl_generator_c: 3.1.8 (/opt/ros/humble/share/rosidl_generator_c/cmake)
[1.303s] -- Found rosidl_adapter: 3.1.8 (/opt/ros/humble/share/rosidl_adapter/cmake)
[1.316s] -- Found rosidl_generator_cpp: 3.1.8 (/opt/ros/humble/share/rosidl_generator_cpp/cmake)
[1.337s] -- Using all available rosidl_typesupport_c: rosidl_typesupport_fastrtps_c;rosidl_typesupport_introspection_c
[1.356s] -- Using all available rosidl_typesupport_cpp: rosidl_typesupport_fastrtps_cpp;rosidl_typesupport_introspection_cpp
[1.403s] -- Found rmw_implementation_cmake: 6.1.2 (/opt/ros/humble/share/rmw_implementation_cmake/cmake)
[1.406s] -- Found rmw_fastrtps_cpp: 6.2.10 (/opt/ros/humble/share/rmw_fastrtps_cpp/cmake)
[1.503s] -- Found OpenSSL: /usr/lib/x86_64-linux-gnu/libcrypto.so (found version "3.0.2")  
[1.540s] -- Found FastRTPS: /opt/ros/humble/include  
[1.586s] -- Using RMW implementation 'rmw_fastrtps_cpp' as default
[1.594s] -- Looking for pthread.h
[1.664s] -- Looking for pthread.h - found
[1.664s] -- Performing Test CMAKE_HAVE_LIBC_PTHREAD
[1.735s] -- Performing Test CMAKE_HAVE_LIBC_PTHREAD - Success
[1.736s] -- Found Threads: TRUE  
[1.792s] -- Found urdf: 2.6.1 (/opt/ros/humble/share/urdf/cmake)
[1.822s] -- Found kdl_parser: 2.6.4 (/opt/ros/humble/share/kdl_parser/cmake)
[1.832s] -- Found eigen3_cmake_module: 0.1.1 (/opt/ros/humble/share/eigen3_cmake_module/cmake)
[1.834s] -- Found Eigen3: TRUE (found version "3.4.0") 
[1.834s] -- Ensuring Eigen3 include directory is part of orocos-kdl CMake target
[1.836s] -- Found geometry_msgs: 4.9.1 (/opt/ros/humble/share/geometry_msgs/cmake)
[1.851s] -- Found ament_lint_auto: 0.12.15 (/opt/ros/humble/share/ament_lint_auto/cmake)
[1.934s] -- Added test 'cppcheck' to perform static code analysis on C / C++ code
[1.934s] -- Configured cppcheck include dirs: /home/msd/MSD2/REV4/src/kdl_ik_arm/include
[1.935s] -- Configured cppcheck exclude dirs and/or files: 
[1.935s] -- Added test 'lint_cmake' to check CMake code style
[1.936s] -- Added test 'uncrustify' to check C / C++ code style
[1.936s] -- Configured uncrustify additional arguments: 
[1.936s] -- Added test 'xmllint' to check XML markup files
[1.937s] -- Configuring done
[1.950s] -- Generating done
[1.955s] -- Build files have been written to: /home/msd/MSD2/REV4/src/build/kdl_ik_arm
