[0.017s] Invoking command in '/home/msd/MSD2/REV4/build/robot_hardware': CMAKE_PREFIX_PATH=${CMAKE_PREFIX_PATH}:/home/msd/MSD2/REV4/install/spotarm_assembly_description:/home/msd/MSD2/REV4/install/robot_status_leds:/opt/ros/humble /usr/bin/cmake --build /home/msd/MSD2/REV4/build/robot_hardware -- -j8 -l8
[0.063s] [35m[1mConsolidate compiler generated dependencies of target robot_hardware_arm[0m
[0.079s] [ 33%] [32mBuilding CXX object CMakeFiles/robot_hardware_arm.dir/src/arm_hardware_interface.cpp.o[0m
[4.096s] [ 66%] [32m[1mLinking CXX shared library librobot_hardware_arm.so[0m
[4.306s] [100%] Built target robot_hardware_arm
[4.316s] Invoked command in '/home/msd/MSD2/REV4/build/robot_hardware' returned '0': CMAKE_PREFIX_PATH=${CMAKE_PREFIX_PATH}:/home/msd/MSD2/REV4/install/spotarm_assembly_description:/home/msd/MSD2/REV4/install/robot_status_leds:/opt/ros/humble /usr/bin/cmake --build /home/msd/MSD2/REV4/build/robot_hardware -- -j8 -l8
[4.317s] Invoking command in '/home/msd/MSD2/REV4/build/robot_hardware': CMAKE_PREFIX_PATH=${CMAKE_PREFIX_PATH}:/home/msd/MSD2/REV4/install/spotarm_assembly_description:/home/msd/MSD2/REV4/install/robot_status_leds:/opt/ros/humble /usr/bin/cmake --install /home/msd/MSD2/REV4/build/robot_hardware
[4.324s] -- Install configuration: ""
[4.325s] -- Execute custom install script
[4.325s] -- Up-to-date symlink: /home/msd/MSD2/REV4/install/robot_hardware/share/robot_hardware//robot_hardware_plugin.xml
[4.326s] -- Up-to-date symlink: /home/msd/MSD2/REV4/install/robot_hardware/lib/librobot_hardware_arm.so
[4.326s] -- Up-to-date symlink: /home/msd/MSD2/REV4/install/robot_hardware/include/robot_hardware/ICLStepper.h
[4.326s] -- Up-to-date symlink: /home/msd/MSD2/REV4/install/robot_hardware/include/robot_hardware/arm_hardware_interface.hpp
[4.326s] -- Up-to-date symlink: /home/msd/MSD2/REV4/install/robot_hardware/share/robot_hardware/robot_hardware_plugin.xml
[4.327s] -- Up-to-date symlink: /home/msd/MSD2/REV4/install/robot_hardware/share/ament_index/resource_index/package_run_dependencies/robot_hardware
[4.327s] -- Up-to-date symlink: /home/msd/MSD2/REV4/install/robot_hardware/share/ament_index/resource_index/parent_prefix_path/robot_hardware
[4.327s] -- Up-to-date symlink: /home/msd/MSD2/REV4/install/robot_hardware/share/robot_hardware/environment/ament_prefix_path.sh
[4.327s] -- Up-to-date symlink: /home/msd/MSD2/REV4/install/robot_hardware/share/robot_hardware/environment/ament_prefix_path.dsv
[4.327s] -- Up-to-date symlink: /home/msd/MSD2/REV4/install/robot_hardware/share/robot_hardware/environment/path.sh
[4.328s] -- Up-to-date symlink: /home/msd/MSD2/REV4/install/robot_hardware/share/robot_hardware/environment/path.dsv
[4.328s] -- Up-to-date symlink: /home/msd/MSD2/REV4/install/robot_hardware/share/robot_hardware/local_setup.bash
[4.328s] -- Up-to-date symlink: /home/msd/MSD2/REV4/install/robot_hardware/share/robot_hardware/local_setup.sh
[4.328s] -- Up-to-date symlink: /home/msd/MSD2/REV4/install/robot_hardware/share/robot_hardware/local_setup.zsh
[4.328s] -- Up-to-date symlink: /home/msd/MSD2/REV4/install/robot_hardware/share/robot_hardware/local_setup.dsv
[4.329s] -- Symlinking: /home/msd/MSD2/REV4/install/robot_hardware/share/robot_hardware/package.dsv
[4.337s] -- Up-to-date symlink: /home/msd/MSD2/REV4/install/robot_hardware/share/ament_index/resource_index/packages/robot_hardware
[4.337s] -- Up-to-date symlink: /home/msd/MSD2/REV4/install/robot_hardware/share/ament_index/resource_index/hardware_interface__pluginlib__plugin/robot_hardware
[4.337s] -- Up-to-date symlink: /home/msd/MSD2/REV4/install/robot_hardware/share/robot_hardware/cmake/robot_hardwareConfig.cmake
[4.337s] -- Up-to-date symlink: /home/msd/MSD2/REV4/install/robot_hardware/share/robot_hardware/cmake/robot_hardwareConfig-version.cmake
[4.338s] -- Up-to-date symlink: /home/msd/MSD2/REV4/install/robot_hardware/share/robot_hardware/package.xml
[4.342s] Invoked command in '/home/msd/MSD2/REV4/build/robot_hardware' returned '0': CMAKE_PREFIX_PATH=${CMAKE_PREFIX_PATH}:/home/msd/MSD2/REV4/install/spotarm_assembly_description:/home/msd/MSD2/REV4/install/robot_status_leds:/opt/ros/humble /usr/bin/cmake --install /home/msd/MSD2/REV4/build/robot_hardware
