[0.025s] Invoking command in '/home/msd/MSD2/REV4/build/robot_commander': CMAKE_PREFIX_PATH=${CMAKE_PREFIX_PATH}:/home/msd/MSD2/REV4/install/spotarm_gamepad:/home/msd/MSD2/REV4/install/spotarm_assembly_description:/home/msd/MSD2/REV4/install/robot_status_leds:/opt/ros/humble /usr/bin/cmake --build /home/msd/MSD2/REV4/build/robot_commander -- -j8 -l8
[0.100s] -- Found ament_cmake: 1.3.14 (/opt/ros/humble/share/ament_cmake/cmake)
[0.533s] -- Override CMake install command with custom implementation using symlinks instead of copying resources
[0.575s] -- Found rclcpp: 16.0.19 (/opt/ros/humble/share/rclcpp/cmake)
[0.685s] -- Found rosidl_generator_c: 3.1.8 (/opt/ros/humble/share/rosidl_generator_c/cmake)
[0.695s] -- Found rosidl_adapter: 3.1.8 (/opt/ros/humble/share/rosidl_adapter/cmake)
[0.714s] -- Found rosidl_generator_cpp: 3.1.8 (/opt/ros/humble/share/rosidl_generator_cpp/cmake)
[0.750s] -- Using all available rosidl_typesupport_c: rosidl_typesupport_fastrtps_c;rosidl_typesupport_introspection_c
[0.794s] -- Using all available rosidl_typesupport_cpp: rosidl_typesupport_fastrtps_cpp;rosidl_typesupport_introspection_cpp
[0.921s] -- Found rmw_implementation_cmake: 6.1.2 (/opt/ros/humble/share/rmw_implementation_cmake/cmake)
[0.925s] -- Found rmw_fastrtps_cpp: 6.2.10 (/opt/ros/humble/share/rmw_fastrtps_cpp/cmake)
[1.150s] -- Using RMW implementation 'rmw_fastrtps_cpp' as default
[1.259s] -- Found geometry_msgs: 4.9.1 (/opt/ros/humble/share/geometry_msgs/cmake)
[1.292s] -- Found moveit_ros_planning_interface: 2.5.9 (/opt/ros/humble/share/moveit_ros_planning_interface/cmake)
[1.332s] -- Found Boost: /usr/lib/x86_64-linux-gnu/cmake/Boost-1.74.0/BoostConfig.cmake (found version "1.74.0") found components: date_time filesystem program_options system thread 
[1.985s] -- Found Boost: /usr/lib/x86_64-linux-gnu/cmake/Boost-1.74.0/BoostConfig.cmake (found version "1.74.0") found components: chrono date_time filesystem iostreams program_options regex serialization system thread 
[2.059s] -- Found parameter_traits: 0.7.1 (/opt/ros/humble/share/parameter_traits/cmake)
[2.084s] -- Found rclcpp_lifecycle: 16.0.19 (/opt/ros/humble/share/rclcpp_lifecycle/cmake)
[2.142s] -- Found Boost: /usr/lib/x86_64-linux-gnu/cmake/Boost-1.74.0/BoostConfig.cmake (found version "1.74.0") found components: filesystem 
[2.198s] -- library: /usr/lib/x86_64-linux-gnu/libcurl.so
[2.250s] -- Ensuring Eigen3 include directory is part of orocos-kdl CMake target
[2.462s] -- Found Boost: /usr/lib/x86_64-linux-gnu/cmake/Boost-1.74.0/BoostConfig.cmake (found version "1.74.0") found components: system filesystem date_time program_options thread chrono 
[2.509s] -- Found Boost: /usr/lib/x86_64-linux-gnu/cmake/Boost-1.74.0/BoostConfig.cmake (found version "1.74.0") found components: thread system filesystem regex date_time program_options 
[2.545s] -- Found Boost: /usr/lib/x86_64-linux-gnu/cmake/Boost-1.74.0/BoostConfig.cmake (found version "1.74.0") found components: system filesystem date_time program_options thread 
[2.752s] -- Configuring done
[2.832s] -- Generating done
[2.853s] -- Build files have been written to: /home/msd/MSD2/REV4/build/robot_commander
[2.930s] [35m[1mConsolidate compiler generated dependencies of target commander[0m
[2.984s] [ 50%] [32mBuilding CXX object CMakeFiles/commander.dir/src/commander.cpp.o[0m
[50.168s] [100%] [32m[1mLinking CXX executable commander[0m
[54.697s] [100%] Built target commander
[54.727s] Invoked command in '/home/msd/MSD2/REV4/build/robot_commander' returned '0': CMAKE_PREFIX_PATH=${CMAKE_PREFIX_PATH}:/home/msd/MSD2/REV4/install/spotarm_gamepad:/home/msd/MSD2/REV4/install/spotarm_assembly_description:/home/msd/MSD2/REV4/install/robot_status_leds:/opt/ros/humble /usr/bin/cmake --build /home/msd/MSD2/REV4/build/robot_commander -- -j8 -l8
[54.750s] Invoking command in '/home/msd/MSD2/REV4/build/robot_commander': CMAKE_PREFIX_PATH=${CMAKE_PREFIX_PATH}:/home/msd/MSD2/REV4/install/spotarm_gamepad:/home/msd/MSD2/REV4/install/spotarm_assembly_description:/home/msd/MSD2/REV4/install/robot_status_leds:/opt/ros/humble /usr/bin/cmake --install /home/msd/MSD2/REV4/build/robot_commander
[54.767s] -- Install configuration: ""
[54.768s] -- Execute custom install script
[54.769s] -- Up-to-date symlink: /home/msd/MSD2/REV4/install/robot_commander/lib/robot_commander/commander
[54.771s] -- Up-to-date symlink: /home/msd/MSD2/REV4/install/robot_commander/share/robot_commander/launch/commander.launch.py
[54.771s] -- Up-to-date symlink: /home/msd/MSD2/REV4/install/robot_commander/share/ament_index/resource_index/package_run_dependencies/robot_commander
[54.772s] -- Up-to-date symlink: /home/msd/MSD2/REV4/install/robot_commander/share/ament_index/resource_index/parent_prefix_path/robot_commander
[54.772s] -- Up-to-date symlink: /home/msd/MSD2/REV4/install/robot_commander/share/robot_commander/environment/ament_prefix_path.sh
[54.773s] -- Up-to-date symlink: /home/msd/MSD2/REV4/install/robot_commander/share/robot_commander/environment/ament_prefix_path.dsv
[54.773s] -- Up-to-date symlink: /home/msd/MSD2/REV4/install/robot_commander/share/robot_commander/environment/path.sh
[54.773s] -- Up-to-date symlink: /home/msd/MSD2/REV4/install/robot_commander/share/robot_commander/environment/path.dsv
[54.774s] -- Up-to-date symlink: /home/msd/MSD2/REV4/install/robot_commander/share/robot_commander/local_setup.bash
[54.774s] -- Up-to-date symlink: /home/msd/MSD2/REV4/install/robot_commander/share/robot_commander/local_setup.sh
[54.774s] -- Up-to-date symlink: /home/msd/MSD2/REV4/install/robot_commander/share/robot_commander/local_setup.zsh
[54.775s] -- Up-to-date symlink: /home/msd/MSD2/REV4/install/robot_commander/share/robot_commander/local_setup.dsv
[54.775s] -- Symlinking: /home/msd/MSD2/REV4/install/robot_commander/share/robot_commander/package.dsv
[54.792s] -- Up-to-date symlink: /home/msd/MSD2/REV4/install/robot_commander/share/ament_index/resource_index/packages/robot_commander
[54.792s] -- Up-to-date symlink: /home/msd/MSD2/REV4/install/robot_commander/share/robot_commander/cmake/robot_commanderConfig.cmake
[54.793s] -- Up-to-date symlink: /home/msd/MSD2/REV4/install/robot_commander/share/robot_commander/cmake/robot_commanderConfig-version.cmake
[54.793s] -- Up-to-date symlink: /home/msd/MSD2/REV4/install/robot_commander/share/robot_commander/package.xml
[54.797s] Invoked command in '/home/msd/MSD2/REV4/build/robot_commander' returned '0': CMAKE_PREFIX_PATH=${CMAKE_PREFIX_PATH}:/home/msd/MSD2/REV4/install/spotarm_gamepad:/home/msd/MSD2/REV4/install/spotarm_assembly_description:/home/msd/MSD2/REV4/install/robot_status_leds:/opt/ros/humble /usr/bin/cmake --install /home/msd/MSD2/REV4/build/robot_commander
