-- The C compiler identification is GNU 11.4.0
-- The CXX compiler identification is GNU 11.4.0
-- Detecting C compiler ABI info
-- Detecting C compiler ABI info - done
-- Check for working C compiler: /usr/bin/cc - skipped
-- Detecting C compile features
-- Detecting C compile features - done
-- Detecting CXX compiler ABI info
-- Detecting CXX compiler ABI info - done
-- Check for working CXX compiler: /usr/bin/c++ - skipped
-- Detecting CXX compile features
-- Detecting CXX compile features - done
-- Found ament_cmake: 1.3.12 (/opt/ros/humble/share/ament_cmake/cmake)
-- Found Python3: /usr/bin/python3 (found version "3.10.12") found components: Interpreter 
-- Override CMake install command with custom implementation using symlinks instead of copying resources
-- Found ament_lint_auto: 0.12.14 (/opt/ros/humble/share/ament_lint_auto/cmake)
-- Added test 'flake8' to check Python code syntax and style conventions
-- Added test 'lint_cmake' to check CMake code style
-- Added test 'pep257' to check Python code against some of the docstring style conventions in PEP 257
-- Added test 'xmllint' to check XML markup files
-- Configuring done
-- Generating done
-- Build files have been written to: /mnt/c/Users/Oden2/Downloads/MSD-SPOT-robot-Rev-4/build/end_effector
-- Install configuration: ""
-- Execute custom install script
-- Symlinking: /mnt/c/Users/Oden2/Downloads/MSD-SPOT-robot-Rev-4/install/end_effector/lib/end_effector/pwm_output_node.py
-- Symlinking: /mnt/c/Users/Oden2/Downloads/MSD-SPOT-robot-Rev-4/install/end_effector/share/end_effector/README.md
-- Symlinking: /mnt/c/Users/Oden2/Downloads/MSD-SPOT-robot-Rev-4/install/end_effector/share/ament_index/resource_index/package_run_dependencies/end_effector
-- Symlinking: /mnt/c/Users/Oden2/Downloads/MSD-SPOT-robot-Rev-4/install/end_effector/share/ament_index/resource_index/parent_prefix_path/end_effector
-- Symlinking: /mnt/c/Users/Oden2/Downloads/MSD-SPOT-robot-Rev-4/install/end_effector/share/end_effector/environment/ament_prefix_path.sh
-- Symlinking: /mnt/c/Users/Oden2/Downloads/MSD-SPOT-robot-Rev-4/install/end_effector/share/end_effector/environment/ament_prefix_path.dsv
-- Symlinking: /mnt/c/Users/Oden2/Downloads/MSD-SPOT-robot-Rev-4/install/end_effector/share/end_effector/environment/path.sh
-- Symlinking: /mnt/c/Users/Oden2/Downloads/MSD-SPOT-robot-Rev-4/install/end_effector/share/end_effector/environment/path.dsv
-- Symlinking: /mnt/c/Users/Oden2/Downloads/MSD-SPOT-robot-Rev-4/install/end_effector/share/end_effector/local_setup.bash
-- Symlinking: /mnt/c/Users/Oden2/Downloads/MSD-SPOT-robot-Rev-4/install/end_effector/share/end_effector/local_setup.sh
-- Symlinking: /mnt/c/Users/Oden2/Downloads/MSD-SPOT-robot-Rev-4/install/end_effector/share/end_effector/local_setup.zsh
-- Symlinking: /mnt/c/Users/Oden2/Downloads/MSD-SPOT-robot-Rev-4/install/end_effector/share/end_effector/local_setup.dsv
-- Symlinking: /mnt/c/Users/Oden2/Downloads/MSD-SPOT-robot-Rev-4/install/end_effector/share/end_effector/package.dsv
-- Symlinking: /mnt/c/Users/Oden2/Downloads/MSD-SPOT-robot-Rev-4/install/end_effector/share/ament_index/resource_index/packages/end_effector
-- Symlinking: /mnt/c/Users/Oden2/Downloads/MSD-SPOT-robot-Rev-4/install/end_effector/share/end_effector/cmake/end_effectorConfig.cmake
-- Symlinking: /mnt/c/Users/Oden2/Downloads/MSD-SPOT-robot-Rev-4/install/end_effector/share/end_effector/cmake/end_effectorConfig-version.cmake
-- Symlinking: /mnt/c/Users/Oden2/Downloads/MSD-SPOT-robot-Rev-4/install/end_effector/share/end_effector/package.xml
