[1.908s] Invoking command in '/home/msd/MSD2/REV4/build/spotarm_gamepad': PYTHONPATH=/home/msd/MSD2/REV4/build/spotarm_gamepad/prefix_override:/usr/lib/python3/dist-packages/colcon_core/task/python/colcon_distutils_commands:/home/msd/MSD2/REV4/install/spotarm_gamepad/lib/python3.10/site-packages:${PYTHONPATH} /usr/bin/python3 -W ignore:setup.py install is deprecated -W ignore:easy_install command is deprecated setup.py develop --uninstall --editable --build-directory /home/msd/MSD2/REV4/build/spotarm_gamepad/build
[2.490s] running develop
[2.911s] Removing /home/msd/MSD2/REV4/install/spotarm_gamepad/lib/python3.10/site-packages/spotarm-gamepad.egg-link (link to .)
[2.996s] Invoked command in '/home/msd/MSD2/REV4/build/spotarm_gamepad' returned '0': PYTHONPATH=/home/msd/MSD2/REV4/build/spotarm_gamepad/prefix_override:/usr/lib/python3/dist-packages/colcon_core/task/python/colcon_distutils_commands:/home/msd/MSD2/REV4/install/spotarm_gamepad/lib/python3.10/site-packages:${PYTHONPATH} /usr/bin/python3 -W ignore:setup.py install is deprecated -W ignore:easy_install command is deprecated setup.py develop --uninstall --editable --build-directory /home/msd/MSD2/REV4/build/spotarm_gamepad/build
[2.999s] Invoking command in '/home/msd/MSD2/REV4/src/spotarm_gamepad': PYTHONPATH=/home/msd/MSD2/REV4/build/spotarm_gamepad/prefix_override:/usr/lib/python3/dist-packages/colcon_core/task/python/colcon_distutils_commands:/home/msd/MSD2/REV4/install/spotarm_gamepad/lib/python3.10/site-packages:${PYTHONPATH} /usr/bin/python3 -W ignore:setup.py install is deprecated -W ignore:easy_install command is deprecated setup.py egg_info --egg-base ../../build/spotarm_gamepad build --build-base /home/msd/MSD2/REV4/build/spotarm_gamepad/build install --record /home/msd/MSD2/REV4/build/spotarm_gamepad/install.log --single-version-externally-managed install_data --force
[3.290s] running egg_info
[3.291s] writing ../../build/spotarm_gamepad/spotarm_gamepad.egg-info/PKG-INFO
[3.292s] writing dependency_links to ../../build/spotarm_gamepad/spotarm_gamepad.egg-info/dependency_links.txt
[3.292s] writing entry points to ../../build/spotarm_gamepad/spotarm_gamepad.egg-info/entry_points.txt
[3.292s] writing requirements to ../../build/spotarm_gamepad/spotarm_gamepad.egg-info/requires.txt
[3.292s] writing top-level names to ../../build/spotarm_gamepad/spotarm_gamepad.egg-info/top_level.txt
[3.294s] reading manifest file '../../build/spotarm_gamepad/spotarm_gamepad.egg-info/SOURCES.txt'
[3.295s] writing manifest file '../../build/spotarm_gamepad/spotarm_gamepad.egg-info/SOURCES.txt'
[3.295s] running build
[3.296s] running build_py
[3.296s] creating /home/msd/MSD2/REV4/build/spotarm_gamepad/build
[3.296s] creating /home/msd/MSD2/REV4/build/spotarm_gamepad/build/lib
[3.296s] creating /home/msd/MSD2/REV4/build/spotarm_gamepad/build/lib/spotarm_gamepad
[3.296s] copying spotarm_gamepad/__init__.py -> /home/msd/MSD2/REV4/build/spotarm_gamepad/build/lib/spotarm_gamepad
[3.296s] copying spotarm_gamepad/gamepad_node.py -> /home/msd/MSD2/REV4/build/spotarm_gamepad/build/lib/spotarm_gamepad
[3.296s] running install
[3.297s] running install_lib
[3.298s] creating /home/msd/MSD2/REV4/install/spotarm_gamepad/lib/python3.10/site-packages/spotarm_gamepad
[3.298s] copying /home/msd/MSD2/REV4/build/spotarm_gamepad/build/lib/spotarm_gamepad/__init__.py -> /home/msd/MSD2/REV4/install/spotarm_gamepad/lib/python3.10/site-packages/spotarm_gamepad
[3.298s] copying /home/msd/MSD2/REV4/build/spotarm_gamepad/build/lib/spotarm_gamepad/gamepad_node.py -> /home/msd/MSD2/REV4/install/spotarm_gamepad/lib/python3.10/site-packages/spotarm_gamepad
[3.298s] byte-compiling /home/msd/MSD2/REV4/install/spotarm_gamepad/lib/python3.10/site-packages/spotarm_gamepad/__init__.py to __init__.cpython-310.pyc
[3.299s] byte-compiling /home/msd/MSD2/REV4/install/spotarm_gamepad/lib/python3.10/site-packages/spotarm_gamepad/gamepad_node.py to gamepad_node.cpython-310.pyc
[3.300s] running install_data
[3.300s] copying resource/spotarm_gamepad -> /home/msd/MSD2/REV4/install/spotarm_gamepad/share/ament_index/resource_index/packages
[3.300s] copying package.xml -> /home/msd/MSD2/REV4/install/spotarm_gamepad/share/spotarm_gamepad
[3.300s] running install_egg_info
[3.303s] Copying ../../build/spotarm_gamepad/spotarm_gamepad.egg-info to /home/msd/MSD2/REV4/install/spotarm_gamepad/lib/python3.10/site-packages/spotarm_gamepad-0.0.1-py3.10.egg-info
[3.304s] running install_scripts
[3.336s] Installing gamepad script to /home/msd/MSD2/REV4/install/spotarm_gamepad/lib/spotarm_gamepad
[3.336s] writing list of installed files to '/home/msd/MSD2/REV4/build/spotarm_gamepad/install.log'
[3.400s] Invoked command in '/home/msd/MSD2/REV4/src/spotarm_gamepad' returned '0': PYTHONPATH=/home/msd/MSD2/REV4/build/spotarm_gamepad/prefix_override:/usr/lib/python3/dist-packages/colcon_core/task/python/colcon_distutils_commands:/home/msd/MSD2/REV4/install/spotarm_gamepad/lib/python3.10/site-packages:${PYTHONPATH} /usr/bin/python3 -W ignore:setup.py install is deprecated -W ignore:easy_install command is deprecated setup.py egg_info --egg-base ../../build/spotarm_gamepad build --build-base /home/msd/MSD2/REV4/build/spotarm_gamepad/build install --record /home/msd/MSD2/REV4/build/spotarm_gamepad/install.log --single-version-externally-managed install_data --force
