running develop
running egg_info
creating spotarm_gamepad.egg-info
writing spotarm_gamepad.egg-info/PKG-INFO
writing dependency_links to spotarm_gamepad.egg-info/dependency_links.txt
writing entry points to spotarm_gamepad.egg-info/entry_points.txt
writing requirements to spotarm_gamepad.egg-info/requires.txt
writing top-level names to spotarm_gamepad.egg-info/top_level.txt
writing manifest file 'spotarm_gamepad.egg-info/SOURCES.txt'
reading manifest file 'spotarm_gamepad.egg-info/SOURCES.txt'
writing manifest file 'spotarm_gamepad.egg-info/SOURCES.txt'
running build_ext
Creating /mnt/c/Users/Oden2/Downloads/MSD-SPOT-robot-Rev-4/install/spotarm_gamepad/lib/python3.10/site-packages/spotarm-gamepad.egg-link (link to .)
Installing gamepad script to /mnt/c/Users/Oden2/Downloads/MSD-SPOT-robot-Rev-4/install/spotarm_gamepad/lib/spotarm_gamepad

Installed /mnt/c/Users/Oden2/Downloads/MSD-SPOT-robot-Rev-4/build/spotarm_gamepad
running symlink_data
creating /mnt/c/Users/Oden2/Downloads/MSD-SPOT-robot-Rev-4/install/spotarm_gamepad/share
creating /mnt/c/Users/Oden2/Downloads/MSD-SPOT-robot-Rev-4/install/spotarm_gamepad/share/ament_index
creating /mnt/c/Users/Oden2/Downloads/MSD-SPOT-robot-Rev-4/install/spotarm_gamepad/share/ament_index/resource_index
creating /mnt/c/Users/Oden2/Downloads/MSD-SPOT-robot-Rev-4/install/spotarm_gamepad/share/ament_index/resource_index/packages
symbolically linking /mnt/c/Users/Oden2/Downloads/MSD-SPOT-robot-Rev-4/build/spotarm_gamepad/resource/spotarm_gamepad -> /mnt/c/Users/Oden2/Downloads/MSD-SPOT-robot-Rev-4/install/spotarm_gamepad/share/ament_index/resource_index/packages
creating /mnt/c/Users/Oden2/Downloads/MSD-SPOT-robot-Rev-4/install/spotarm_gamepad/share/spotarm_gamepad
symbolically linking /mnt/c/Users/Oden2/Downloads/MSD-SPOT-robot-Rev-4/build/spotarm_gamepad/package.xml -> /mnt/c/Users/Oden2/Downloads/MSD-SPOT-robot-Rev-4/install/spotarm_gamepad/share/spotarm_gamepad
creating /mnt/c/Users/Oden2/Downloads/MSD-SPOT-robot-Rev-4/install/spotarm_gamepad/share/spotarm_gamepad/launch
symbolically linking /mnt/c/Users/Oden2/Downloads/MSD-SPOT-robot-Rev-4/build/spotarm_gamepad/launch/gamepad.launch.py -> /mnt/c/Users/Oden2/Downloads/MSD-SPOT-robot-Rev-4/install/spotarm_gamepad/share/spotarm_gamepad/launch
