-- The C compiler identification is GNU 11.4.0
-- The CXX compiler identification is GNU 11.4.0
-- Detecting C compiler ABI info
-- Detecting C compiler ABI info - done
-- Check for working C compiler: /usr/bin/cc - skipped
-- Detecting C compile features
-- Detecting C compile features - done
-- Detecting CXX compiler ABI info
-- Detecting CXX compiler ABI info - done
-- Check for working CXX compiler: /usr/bin/c++ - skipped
-- Detecting CXX compile features
-- Detecting CXX compile features - done
-- Found ament_cmake: 1.3.12 (/opt/ros/humble/share/ament_cmake/cmake)
-- Found Python3: /usr/bin/python3 (found version "3.10.12") found components: Interpreter 
-- Override CMake install command with custom implementation using symlinks instead of copying resources
-- Configuring done
-- Generating done
-- Build files have been written to: /mnt/c/Users/Oden2/Downloads/MSD-SPOT-robot-Rev-4/build/robot_moveit_config
-- Install configuration: ""
-- Execute custom install script
-- Symlinking: /mnt/c/Users/Oden2/Downloads/MSD-SPOT-robot-Rev-4/install/robot_moveit_config/share/ament_index/resource_index/package_run_dependencies/robot_moveit_config
-- Symlinking: /mnt/c/Users/Oden2/Downloads/MSD-SPOT-robot-Rev-4/install/robot_moveit_config/share/ament_index/resource_index/parent_prefix_path/robot_moveit_config
-- Symlinking: /mnt/c/Users/Oden2/Downloads/MSD-SPOT-robot-Rev-4/install/robot_moveit_config/share/robot_moveit_config/environment/ament_prefix_path.sh
-- Symlinking: /mnt/c/Users/Oden2/Downloads/MSD-SPOT-robot-Rev-4/install/robot_moveit_config/share/robot_moveit_config/environment/ament_prefix_path.dsv
-- Symlinking: /mnt/c/Users/Oden2/Downloads/MSD-SPOT-robot-Rev-4/install/robot_moveit_config/share/robot_moveit_config/environment/path.sh
-- Symlinking: /mnt/c/Users/Oden2/Downloads/MSD-SPOT-robot-Rev-4/install/robot_moveit_config/share/robot_moveit_config/environment/path.dsv
-- Symlinking: /mnt/c/Users/Oden2/Downloads/MSD-SPOT-robot-Rev-4/install/robot_moveit_config/share/robot_moveit_config/local_setup.bash
-- Symlinking: /mnt/c/Users/Oden2/Downloads/MSD-SPOT-robot-Rev-4/install/robot_moveit_config/share/robot_moveit_config/local_setup.sh
-- Symlinking: /mnt/c/Users/Oden2/Downloads/MSD-SPOT-robot-Rev-4/install/robot_moveit_config/share/robot_moveit_config/local_setup.zsh
-- Symlinking: /mnt/c/Users/Oden2/Downloads/MSD-SPOT-robot-Rev-4/install/robot_moveit_config/share/robot_moveit_config/local_setup.dsv
-- Symlinking: /mnt/c/Users/Oden2/Downloads/MSD-SPOT-robot-Rev-4/install/robot_moveit_config/share/robot_moveit_config/package.dsv
-- Symlinking: /mnt/c/Users/Oden2/Downloads/MSD-SPOT-robot-Rev-4/install/robot_moveit_config/share/ament_index/resource_index/packages/robot_moveit_config
-- Symlinking: /mnt/c/Users/Oden2/Downloads/MSD-SPOT-robot-Rev-4/install/robot_moveit_config/share/robot_moveit_config/cmake/robot_moveit_configConfig.cmake
-- Symlinking: /mnt/c/Users/Oden2/Downloads/MSD-SPOT-robot-Rev-4/install/robot_moveit_config/share/robot_moveit_config/cmake/robot_moveit_configConfig-version.cmake
-- Symlinking: /mnt/c/Users/Oden2/Downloads/MSD-SPOT-robot-Rev-4/install/robot_moveit_config/share/robot_moveit_config/package.xml
-- Symlinking: /mnt/c/Users/Oden2/Downloads/MSD-SPOT-robot-Rev-4/install/robot_moveit_config/share/robot_moveit_config/launch/__pycache__/hardware.launch.cpython-310.pyc
-- Symlinking: /mnt/c/Users/Oden2/Downloads/MSD-SPOT-robot-Rev-4/install/robot_moveit_config/share/robot_moveit_config/launch/demo.launch.py
-- Symlinking: /mnt/c/Users/Oden2/Downloads/MSD-SPOT-robot-Rev-4/install/robot_moveit_config/share/robot_moveit_config/launch/hardware.launch.py
-- Symlinking: /mnt/c/Users/Oden2/Downloads/MSD-SPOT-robot-Rev-4/install/robot_moveit_config/share/robot_moveit_config/launch/move_group.launch.py
-- Symlinking: /mnt/c/Users/Oden2/Downloads/MSD-SPOT-robot-Rev-4/install/robot_moveit_config/share/robot_moveit_config/launch/moveit_rviz.launch.py
-- Symlinking: /mnt/c/Users/Oden2/Downloads/MSD-SPOT-robot-Rev-4/install/robot_moveit_config/share/robot_moveit_config/launch/rsp.launch.py
-- Symlinking: /mnt/c/Users/Oden2/Downloads/MSD-SPOT-robot-Rev-4/install/robot_moveit_config/share/robot_moveit_config/launch/setup_assistant.launch.py
-- Symlinking: /mnt/c/Users/Oden2/Downloads/MSD-SPOT-robot-Rev-4/install/robot_moveit_config/share/robot_moveit_config/launch/spawn_controllers.launch.py
-- Symlinking: /mnt/c/Users/Oden2/Downloads/MSD-SPOT-robot-Rev-4/install/robot_moveit_config/share/robot_moveit_config/launch/static_virtual_joint_tfs.launch.py
-- Symlinking: /mnt/c/Users/Oden2/Downloads/MSD-SPOT-robot-Rev-4/install/robot_moveit_config/share/robot_moveit_config/launch/warehouse_db.launch.py
-- Symlinking: /mnt/c/Users/Oden2/Downloads/MSD-SPOT-robot-Rev-4/install/robot_moveit_config/share/robot_moveit_config/config/arm_controller_params.yaml
-- Symlinking: /mnt/c/Users/Oden2/Downloads/MSD-SPOT-robot-Rev-4/install/robot_moveit_config/share/robot_moveit_config/config/initial_positions.yaml
-- Symlinking: /mnt/c/Users/Oden2/Downloads/MSD-SPOT-robot-Rev-4/install/robot_moveit_config/share/robot_moveit_config/config/joint_limits.yaml
-- Symlinking: /mnt/c/Users/Oden2/Downloads/MSD-SPOT-robot-Rev-4/install/robot_moveit_config/share/robot_moveit_config/config/kinematics.yaml
-- Symlinking: /mnt/c/Users/Oden2/Downloads/MSD-SPOT-robot-Rev-4/install/robot_moveit_config/share/robot_moveit_config/config/moveit.rviz
-- Symlinking: /mnt/c/Users/Oden2/Downloads/MSD-SPOT-robot-Rev-4/install/robot_moveit_config/share/robot_moveit_config/config/moveit_controllers.yaml
-- Symlinking: /mnt/c/Users/Oden2/Downloads/MSD-SPOT-robot-Rev-4/install/robot_moveit_config/share/robot_moveit_config/config/pilz_cartesian_limits.yaml
-- Symlinking: /mnt/c/Users/Oden2/Downloads/MSD-SPOT-robot-Rev-4/install/robot_moveit_config/share/robot_moveit_config/config/ros2_controllers.yaml
-- Symlinking: /mnt/c/Users/Oden2/Downloads/MSD-SPOT-robot-Rev-4/install/robot_moveit_config/share/robot_moveit_config/config/ros2_controllers_hardware.yaml
-- Symlinking: /mnt/c/Users/Oden2/Downloads/MSD-SPOT-robot-Rev-4/install/robot_moveit_config/share/robot_moveit_config/config/sensors_3d.yaml
-- Symlinking: /mnt/c/Users/Oden2/Downloads/MSD-SPOT-robot-Rev-4/install/robot_moveit_config/share/robot_moveit_config/config/spotarm_assembly.hardware.urdf.xacro
-- Symlinking: /mnt/c/Users/Oden2/Downloads/MSD-SPOT-robot-Rev-4/install/robot_moveit_config/share/robot_moveit_config/config/spotarm_assembly.ros2_control.xacro
-- Symlinking: /mnt/c/Users/Oden2/Downloads/MSD-SPOT-robot-Rev-4/install/robot_moveit_config/share/robot_moveit_config/config/spotarm_assembly.srdf
-- Symlinking: /mnt/c/Users/Oden2/Downloads/MSD-SPOT-robot-Rev-4/install/robot_moveit_config/share/robot_moveit_config/config/spotarm_assembly.urdf.xacro
-- Symlinking: /mnt/c/Users/Oden2/Downloads/MSD-SPOT-robot-Rev-4/install/robot_moveit_config/share/robot_moveit_config/.setup_assistant
