[1.262s] Invoking command in '/mnt/c/Users/Oden2/Downloads/MSD-SPOT-robot-Rev-4/build/robot_moveit_config': AMENT_PREFIX_PATH=/mnt/c/Users/Oden2/Downloads/MSD-SPOT-robot-Rev-4/install/spotarm_assembly_description:${AMENT_PREFIX_PATH} CMAKE_PREFIX_PATH=${CMAKE_PREFIX_PATH}:/opt/ros/humble PYTHONPATH=/mnt/c/Users/Oden2/Downloads/MSD-SPOT-robot-Rev-4/build/spotarm_assembly_description:/mnt/c/Users/Oden2/Downloads/MSD-SPOT-robot-Rev-4/install/spotarm_assembly_description/lib/python3.10/site-packages:${PYTHONPATH} /usr/bin/cmake /mnt/c/Users/Oden2/Downloads/MSD-SPOT-robot-Rev-4/src/robot_moveit_config -DAMENT_CMAKE_SYMLINK_INSTALL=1 -DCMAKE_INSTALL_PREFIX=/mnt/c/Users/Oden2/Downloads/MSD-SPOT-robot-Rev-4/install/robot_moveit_config
[2.732s] -- The C compiler identification is GNU 11.4.0
[5.735s] -- The CXX compiler identification is GNU 11.4.0
[7.517s] -- Detecting C compiler ABI info
[9.722s] -- Detecting C compiler ABI info - done
[9.791s] -- Check for working C compiler: /usr/bin/cc - skipped
[9.794s] -- Detecting C compile features
[9.797s] -- Detecting C compile features - done
[9.964s] -- Detecting CXX compiler ABI info
[12.303s] -- Detecting CXX compiler ABI info - done
[12.361s] -- Check for working CXX compiler: /usr/bin/c++ - skipped
[12.363s] -- Detecting CXX compile features
[12.366s] -- Detecting CXX compile features - done
[12.767s] -- Found ament_cmake: 1.3.12 (/opt/ros/humble/share/ament_cmake/cmake)
[15.430s] -- Found Python3: /usr/bin/python3 (found version "3.10.12") found components: Interpreter 
[16.464s] -- Override CMake install command with custom implementation using symlinks instead of copying resources
[23.373s] -- Configuring done
[24.182s] -- Generating done
[24.678s] -- Build files have been written to: /mnt/c/Users/Oden2/Downloads/MSD-SPOT-robot-Rev-4/build/robot_moveit_config
[24.685s] Invoked command in '/mnt/c/Users/Oden2/Downloads/MSD-SPOT-robot-Rev-4/build/robot_moveit_config' returned '0': AMENT_PREFIX_PATH=/mnt/c/Users/Oden2/Downloads/MSD-SPOT-robot-Rev-4/install/spotarm_assembly_description:${AMENT_PREFIX_PATH} CMAKE_PREFIX_PATH=${CMAKE_PREFIX_PATH}:/opt/ros/humble PYTHONPATH=/mnt/c/Users/Oden2/Downloads/MSD-SPOT-robot-Rev-4/build/spotarm_assembly_description:/mnt/c/Users/Oden2/Downloads/MSD-SPOT-robot-Rev-4/install/spotarm_assembly_description/lib/python3.10/site-packages:${PYTHONPATH} /usr/bin/cmake /mnt/c/Users/Oden2/Downloads/MSD-SPOT-robot-Rev-4/src/robot_moveit_config -DAMENT_CMAKE_SYMLINK_INSTALL=1 -DCMAKE_INSTALL_PREFIX=/mnt/c/Users/Oden2/Downloads/MSD-SPOT-robot-Rev-4/install/robot_moveit_config
[24.703s] Invoking command in '/mnt/c/Users/Oden2/Downloads/MSD-SPOT-robot-Rev-4/build/robot_moveit_config': AMENT_PREFIX_PATH=/mnt/c/Users/Oden2/Downloads/MSD-SPOT-robot-Rev-4/install/spotarm_assembly_description:${AMENT_PREFIX_PATH} CMAKE_PREFIX_PATH=${CMAKE_PREFIX_PATH}:/opt/ros/humble PYTHONPATH=/mnt/c/Users/Oden2/Downloads/MSD-SPOT-robot-Rev-4/build/spotarm_assembly_description:/mnt/c/Users/Oden2/Downloads/MSD-SPOT-robot-Rev-4/install/spotarm_assembly_description/lib/python3.10/site-packages:${PYTHONPATH} /usr/bin/cmake --build /mnt/c/Users/Oden2/Downloads/MSD-SPOT-robot-Rev-4/build/robot_moveit_config -- -j16 -l16
[25.675s] Invoked command in '/mnt/c/Users/Oden2/Downloads/MSD-SPOT-robot-Rev-4/build/robot_moveit_config' returned '0': AMENT_PREFIX_PATH=/mnt/c/Users/Oden2/Downloads/MSD-SPOT-robot-Rev-4/install/spotarm_assembly_description:${AMENT_PREFIX_PATH} CMAKE_PREFIX_PATH=${CMAKE_PREFIX_PATH}:/opt/ros/humble PYTHONPATH=/mnt/c/Users/Oden2/Downloads/MSD-SPOT-robot-Rev-4/build/spotarm_assembly_description:/mnt/c/Users/Oden2/Downloads/MSD-SPOT-robot-Rev-4/install/spotarm_assembly_description/lib/python3.10/site-packages:${PYTHONPATH} /usr/bin/cmake --build /mnt/c/Users/Oden2/Downloads/MSD-SPOT-robot-Rev-4/build/robot_moveit_config -- -j16 -l16
[25.728s] Invoking command in '/mnt/c/Users/Oden2/Downloads/MSD-SPOT-robot-Rev-4/build/robot_moveit_config': AMENT_PREFIX_PATH=/mnt/c/Users/Oden2/Downloads/MSD-SPOT-robot-Rev-4/install/spotarm_assembly_description:${AMENT_PREFIX_PATH} CMAKE_PREFIX_PATH=${CMAKE_PREFIX_PATH}:/opt/ros/humble PYTHONPATH=/mnt/c/Users/Oden2/Downloads/MSD-SPOT-robot-Rev-4/build/spotarm_assembly_description:/mnt/c/Users/Oden2/Downloads/MSD-SPOT-robot-Rev-4/install/spotarm_assembly_description/lib/python3.10/site-packages:${PYTHONPATH} /usr/bin/cmake --install /mnt/c/Users/Oden2/Downloads/MSD-SPOT-robot-Rev-4/build/robot_moveit_config
[25.902s] -- Install configuration: ""
[25.927s] -- Execute custom install script
[25.992s] -- Symlinking: /mnt/c/Users/Oden2/Downloads/MSD-SPOT-robot-Rev-4/install/robot_moveit_config/share/ament_index/resource_index/package_run_dependencies/robot_moveit_config
[26.334s] -- Symlinking: /mnt/c/Users/Oden2/Downloads/MSD-SPOT-robot-Rev-4/install/robot_moveit_config/share/ament_index/resource_index/parent_prefix_path/robot_moveit_config
[26.621s] -- Symlinking: /mnt/c/Users/Oden2/Downloads/MSD-SPOT-robot-Rev-4/install/robot_moveit_config/share/robot_moveit_config/environment/ament_prefix_path.sh
[26.881s] -- Symlinking: /mnt/c/Users/Oden2/Downloads/MSD-SPOT-robot-Rev-4/install/robot_moveit_config/share/robot_moveit_config/environment/ament_prefix_path.dsv
[27.060s] -- Symlinking: /mnt/c/Users/Oden2/Downloads/MSD-SPOT-robot-Rev-4/install/robot_moveit_config/share/robot_moveit_config/environment/path.sh
[27.435s] -- Symlinking: /mnt/c/Users/Oden2/Downloads/MSD-SPOT-robot-Rev-4/install/robot_moveit_config/share/robot_moveit_config/environment/path.dsv
[27.865s] -- Symlinking: /mnt/c/Users/Oden2/Downloads/MSD-SPOT-robot-Rev-4/install/robot_moveit_config/share/robot_moveit_config/local_setup.bash
[28.210s] -- Symlinking: /mnt/c/Users/Oden2/Downloads/MSD-SPOT-robot-Rev-4/install/robot_moveit_config/share/robot_moveit_config/local_setup.sh
[28.402s] -- Symlinking: /mnt/c/Users/Oden2/Downloads/MSD-SPOT-robot-Rev-4/install/robot_moveit_config/share/robot_moveit_config/local_setup.zsh
[28.635s] -- Symlinking: /mnt/c/Users/Oden2/Downloads/MSD-SPOT-robot-Rev-4/install/robot_moveit_config/share/robot_moveit_config/local_setup.dsv
[28.989s] -- Symlinking: /mnt/c/Users/Oden2/Downloads/MSD-SPOT-robot-Rev-4/install/robot_moveit_config/share/robot_moveit_config/package.dsv
[29.471s] -- Symlinking: /mnt/c/Users/Oden2/Downloads/MSD-SPOT-robot-Rev-4/install/robot_moveit_config/share/ament_index/resource_index/packages/robot_moveit_config
[29.646s] -- Symlinking: /mnt/c/Users/Oden2/Downloads/MSD-SPOT-robot-Rev-4/install/robot_moveit_config/share/robot_moveit_config/cmake/robot_moveit_configConfig.cmake
[29.792s] -- Symlinking: /mnt/c/Users/Oden2/Downloads/MSD-SPOT-robot-Rev-4/install/robot_moveit_config/share/robot_moveit_config/cmake/robot_moveit_configConfig-version.cmake
[29.942s] -- Symlinking: /mnt/c/Users/Oden2/Downloads/MSD-SPOT-robot-Rev-4/install/robot_moveit_config/share/robot_moveit_config/package.xml
[30.413s] -- Symlinking: /mnt/c/Users/Oden2/Downloads/MSD-SPOT-robot-Rev-4/install/robot_moveit_config/share/robot_moveit_config/launch/__pycache__/hardware.launch.cpython-310.pyc
[30.653s] -- Symlinking: /mnt/c/Users/Oden2/Downloads/MSD-SPOT-robot-Rev-4/install/robot_moveit_config/share/robot_moveit_config/launch/demo.launch.py
[30.906s] -- Symlinking: /mnt/c/Users/Oden2/Downloads/MSD-SPOT-robot-Rev-4/install/robot_moveit_config/share/robot_moveit_config/launch/hardware.launch.py
[31.158s] -- Symlinking: /mnt/c/Users/Oden2/Downloads/MSD-SPOT-robot-Rev-4/install/robot_moveit_config/share/robot_moveit_config/launch/move_group.launch.py
[31.363s] -- Symlinking: /mnt/c/Users/Oden2/Downloads/MSD-SPOT-robot-Rev-4/install/robot_moveit_config/share/robot_moveit_config/launch/moveit_rviz.launch.py
[31.537s] -- Symlinking: /mnt/c/Users/Oden2/Downloads/MSD-SPOT-robot-Rev-4/install/robot_moveit_config/share/robot_moveit_config/launch/rsp.launch.py
[31.752s] -- Symlinking: /mnt/c/Users/Oden2/Downloads/MSD-SPOT-robot-Rev-4/install/robot_moveit_config/share/robot_moveit_config/launch/setup_assistant.launch.py
[31.914s] -- Symlinking: /mnt/c/Users/Oden2/Downloads/MSD-SPOT-robot-Rev-4/install/robot_moveit_config/share/robot_moveit_config/launch/spawn_controllers.launch.py
[32.039s] -- Symlinking: /mnt/c/Users/Oden2/Downloads/MSD-SPOT-robot-Rev-4/install/robot_moveit_config/share/robot_moveit_config/launch/static_virtual_joint_tfs.launch.py
[32.177s] -- Symlinking: /mnt/c/Users/Oden2/Downloads/MSD-SPOT-robot-Rev-4/install/robot_moveit_config/share/robot_moveit_config/launch/warehouse_db.launch.py
[32.490s] -- Symlinking: /mnt/c/Users/Oden2/Downloads/MSD-SPOT-robot-Rev-4/install/robot_moveit_config/share/robot_moveit_config/config/arm_controller_params.yaml
[32.711s] -- Symlinking: /mnt/c/Users/Oden2/Downloads/MSD-SPOT-robot-Rev-4/install/robot_moveit_config/share/robot_moveit_config/config/initial_positions.yaml
[32.970s] -- Symlinking: /mnt/c/Users/Oden2/Downloads/MSD-SPOT-robot-Rev-4/install/robot_moveit_config/share/robot_moveit_config/config/joint_limits.yaml
[33.164s] -- Symlinking: /mnt/c/Users/Oden2/Downloads/MSD-SPOT-robot-Rev-4/install/robot_moveit_config/share/robot_moveit_config/config/kinematics.yaml
[33.367s] -- Symlinking: /mnt/c/Users/Oden2/Downloads/MSD-SPOT-robot-Rev-4/install/robot_moveit_config/share/robot_moveit_config/config/moveit.rviz
[33.538s] -- Symlinking: /mnt/c/Users/Oden2/Downloads/MSD-SPOT-robot-Rev-4/install/robot_moveit_config/share/robot_moveit_config/config/moveit_controllers.yaml
[33.733s] -- Symlinking: /mnt/c/Users/Oden2/Downloads/MSD-SPOT-robot-Rev-4/install/robot_moveit_config/share/robot_moveit_config/config/pilz_cartesian_limits.yaml
[33.866s] -- Symlinking: /mnt/c/Users/Oden2/Downloads/MSD-SPOT-robot-Rev-4/install/robot_moveit_config/share/robot_moveit_config/config/ros2_controllers.yaml
[34.012s] -- Symlinking: /mnt/c/Users/Oden2/Downloads/MSD-SPOT-robot-Rev-4/install/robot_moveit_config/share/robot_moveit_config/config/ros2_controllers_hardware.yaml
[34.124s] -- Symlinking: /mnt/c/Users/Oden2/Downloads/MSD-SPOT-robot-Rev-4/install/robot_moveit_config/share/robot_moveit_config/config/sensors_3d.yaml
[34.276s] -- Symlinking: /mnt/c/Users/Oden2/Downloads/MSD-SPOT-robot-Rev-4/install/robot_moveit_config/share/robot_moveit_config/config/spotarm_assembly.hardware.urdf.xacro
[34.442s] -- Symlinking: /mnt/c/Users/Oden2/Downloads/MSD-SPOT-robot-Rev-4/install/robot_moveit_config/share/robot_moveit_config/config/spotarm_assembly.ros2_control.xacro
[34.609s] -- Symlinking: /mnt/c/Users/Oden2/Downloads/MSD-SPOT-robot-Rev-4/install/robot_moveit_config/share/robot_moveit_config/config/spotarm_assembly.srdf
[34.784s] -- Symlinking: /mnt/c/Users/Oden2/Downloads/MSD-SPOT-robot-Rev-4/install/robot_moveit_config/share/robot_moveit_config/config/spotarm_assembly.urdf.xacro
[34.942s] -- Symlinking: /mnt/c/Users/Oden2/Downloads/MSD-SPOT-robot-Rev-4/install/robot_moveit_config/share/robot_moveit_config/.setup_assistant
[35.217s] Invoked command in '/mnt/c/Users/Oden2/Downloads/MSD-SPOT-robot-Rev-4/build/robot_moveit_config' returned '0': AMENT_PREFIX_PATH=/mnt/c/Users/Oden2/Downloads/MSD-SPOT-robot-Rev-4/install/spotarm_assembly_description:${AMENT_PREFIX_PATH} CMAKE_PREFIX_PATH=${CMAKE_PREFIX_PATH}:/opt/ros/humble PYTHONPATH=/mnt/c/Users/Oden2/Downloads/MSD-SPOT-robot-Rev-4/build/spotarm_assembly_description:/mnt/c/Users/Oden2/Downloads/MSD-SPOT-robot-Rev-4/install/spotarm_assembly_description/lib/python3.10/site-packages:${PYTHONPATH} /usr/bin/cmake --install /mnt/c/Users/Oden2/Downloads/MSD-SPOT-robot-Rev-4/build/robot_moveit_config
