[0.009s] Invoking command in '/home/msd/MSD2/REV4/build/robot_bringup': AMENT_PREFIX_PATH=/home/msd/MSD2/REV4/install/robot_moveit_config:/home/msd/MSD2/REV4/install/spotarm_assembly_description:${AMENT_PREFIX_PATH} CMAKE_PREFIX_PATH=/home/msd/MSD2/REV4/install/robot_moveit_config:/opt/ros/humble PYTHONPATH=/home/msd/MSD2/REV4/install/spotarm_assembly_description/lib/python3.10/site-packages:${PYTHONPATH} /usr/bin/cmake --build /home/msd/MSD2/REV4/build/robot_bringup -- -j8 -l8
[0.050s] Invoked command in '/home/msd/MSD2/REV4/build/robot_bringup' returned '0': AMENT_PREFIX_PATH=/home/msd/MSD2/REV4/install/robot_moveit_config:/home/msd/MSD2/REV4/install/spotarm_assembly_description:${AMENT_PREFIX_PATH} CMAKE_PREFIX_PATH=/home/msd/MSD2/REV4/install/robot_moveit_config:/opt/ros/humble PYTHONPATH=/home/msd/MSD2/REV4/install/spotarm_assembly_description/lib/python3.10/site-packages:${PYTHONPATH} /usr/bin/cmake --build /home/msd/MSD2/REV4/build/robot_bringup -- -j8 -l8
[0.052s] Invoking command in '/home/msd/MSD2/REV4/build/robot_bringup': AMENT_PREFIX_PATH=/home/msd/MSD2/REV4/install/robot_moveit_config:/home/msd/MSD2/REV4/install/spotarm_assembly_description:${AMENT_PREFIX_PATH} CMAKE_PREFIX_PATH=/home/msd/MSD2/REV4/install/robot_moveit_config:/opt/ros/humble PYTHONPATH=/home/msd/MSD2/REV4/install/spotarm_assembly_description/lib/python3.10/site-packages:${PYTHONPATH} /usr/bin/cmake --install /home/msd/MSD2/REV4/build/robot_bringup
[0.059s] -- Install configuration: ""
[0.059s] -- Execute custom install script
[0.060s] -- Up-to-date symlink: /home/msd/MSD2/REV4/install/robot_bringup/share/robot_bringup/launch/robot.launch.py
[0.060s] -- Up-to-date symlink: /home/msd/MSD2/REV4/install/robot_bringup/share/robot_bringup/launch/robot_no_rviz.launch.py
[0.061s] -- Up-to-date symlink: /home/msd/MSD2/REV4/install/robot_bringup/share/robot_bringup/config/robot_moveit.rviz
[0.061s] -- Up-to-date symlink: /home/msd/MSD2/REV4/install/robot_bringup/share/robot_bringup/config/ros2_controllers.yaml
[0.061s] -- Up-to-date symlink: /home/msd/MSD2/REV4/install/robot_bringup/share/ament_index/resource_index/package_run_dependencies/robot_bringup
[0.062s] -- Up-to-date symlink: /home/msd/MSD2/REV4/install/robot_bringup/share/ament_index/resource_index/parent_prefix_path/robot_bringup
[0.062s] -- Up-to-date symlink: /home/msd/MSD2/REV4/install/robot_bringup/share/robot_bringup/environment/ament_prefix_path.sh
[0.062s] -- Up-to-date symlink: /home/msd/MSD2/REV4/install/robot_bringup/share/robot_bringup/environment/ament_prefix_path.dsv
[0.062s] -- Up-to-date symlink: /home/msd/MSD2/REV4/install/robot_bringup/share/robot_bringup/environment/path.sh
[0.062s] -- Up-to-date symlink: /home/msd/MSD2/REV4/install/robot_bringup/share/robot_bringup/environment/path.dsv
[0.063s] -- Up-to-date symlink: /home/msd/MSD2/REV4/install/robot_bringup/share/robot_bringup/local_setup.bash
[0.063s] -- Up-to-date symlink: /home/msd/MSD2/REV4/install/robot_bringup/share/robot_bringup/local_setup.sh
[0.063s] -- Up-to-date symlink: /home/msd/MSD2/REV4/install/robot_bringup/share/robot_bringup/local_setup.zsh
[0.063s] -- Up-to-date symlink: /home/msd/MSD2/REV4/install/robot_bringup/share/robot_bringup/local_setup.dsv
[0.063s] -- Symlinking: /home/msd/MSD2/REV4/install/robot_bringup/share/robot_bringup/package.dsv
[0.072s] -- Up-to-date symlink: /home/msd/MSD2/REV4/install/robot_bringup/share/ament_index/resource_index/packages/robot_bringup
[0.072s] -- Up-to-date symlink: /home/msd/MSD2/REV4/install/robot_bringup/share/robot_bringup/cmake/robot_bringupConfig.cmake
[0.072s] -- Up-to-date symlink: /home/msd/MSD2/REV4/install/robot_bringup/share/robot_bringup/cmake/robot_bringupConfig-version.cmake
[0.072s] -- Up-to-date symlink: /home/msd/MSD2/REV4/install/robot_bringup/share/robot_bringup/package.xml
[0.075s] Invoked command in '/home/msd/MSD2/REV4/build/robot_bringup' returned '0': AMENT_PREFIX_PATH=/home/msd/MSD2/REV4/install/robot_moveit_config:/home/msd/MSD2/REV4/install/spotarm_assembly_description:${AMENT_PREFIX_PATH} CMAKE_PREFIX_PATH=/home/msd/MSD2/REV4/install/robot_moveit_config:/opt/ros/humble PYTHONPATH=/home/msd/MSD2/REV4/install/spotarm_assembly_description/lib/python3.10/site-packages:${PYTHONPATH} /usr/bin/cmake --install /home/msd/MSD2/REV4/build/robot_bringup
