[2.146s] Invoking command in '/home/msd/MSD2/REV4/src/spotarm_assembly_description': PYTHONPATH=/home/msd/MSD2/REV4/build/spotarm_assembly_description/prefix_override:/usr/lib/python3/dist-packages/colcon_core/task/python/colcon_distutils_commands:/home/msd/MSD2/REV4/install/spotarm_assembly_description/lib/python3.10/site-packages:${PYTHONPATH} /usr/bin/python3 -W ignore:setup.py install is deprecated -W ignore:easy_install command is deprecated setup.py egg_info --egg-base ../../build/spotarm_assembly_description build --build-base /home/msd/MSD2/REV4/build/spotarm_assembly_description/build install --record /home/msd/MSD2/REV4/build/spotarm_assembly_description/install.log --install-scripts $base/lib/spotarm_assembly_description --single-version-externally-managed install_data
[2.502s] /usr/lib/python3/dist-packages/setuptools/dist.py:723: UserWarning: Usage of dash-separated 'script-dir' will not be supported in future versions. Please use the underscore name 'script_dir' instead
[2.502s]   warnings.warn(
[2.513s] running egg_info
[2.515s] writing ../../build/spotarm_assembly_description/spotarm_assembly_description.egg-info/PKG-INFO
[2.516s] writing dependency_links to ../../build/spotarm_assembly_description/spotarm_assembly_description.egg-info/dependency_links.txt
[2.517s] writing entry points to ../../build/spotarm_assembly_description/spotarm_assembly_description.egg-info/entry_points.txt
[2.517s] writing requirements to ../../build/spotarm_assembly_description/spotarm_assembly_description.egg-info/requires.txt
[2.518s] writing top-level names to ../../build/spotarm_assembly_description/spotarm_assembly_description.egg-info/top_level.txt
[2.522s] reading manifest file '../../build/spotarm_assembly_description/spotarm_assembly_description.egg-info/SOURCES.txt'
[2.523s] writing manifest file '../../build/spotarm_assembly_description/spotarm_assembly_description.egg-info/SOURCES.txt'
[2.524s] running build
[2.524s] running build_py
[2.524s] running install
[2.524s] running install_lib
[2.525s] running install_data
[2.526s] running install_egg_info
[2.529s] removing '/home/msd/MSD2/REV4/install/spotarm_assembly_description/lib/python3.10/site-packages/spotarm_assembly_description-0.0.0-py3.10.egg-info' (and everything under it)
[2.529s] Copying ../../build/spotarm_assembly_description/spotarm_assembly_description.egg-info to /home/msd/MSD2/REV4/install/spotarm_assembly_description/lib/python3.10/site-packages/spotarm_assembly_description-0.0.0-py3.10.egg-info
[2.530s] running install_scripts
[2.564s] writing list of installed files to '/home/msd/MSD2/REV4/build/spotarm_assembly_description/install.log'
[2.627s] Invoked command in '/home/msd/MSD2/REV4/src/spotarm_assembly_description' returned '0': PYTHONPATH=/home/msd/MSD2/REV4/build/spotarm_assembly_description/prefix_override:/usr/lib/python3/dist-packages/colcon_core/task/python/colcon_distutils_commands:/home/msd/MSD2/REV4/install/spotarm_assembly_description/lib/python3.10/site-packages:${PYTHONPATH} /usr/bin/python3 -W ignore:setup.py install is deprecated -W ignore:easy_install command is deprecated setup.py egg_info --egg-base ../../build/spotarm_assembly_description build --build-base /home/msd/MSD2/REV4/build/spotarm_assembly_description/build install --record /home/msd/MSD2/REV4/build/spotarm_assembly_description/install.log --install-scripts $base/lib/spotarm_assembly_description --single-version-externally-managed install_data
