[0.307s] Invoking command in '/home/msd/MSD2/REV4/build/my_robot': CMAKE_PREFIX_PATH=/opt/ros/humble /usr/bin/cmake --build /home/msd/MSD2/REV4/build/my_robot -- -j8 -l8
[0.969s] Invoked command in '/home/msd/MSD2/REV4/build/my_robot' returned '0': CMAKE_PREFIX_PATH=/opt/ros/humble /usr/bin/cmake --build /home/msd/MSD2/REV4/build/my_robot -- -j8 -l8
[0.977s] Invoking command in '/home/msd/MSD2/REV4/build/my_robot': CMAKE_PREFIX_PATH=/opt/ros/humble /usr/bin/cmake --install /home/msd/MSD2/REV4/build/my_robot
[0.989s] -- Install configuration: ""
[0.989s] -- Execute custom install script
[0.990s] -- Up-to-date symlink: /home/msd/MSD2/REV4/install/my_robot/share/my_robot/urdf/gear_manipulator.urdf
[0.994s] -- Up-to-date symlink: /home/msd/MSD2/REV4/install/my_robot/share/my_robot/launch/display.launch.py
[0.996s] -- Up-to-date symlink: /home/msd/MSD2/REV4/install/my_robot/share/ament_index/resource_index/package_run_dependencies/my_robot
[0.996s] -- Up-to-date symlink: /home/msd/MSD2/REV4/install/my_robot/share/ament_index/resource_index/parent_prefix_path/my_robot
[0.996s] -- Up-to-date symlink: /home/msd/MSD2/REV4/install/my_robot/share/my_robot/environment/ament_prefix_path.sh
[0.996s] -- Up-to-date symlink: /home/msd/MSD2/REV4/install/my_robot/share/my_robot/environment/ament_prefix_path.dsv
[0.997s] -- Up-to-date symlink: /home/msd/MSD2/REV4/install/my_robot/share/my_robot/environment/path.sh
[0.997s] -- Up-to-date symlink: /home/msd/MSD2/REV4/install/my_robot/share/my_robot/environment/path.dsv
[0.997s] -- Up-to-date symlink: /home/msd/MSD2/REV4/install/my_robot/share/my_robot/local_setup.bash
[0.997s] -- Up-to-date symlink: /home/msd/MSD2/REV4/install/my_robot/share/my_robot/local_setup.sh
[0.997s] -- Up-to-date symlink: /home/msd/MSD2/REV4/install/my_robot/share/my_robot/local_setup.zsh
[0.997s] -- Up-to-date symlink: /home/msd/MSD2/REV4/install/my_robot/share/my_robot/local_setup.dsv
[0.997s] -- Symlinking: /home/msd/MSD2/REV4/install/my_robot/share/my_robot/package.dsv
[1.013s] -- Up-to-date symlink: /home/msd/MSD2/REV4/install/my_robot/share/ament_index/resource_index/packages/my_robot
[1.014s] -- Up-to-date symlink: /home/msd/MSD2/REV4/install/my_robot/share/my_robot/cmake/my_robotConfig.cmake
[1.014s] -- Up-to-date symlink: /home/msd/MSD2/REV4/install/my_robot/share/my_robot/cmake/my_robotConfig-version.cmake
[1.014s] -- Up-to-date symlink: /home/msd/MSD2/REV4/install/my_robot/share/my_robot/package.xml
[1.020s] Invoked command in '/home/msd/MSD2/REV4/build/my_robot' returned '0': CMAKE_PREFIX_PATH=/opt/ros/humble /usr/bin/cmake --install /home/msd/MSD2/REV4/build/my_robot
