<<<<<<< HEAD
[0.484s] Invoking command in '/home/msd/MSD2/REV4/build/my_robot': CMAKE_PREFIX_PATH=/opt/ros/humble /usr/bin/cmake /home/msd/MSD2/REV4/src/my_robot -DAMENT_CMAKE_SYMLINK_INSTALL=1 -DCMAKE_INSTALL_PREFIX=/home/msd/MSD2/REV4/install/my_robot
[1.760s] -- Found ament_cmake: 1.3.14 (/opt/ros/humble/share/ament_cmake/cmake)
[1.760s] -- Override CMake install command with custom implementation using symlinks instead of copying resources
[1.760s] -- Configuring done
[1.760s] -- Generating done
[1.760s] -- Build files have been written to: /home/msd/MSD2/REV4/build/my_robot
[1.796s] Invoked command in '/home/msd/MSD2/REV4/build/my_robot' returned '0': CMAKE_PREFIX_PATH=/opt/ros/humble /usr/bin/cmake /home/msd/MSD2/REV4/src/my_robot -DAMENT_CMAKE_SYMLINK_INSTALL=1 -DCMAKE_INSTALL_PREFIX=/home/msd/MSD2/REV4/install/my_robot
[1.800s] Invoking command in '/home/msd/MSD2/REV4/build/my_robot': CMAKE_PREFIX_PATH=/opt/ros/humble /usr/bin/cmake --build /home/msd/MSD2/REV4/build/my_robot -- -j8 -l8
[2.005s] Invoked command in '/home/msd/MSD2/REV4/build/my_robot' returned '0': CMAKE_PREFIX_PATH=/opt/ros/humble /usr/bin/cmake --build /home/msd/MSD2/REV4/build/my_robot -- -j8 -l8
[2.016s] Invoking command in '/home/msd/MSD2/REV4/build/my_robot': CMAKE_PREFIX_PATH=/opt/ros/humble /usr/bin/cmake --install /home/msd/MSD2/REV4/build/my_robot
[2.055s] -- Install configuration: ""
[2.056s] -- Execute custom install script
[2.064s] -- Symlinking: /home/msd/MSD2/REV4/install/my_robot/share/my_robot/urdf/gear_manipulator.urdf
[2.115s] -- Symlinking: /home/msd/MSD2/REV4/install/my_robot/share/my_robot/launch/display.launch.py
[2.154s] -- Symlinking: /home/msd/MSD2/REV4/install/my_robot/share/ament_index/resource_index/package_run_dependencies/my_robot
[2.186s] -- Symlinking: /home/msd/MSD2/REV4/install/my_robot/share/ament_index/resource_index/parent_prefix_path/my_robot
[2.214s] -- Symlinking: /home/msd/MSD2/REV4/install/my_robot/share/my_robot/environment/ament_prefix_path.sh
[2.235s] -- Symlinking: /home/msd/MSD2/REV4/install/my_robot/share/my_robot/environment/ament_prefix_path.dsv
[2.261s] -- Symlinking: /home/msd/MSD2/REV4/install/my_robot/share/my_robot/environment/path.sh
[2.285s] -- Symlinking: /home/msd/MSD2/REV4/install/my_robot/share/my_robot/environment/path.dsv
[2.307s] -- Symlinking: /home/msd/MSD2/REV4/install/my_robot/share/my_robot/local_setup.bash
[2.331s] -- Symlinking: /home/msd/MSD2/REV4/install/my_robot/share/my_robot/local_setup.sh
[2.356s] -- Symlinking: /home/msd/MSD2/REV4/install/my_robot/share/my_robot/local_setup.zsh
[2.384s] -- Symlinking: /home/msd/MSD2/REV4/install/my_robot/share/my_robot/local_setup.dsv
[2.408s] -- Symlinking: /home/msd/MSD2/REV4/install/my_robot/share/my_robot/package.dsv
[2.428s] -- Symlinking: /home/msd/MSD2/REV4/install/my_robot/share/ament_index/resource_index/packages/my_robot
[2.449s] -- Symlinking: /home/msd/MSD2/REV4/install/my_robot/share/my_robot/cmake/my_robotConfig.cmake
[2.483s] -- Symlinking: /home/msd/MSD2/REV4/install/my_robot/share/my_robot/cmake/my_robotConfig-version.cmake
[2.506s] -- Symlinking: /home/msd/MSD2/REV4/install/my_robot/share/my_robot/package.xml
[2.550s] Invoked command in '/home/msd/MSD2/REV4/build/my_robot' returned '0': CMAKE_PREFIX_PATH=/opt/ros/humble /usr/bin/cmake --install /home/msd/MSD2/REV4/build/my_robot
=======
[0.484s] Invoking command in '/home/msd/MSD2/REV4/build/my_robot': CMAKE_PREFIX_PATH=/opt/ros/humble /usr/bin/cmake /home/msd/MSD2/REV4/src/my_robot -DAMENT_CMAKE_SYMLINK_INSTALL=1 -DCMAKE_INSTALL_PREFIX=/home/msd/MSD2/REV4/install/my_robot
[1.760s] -- Found ament_cmake: 1.3.14 (/opt/ros/humble/share/ament_cmake/cmake)
[1.760s] -- Override CMake install command with custom implementation using symlinks instead of copying resources
[1.760s] -- Configuring done
[1.760s] -- Generating done
[1.760s] -- Build files have been written to: /home/msd/MSD2/REV4/build/my_robot
[1.796s] Invoked command in '/home/msd/MSD2/REV4/build/my_robot' returned '0': CMAKE_PREFIX_PATH=/opt/ros/humble /usr/bin/cmake /home/msd/MSD2/REV4/src/my_robot -DAMENT_CMAKE_SYMLINK_INSTALL=1 -DCMAKE_INSTALL_PREFIX=/home/msd/MSD2/REV4/install/my_robot
[1.800s] Invoking command in '/home/msd/MSD2/REV4/build/my_robot': CMAKE_PREFIX_PATH=/opt/ros/humble /usr/bin/cmake --build /home/msd/MSD2/REV4/build/my_robot -- -j8 -l8
[2.005s] Invoked command in '/home/msd/MSD2/REV4/build/my_robot' returned '0': CMAKE_PREFIX_PATH=/opt/ros/humble /usr/bin/cmake --build /home/msd/MSD2/REV4/build/my_robot -- -j8 -l8
[2.016s] Invoking command in '/home/msd/MSD2/REV4/build/my_robot': CMAKE_PREFIX_PATH=/opt/ros/humble /usr/bin/cmake --install /home/msd/MSD2/REV4/build/my_robot
[2.055s] -- Install configuration: ""
[2.056s] -- Execute custom install script
[2.064s] -- Symlinking: /home/msd/MSD2/REV4/install/my_robot/share/my_robot/urdf/gear_manipulator.urdf
[2.115s] -- Symlinking: /home/msd/MSD2/REV4/install/my_robot/share/my_robot/launch/display.launch.py
[2.154s] -- Symlinking: /home/msd/MSD2/REV4/install/my_robot/share/ament_index/resource_index/package_run_dependencies/my_robot
[2.186s] -- Symlinking: /home/msd/MSD2/REV4/install/my_robot/share/ament_index/resource_index/parent_prefix_path/my_robot
[2.214s] -- Symlinking: /home/msd/MSD2/REV4/install/my_robot/share/my_robot/environment/ament_prefix_path.sh
[2.235s] -- Symlinking: /home/msd/MSD2/REV4/install/my_robot/share/my_robot/environment/ament_prefix_path.dsv
[2.261s] -- Symlinking: /home/msd/MSD2/REV4/install/my_robot/share/my_robot/environment/path.sh
[2.285s] -- Symlinking: /home/msd/MSD2/REV4/install/my_robot/share/my_robot/environment/path.dsv
[2.307s] -- Symlinking: /home/msd/MSD2/REV4/install/my_robot/share/my_robot/local_setup.bash
[2.331s] -- Symlinking: /home/msd/MSD2/REV4/install/my_robot/share/my_robot/local_setup.sh
[2.356s] -- Symlinking: /home/msd/MSD2/REV4/install/my_robot/share/my_robot/local_setup.zsh
[2.384s] -- Symlinking: /home/msd/MSD2/REV4/install/my_robot/share/my_robot/local_setup.dsv
[2.408s] -- Symlinking: /home/msd/MSD2/REV4/install/my_robot/share/my_robot/package.dsv
[2.428s] -- Symlinking: /home/msd/MSD2/REV4/install/my_robot/share/ament_index/resource_index/packages/my_robot
[2.449s] -- Symlinking: /home/msd/MSD2/REV4/install/my_robot/share/my_robot/cmake/my_robotConfig.cmake
[2.483s] -- Symlinking: /home/msd/MSD2/REV4/install/my_robot/share/my_robot/cmake/my_robotConfig-version.cmake
[2.506s] -- Symlinking: /home/msd/MSD2/REV4/install/my_robot/share/my_robot/package.xml
[2.550s] Invoked command in '/home/msd/MSD2/REV4/build/my_robot' returned '0': CMAKE_PREFIX_PATH=/opt/ros/humble /usr/bin/cmake --install /home/msd/MSD2/REV4/build/my_robot
>>>>>>> f6515614f97110be7e36a5fdeab81499e9790a26
