[0.013s] Invoking command in '/home/msd/MSD2/REV4/build/gear_manipulator_moveit_config': CMAKE_PREFIX_PATH=/home/msd/MSD2/REV4/install/my_robot:/home/msd/MSD2/REV4/install/gear_manipulator_moveit_config:/home/msd/MSD2/REV4/install/motor_bridge:/opt/ros/humble /usr/bin/cmake /home/msd/MSD2/REV4/src/gear_manipulator_moveit_config -DAMENT_CMAKE_SYMLINK_INSTALL=1 -DCMAKE_INSTALL_PREFIX=/home/msd/MSD2/REV4/install/gear_manipulator_moveit_config
[0.740s] -- The C compiler identification is GNU 11.4.0
[0.741s] -- The CXX compiler identification is GNU 11.4.0
[0.741s] -- Detecting C compiler ABI info
[0.741s] -- Detecting C compiler ABI info - done
[0.741s] -- Check for working C compiler: /usr/bin/cc - skipped
[0.741s] -- Detecting C compile features
[0.741s] -- Detecting C compile features - done
[0.741s] -- Detecting CXX compiler ABI info
[0.741s] -- Detecting CXX compiler ABI info - done
[0.742s] -- Check for working CXX compiler: /usr/bin/c++ - skipped
[0.742s] -- Detecting CXX compile features
[0.742s] -- Detecting CXX compile features - done
[0.742s] -- Found ament_cmake: 1.3.14 (/opt/ros/humble/share/ament_cmake/cmake)
[0.860s] -- Found Python3: /usr/bin/python3 (found version "3.10.12") found components: Interpreter 
[0.990s] -- Override CMake install command with custom implementation using symlinks instead of copying resources
[1.168s] -- Configuring done
[1.171s] -- Generating done
[1.174s] -- Build files have been written to: /home/msd/MSD2/REV4/build/gear_manipulator_moveit_config
[1.193s] Invoked command in '/home/msd/MSD2/REV4/build/gear_manipulator_moveit_config' returned '0': CMAKE_PREFIX_PATH=/home/msd/MSD2/REV4/install/my_robot:/home/msd/MSD2/REV4/install/gear_manipulator_moveit_config:/home/msd/MSD2/REV4/install/motor_bridge:/opt/ros/humble /usr/bin/cmake /home/msd/MSD2/REV4/src/gear_manipulator_moveit_config -DAMENT_CMAKE_SYMLINK_INSTALL=1 -DCMAKE_INSTALL_PREFIX=/home/msd/MSD2/REV4/install/gear_manipulator_moveit_config
[1.195s] Invoking command in '/home/msd/MSD2/REV4/build/gear_manipulator_moveit_config': CMAKE_PREFIX_PATH=/home/msd/MSD2/REV4/install/my_robot:/home/msd/MSD2/REV4/install/gear_manipulator_moveit_config:/home/msd/MSD2/REV4/install/motor_bridge:/opt/ros/humble /usr/bin/cmake --build /home/msd/MSD2/REV4/build/gear_manipulator_moveit_config -- -j8 -l8
[1.464s] Invoked command in '/home/msd/MSD2/REV4/build/gear_manipulator_moveit_config' returned '0': CMAKE_PREFIX_PATH=/home/msd/MSD2/REV4/install/my_robot:/home/msd/MSD2/REV4/install/gear_manipulator_moveit_config:/home/msd/MSD2/REV4/install/motor_bridge:/opt/ros/humble /usr/bin/cmake --build /home/msd/MSD2/REV4/build/gear_manipulator_moveit_config -- -j8 -l8
[1.469s] Invoking command in '/home/msd/MSD2/REV4/build/gear_manipulator_moveit_config': CMAKE_PREFIX_PATH=/home/msd/MSD2/REV4/install/my_robot:/home/msd/MSD2/REV4/install/gear_manipulator_moveit_config:/home/msd/MSD2/REV4/install/motor_bridge:/opt/ros/humble /usr/bin/cmake --install /home/msd/MSD2/REV4/build/gear_manipulator_moveit_config
[2.123s] -- Install configuration: ""
[2.123s] -- Execute custom install script
[2.123s] -- Symlinking: /home/msd/MSD2/REV4/install/gear_manipulator_moveit_config/share/ament_index/resource_index/package_run_dependencies/gear_manipulator_moveit_config
[2.123s] -- Symlinking: /home/msd/MSD2/REV4/install/gear_manipulator_moveit_config/share/ament_index/resource_index/parent_prefix_path/gear_manipulator_moveit_config
[2.123s] -- Symlinking: /home/msd/MSD2/REV4/install/gear_manipulator_moveit_config/share/gear_manipulator_moveit_config/environment/ament_prefix_path.sh
[2.123s] -- Symlinking: /home/msd/MSD2/REV4/install/gear_manipulator_moveit_config/share/gear_manipulator_moveit_config/environment/ament_prefix_path.dsv
[2.126s] -- Symlinking: /home/msd/MSD2/REV4/install/gear_manipulator_moveit_config/share/gear_manipulator_moveit_config/environment/path.sh
[2.127s] -- Symlinking: /home/msd/MSD2/REV4/install/gear_manipulator_moveit_config/share/gear_manipulator_moveit_config/environment/path.dsv
[2.127s] -- Symlinking: /home/msd/MSD2/REV4/install/gear_manipulator_moveit_config/share/gear_manipulator_moveit_config/local_setup.bash
[2.127s] -- Symlinking: /home/msd/MSD2/REV4/install/gear_manipulator_moveit_config/share/gear_manipulator_moveit_config/local_setup.sh
[2.127s] -- Symlinking: /home/msd/MSD2/REV4/install/gear_manipulator_moveit_config/share/gear_manipulator_moveit_config/local_setup.zsh
[2.127s] -- Symlinking: /home/msd/MSD2/REV4/install/gear_manipulator_moveit_config/share/gear_manipulator_moveit_config/local_setup.dsv
[2.127s] -- Symlinking: /home/msd/MSD2/REV4/install/gear_manipulator_moveit_config/share/gear_manipulator_moveit_config/package.dsv
[2.127s] -- Symlinking: /home/msd/MSD2/REV4/install/gear_manipulator_moveit_config/share/ament_index/resource_index/packages/gear_manipulator_moveit_config
[2.128s] -- Symlinking: /home/msd/MSD2/REV4/install/gear_manipulator_moveit_config/share/gear_manipulator_moveit_config/cmake/gear_manipulator_moveit_configConfig.cmake
[2.128s] -- Symlinking: /home/msd/MSD2/REV4/install/gear_manipulator_moveit_config/share/gear_manipulator_moveit_config/cmake/gear_manipulator_moveit_configConfig-version.cmake
[2.128s] -- Symlinking: /home/msd/MSD2/REV4/install/gear_manipulator_moveit_config/share/gear_manipulator_moveit_config/package.xml
[2.128s] -- Symlinking: /home/msd/MSD2/REV4/install/gear_manipulator_moveit_config/share/gear_manipulator_moveit_config/launch/demo.launch.py
[2.128s] -- Symlinking: /home/msd/MSD2/REV4/install/gear_manipulator_moveit_config/share/gear_manipulator_moveit_config/launch/move_group.launch.py
[2.128s] -- Symlinking: /home/msd/MSD2/REV4/install/gear_manipulator_moveit_config/share/gear_manipulator_moveit_config/launch/moveit_rviz.launch.py
[2.128s] -- Symlinking: /home/msd/MSD2/REV4/install/gear_manipulator_moveit_config/share/gear_manipulator_moveit_config/launch/rsp.launch.py
[2.128s] -- Symlinking: /home/msd/MSD2/REV4/install/gear_manipulator_moveit_config/share/gear_manipulator_moveit_config/launch/setup_assistant.launch.py
[2.149s] -- Symlinking: /home/msd/MSD2/REV4/install/gear_manipulator_moveit_config/share/gear_manipulator_moveit_config/launch/spawn_controllers.launch.py
[2.188s] -- Symlinking: /home/msd/MSD2/REV4/install/gear_manipulator_moveit_config/share/gear_manipulator_moveit_config/launch/static_virtual_joint_tfs.launch.py
[2.233s] -- Symlinking: /home/msd/MSD2/REV4/install/gear_manipulator_moveit_config/share/gear_manipulator_moveit_config/launch/warehouse_db.launch.py
[2.254s] -- Symlinking: /home/msd/MSD2/REV4/install/gear_manipulator_moveit_config/share/gear_manipulator_moveit_config/config/gear_manipulator.ros2_control.xacro
[2.280s] -- Symlinking: /home/msd/MSD2/REV4/install/gear_manipulator_moveit_config/share/gear_manipulator_moveit_config/config/gear_manipulator.srdf
[2.303s] -- Symlinking: /home/msd/MSD2/REV4/install/gear_manipulator_moveit_config/share/gear_manipulator_moveit_config/config/gear_manipulator.urdf.xacro
[2.318s] -- Symlinking: /home/msd/MSD2/REV4/install/gear_manipulator_moveit_config/share/gear_manipulator_moveit_config/config/initial_positions.yaml
[2.331s] -- Symlinking: /home/msd/MSD2/REV4/install/gear_manipulator_moveit_config/share/gear_manipulator_moveit_config/config/joint_limits.yaml
[2.344s] -- Symlinking: /home/msd/MSD2/REV4/install/gear_manipulator_moveit_config/share/gear_manipulator_moveit_config/config/kinematics.yaml
[2.356s] -- Symlinking: /home/msd/MSD2/REV4/install/gear_manipulator_moveit_config/share/gear_manipulator_moveit_config/config/moveit.rviz
[2.369s] -- Symlinking: /home/msd/MSD2/REV4/install/gear_manipulator_moveit_config/share/gear_manipulator_moveit_config/config/moveit_controllers.yaml
[2.387s] -- Symlinking: /home/msd/MSD2/REV4/install/gear_manipulator_moveit_config/share/gear_manipulator_moveit_config/config/pilz_cartesian_limits.yaml
[2.400s] -- Symlinking: /home/msd/MSD2/REV4/install/gear_manipulator_moveit_config/share/gear_manipulator_moveit_config/.setup_assistant
[2.420s] Invoked command in '/home/msd/MSD2/REV4/build/gear_manipulator_moveit_config' returned '0': CMAKE_PREFIX_PATH=/home/msd/MSD2/REV4/install/my_robot:/home/msd/MSD2/REV4/install/gear_manipulator_moveit_config:/home/msd/MSD2/REV4/install/motor_bridge:/opt/ros/humble /usr/bin/cmake --install /home/msd/MSD2/REV4/build/gear_manipulator_moveit_config
