[0.438s] Invoking command in '/home/msd/MSD2/REV4/build/my_robot': CMAKE_PREFIX_PATH=${CMAKE_PREFIX_PATH}:/home/msd/MSD2/REV4/install/spotarm_gamepad:/home/msd/MSD2/REV4/install/spotarm_assembly_description:/home/msd/MSD2/REV4/install/robot_status_leds:/opt/ros/humble /usr/bin/cmake --build /home/msd/MSD2/REV4/build/my_robot -- -j8 -l8
[1.229s] Invoked command in '/home/msd/MSD2/REV4/build/my_robot' returned '0': CMAKE_PREFIX_PATH=${CMAKE_PREFIX_PATH}:/home/msd/MSD2/REV4/install/spotarm_gamepad:/home/msd/MSD2/REV4/install/spotarm_assembly_description:/home/msd/MSD2/REV4/install/robot_status_leds:/opt/ros/humble /usr/bin/cmake --build /home/msd/MSD2/REV4/build/my_robot -- -j8 -l8
[1.245s] Invoking command in '/home/msd/MSD2/REV4/build/my_robot': CMAKE_PREFIX_PATH=${CMAKE_PREFIX_PATH}:/home/msd/MSD2/REV4/install/spotarm_gamepad:/home/msd/MSD2/REV4/install/spotarm_assembly_description:/home/msd/MSD2/REV4/install/robot_status_leds:/opt/ros/humble /usr/bin/cmake --install /home/msd/MSD2/REV4/build/my_robot
[1.267s] -- Install configuration: ""
[1.268s] -- Execute custom install script
[1.268s] -- Up-to-date symlink: /home/msd/MSD2/REV4/install/my_robot/share/my_robot/urdf/gear_manipulator.urdf
[1.269s] -- Up-to-date symlink: /home/msd/MSD2/REV4/install/my_robot/share/my_robot/launch/display.launch.py
[1.269s] -- Up-to-date symlink: /home/msd/MSD2/REV4/install/my_robot/share/ament_index/resource_index/package_run_dependencies/my_robot
[1.269s] -- Up-to-date symlink: /home/msd/MSD2/REV4/install/my_robot/share/ament_index/resource_index/parent_prefix_path/my_robot
[1.269s] -- Up-to-date symlink: /home/msd/MSD2/REV4/install/my_robot/share/my_robot/environment/ament_prefix_path.sh
[1.269s] -- Up-to-date symlink: /home/msd/MSD2/REV4/install/my_robot/share/my_robot/environment/ament_prefix_path.dsv
[1.269s] -- Up-to-date symlink: /home/msd/MSD2/REV4/install/my_robot/share/my_robot/environment/path.sh
[1.269s] -- Up-to-date symlink: /home/msd/MSD2/REV4/install/my_robot/share/my_robot/environment/path.dsv
[1.269s] -- Up-to-date symlink: /home/msd/MSD2/REV4/install/my_robot/share/my_robot/local_setup.bash
[1.269s] -- Up-to-date symlink: /home/msd/MSD2/REV4/install/my_robot/share/my_robot/local_setup.sh
[1.269s] -- Up-to-date symlink: /home/msd/MSD2/REV4/install/my_robot/share/my_robot/local_setup.zsh
[1.270s] -- Up-to-date symlink: /home/msd/MSD2/REV4/install/my_robot/share/my_robot/local_setup.dsv
[1.270s] -- Symlinking: /home/msd/MSD2/REV4/install/my_robot/share/my_robot/package.dsv
[1.304s] -- Up-to-date symlink: /home/msd/MSD2/REV4/install/my_robot/share/ament_index/resource_index/packages/my_robot
[1.304s] -- Up-to-date symlink: /home/msd/MSD2/REV4/install/my_robot/share/my_robot/cmake/my_robotConfig.cmake
[1.305s] -- Up-to-date symlink: /home/msd/MSD2/REV4/install/my_robot/share/my_robot/cmake/my_robotConfig-version.cmake
[1.305s] -- Up-to-date symlink: /home/msd/MSD2/REV4/install/my_robot/share/my_robot/package.xml
[1.367s] Invoked command in '/home/msd/MSD2/REV4/build/my_robot' returned '0': CMAKE_PREFIX_PATH=${CMAKE_PREFIX_PATH}:/home/msd/MSD2/REV4/install/spotarm_gamepad:/home/msd/MSD2/REV4/install/spotarm_assembly_description:/home/msd/MSD2/REV4/install/robot_status_leds:/opt/ros/humble /usr/bin/cmake --install /home/msd/MSD2/REV4/build/my_robot
