[0.286s] Invoking command in '/home/msd/MSD2/REV4/build/robot_hardware': CMAKE_PREFIX_PATH=${CMAKE_PREFIX_PATH}:/home/msd/MSD2/REV4/install/spotarm_assembly_description:/home/msd/MSD2/REV4/install/robot_status_leds:/opt/ros/humble /usr/bin/cmake --build /home/msd/MSD2/REV4/build/robot_hardware -- -j8 -l8
[0.343s] [100%] Built target robot_hardware_arm
[0.353s] Invoked command in '/home/msd/MSD2/REV4/build/robot_hardware' returned '0': CMAKE_PREFIX_PATH=${CMAKE_PREFIX_PATH}:/home/msd/MSD2/REV4/install/spotarm_assembly_description:/home/msd/MSD2/REV4/install/robot_status_leds:/opt/ros/humble /usr/bin/cmake --build /home/msd/MSD2/REV4/build/robot_hardware -- -j8 -l8
[0.362s] Invoking command in '/home/msd/MSD2/REV4/build/robot_hardware': CMAKE_PREFIX_PATH=${CMAKE_PREFIX_PATH}:/home/msd/MSD2/REV4/install/spotarm_assembly_description:/home/msd/MSD2/REV4/install/robot_status_leds:/opt/ros/humble /usr/bin/cmake --install /home/msd/MSD2/REV4/build/robot_hardware
[0.370s] -- Install configuration: ""
[0.370s] -- Execute custom install script
[0.370s] -- Up-to-date symlink: /home/msd/MSD2/REV4/install/robot_hardware/share/robot_hardware//robot_hardware_plugin.xml
[0.371s] -- Up-to-date symlink: /home/msd/MSD2/REV4/install/robot_hardware/lib/librobot_hardware_arm.so
[0.371s] -- Up-to-date symlink: /home/msd/MSD2/REV4/install/robot_hardware/include/robot_hardware/ICLStepper.h
[0.371s] -- Up-to-date symlink: /home/msd/MSD2/REV4/install/robot_hardware/include/robot_hardware/arm_hardware_interface.hpp
[0.371s] -- Up-to-date symlink: /home/msd/MSD2/REV4/install/robot_hardware/share/robot_hardware/robot_hardware_plugin.xml
[0.371s] -- Up-to-date symlink: /home/msd/MSD2/REV4/install/robot_hardware/share/ament_index/resource_index/package_run_dependencies/robot_hardware
[0.372s] -- Up-to-date symlink: /home/msd/MSD2/REV4/install/robot_hardware/share/ament_index/resource_index/parent_prefix_path/robot_hardware
[0.372s] -- Up-to-date symlink: /home/msd/MSD2/REV4/install/robot_hardware/share/robot_hardware/environment/ament_prefix_path.sh
[0.372s] -- Up-to-date symlink: /home/msd/MSD2/REV4/install/robot_hardware/share/robot_hardware/environment/ament_prefix_path.dsv
[0.372s] -- Up-to-date symlink: /home/msd/MSD2/REV4/install/robot_hardware/share/robot_hardware/environment/path.sh
[0.372s] -- Up-to-date symlink: /home/msd/MSD2/REV4/install/robot_hardware/share/robot_hardware/environment/path.dsv
[0.372s] -- Up-to-date symlink: /home/msd/MSD2/REV4/install/robot_hardware/share/robot_hardware/local_setup.bash
[0.373s] -- Up-to-date symlink: /home/msd/MSD2/REV4/install/robot_hardware/share/robot_hardware/local_setup.sh
[0.373s] -- Up-to-date symlink: /home/msd/MSD2/REV4/install/robot_hardware/share/robot_hardware/local_setup.zsh
[0.373s] -- Up-to-date symlink: /home/msd/MSD2/REV4/install/robot_hardware/share/robot_hardware/local_setup.dsv
[0.373s] -- Symlinking: /home/msd/MSD2/REV4/install/robot_hardware/share/robot_hardware/package.dsv
[0.381s] -- Up-to-date symlink: /home/msd/MSD2/REV4/install/robot_hardware/share/ament_index/resource_index/packages/robot_hardware
[0.381s] -- Up-to-date symlink: /home/msd/MSD2/REV4/install/robot_hardware/share/ament_index/resource_index/hardware_interface__pluginlib__plugin/robot_hardware
[0.381s] -- Up-to-date symlink: /home/msd/MSD2/REV4/install/robot_hardware/share/robot_hardware/cmake/robot_hardwareConfig.cmake
[0.381s] -- Up-to-date symlink: /home/msd/MSD2/REV4/install/robot_hardware/share/robot_hardware/cmake/robot_hardwareConfig-version.cmake
[0.382s] -- Up-to-date symlink: /home/msd/MSD2/REV4/install/robot_hardware/share/robot_hardware/package.xml
[0.385s] Invoked command in '/home/msd/MSD2/REV4/build/robot_hardware' returned '0': CMAKE_PREFIX_PATH=${CMAKE_PREFIX_PATH}:/home/msd/MSD2/REV4/install/spotarm_assembly_description:/home/msd/MSD2/REV4/install/robot_status_leds:/opt/ros/humble /usr/bin/cmake --install /home/msd/MSD2/REV4/build/robot_hardware
