running develop
running egg_info
creating spotarm_gamepad.egg-info
writing spotarm_gamepad.egg-info/PKG-INFO
writing dependency_links to spotarm_gamepad.egg-info/dependency_links.txt
writing entry points to spotarm_gamepad.egg-info/entry_points.txt
writing requirements to spotarm_gamepad.egg-info/requires.txt
writing top-level names to spotarm_gamepad.egg-info/top_level.txt
writing manifest file 'spotarm_gamepad.egg-info/SOURCES.txt'
reading manifest file 'spotarm_gamepad.egg-info/SOURCES.txt'
writing manifest file 'spotarm_gamepad.egg-info/SOURCES.txt'
running build_ext
Creating /home/msd/MSD2/REV4/install/spotarm_gamepad/lib/python3.10/site-packages/spotarm-gamepad.egg-link (link to .)
Installing gamepad script to /home/msd/MSD2/REV4/install/spotarm_gamepad/lib/spotarm_gamepad

Installed /home/msd/MSD2/REV4/build/spotarm_gamepad
running symlink_data
creating /home/msd/MSD2/REV4/install/spotarm_gamepad/share/ament_index
creating /home/msd/MSD2/REV4/install/spotarm_gamepad/share/ament_index/resource_index
creating /home/msd/MSD2/REV4/install/spotarm_gamepad/share/ament_index/resource_index/packages
symbolically linking /home/msd/MSD2/REV4/build/spotarm_gamepad/resource/spotarm_gamepad -> /home/msd/MSD2/REV4/install/spotarm_gamepad/share/ament_index/resource_index/packages
symbolically linking /home/msd/MSD2/REV4/build/spotarm_gamepad/package.xml -> /home/msd/MSD2/REV4/install/spotarm_gamepad/share/spotarm_gamepad
