[1.742s] Invoking command in '/home/msd/MSD2/REV4/build/spotarm_gamepad': PYTHONPATH=/home/msd/MSD2/REV4/build/spotarm_gamepad/prefix_override:/usr/lib/python3/dist-packages/colcon_core/task/python/colcon_distutils_commands:/home/msd/MSD2/REV4/install/spotarm_gamepad/lib/python3.10/site-packages:${PYTHONPATH} /usr/bin/python3 -W ignore:setup.py install is deprecated -W ignore:easy_install command is deprecated setup.py develop --editable --build-directory /home/msd/MSD2/REV4/build/spotarm_gamepad/build --no-deps symlink_data
[2.475s] running develop
[2.954s] running egg_info
[2.955s] creating spotarm_gamepad.egg-info
[2.955s] writing spotarm_gamepad.egg-info/PKG-INFO
[2.955s] writing dependency_links to spotarm_gamepad.egg-info/dependency_links.txt
[2.956s] writing entry points to spotarm_gamepad.egg-info/entry_points.txt
[2.956s] writing requirements to spotarm_gamepad.egg-info/requires.txt
[2.956s] writing top-level names to spotarm_gamepad.egg-info/top_level.txt
[2.956s] writing manifest file 'spotarm_gamepad.egg-info/SOURCES.txt'
[2.961s] reading manifest file 'spotarm_gamepad.egg-info/SOURCES.txt'
[2.965s] writing manifest file 'spotarm_gamepad.egg-info/SOURCES.txt'
[2.971s] running build_ext
[2.972s] Creating /home/msd/MSD2/REV4/install/spotarm_gamepad/lib/python3.10/site-packages/spotarm-gamepad.egg-link (link to .)
[2.974s] Installing gamepad script to /home/msd/MSD2/REV4/install/spotarm_gamepad/lib/spotarm_gamepad
[2.975s] 
[2.975s] Installed /home/msd/MSD2/REV4/build/spotarm_gamepad
[2.975s] running symlink_data
[2.975s] creating /home/msd/MSD2/REV4/install/spotarm_gamepad/share/ament_index
[2.976s] creating /home/msd/MSD2/REV4/install/spotarm_gamepad/share/ament_index/resource_index
[2.977s] creating /home/msd/MSD2/REV4/install/spotarm_gamepad/share/ament_index/resource_index/packages
[2.977s] symbolically linking /home/msd/MSD2/REV4/build/spotarm_gamepad/resource/spotarm_gamepad -> /home/msd/MSD2/REV4/install/spotarm_gamepad/share/ament_index/resource_index/packages
[2.977s] symbolically linking /home/msd/MSD2/REV4/build/spotarm_gamepad/package.xml -> /home/msd/MSD2/REV4/install/spotarm_gamepad/share/spotarm_gamepad
[3.062s] Invoked command in '/home/msd/MSD2/REV4/build/spotarm_gamepad' returned '0': PYTHONPATH=/home/msd/MSD2/REV4/build/spotarm_gamepad/prefix_override:/usr/lib/python3/dist-packages/colcon_core/task/python/colcon_distutils_commands:/home/msd/MSD2/REV4/install/spotarm_gamepad/lib/python3.10/site-packages:${PYTHONPATH} /usr/bin/python3 -W ignore:setup.py install is deprecated -W ignore:easy_install command is deprecated setup.py develop --editable --build-directory /home/msd/MSD2/REV4/build/spotarm_gamepad/build --no-deps symlink_data
