running develop
running egg_info
creating spotarm_assembly_description.egg-info
writing spotarm_assembly_description.egg-info/PKG-INFO
writing dependency_links to spotarm_assembly_description.egg-info/dependency_links.txt
writing entry points to spotarm_assembly_description.egg-info/entry_points.txt
writing requirements to spotarm_assembly_description.egg-info/requires.txt
writing top-level names to spotarm_assembly_description.egg-info/top_level.txt
writing manifest file 'spotarm_assembly_description.egg-info/SOURCES.txt'
reading manifest file 'spotarm_assembly_description.egg-info/SOURCES.txt'
writing manifest file 'spotarm_assembly_description.egg-info/SOURCES.txt'
running build_ext
Creating /mnt/c/Users/Oden2/Downloads/MSD-SPOT-robot-Rev-4/install/spotarm_assembly_description/lib/python3.10/site-packages/spotarm-assembly-description.egg-link (link to .)

Installed /mnt/c/Users/Oden2/Downloads/MSD-SPOT-robot-Rev-4/build/spotarm_assembly_description
running symlink_data
creating /mnt/c/Users/Oden2/Downloads/MSD-SPOT-robot-Rev-4/install/spotarm_assembly_description/share/ament_index
creating /mnt/c/Users/Oden2/Downloads/MSD-SPOT-robot-Rev-4/install/spotarm_assembly_description/share/ament_index/resource_index
creating /mnt/c/Users/Oden2/Downloads/MSD-SPOT-robot-Rev-4/install/spotarm_assembly_description/share/ament_index/resource_index/packages
symbolically linking /mnt/c/Users/Oden2/Downloads/MSD-SPOT-robot-Rev-4/build/spotarm_assembly_description/resource/spotarm_assembly_description -> /mnt/c/Users/Oden2/Downloads/MSD-SPOT-robot-Rev-4/install/spotarm_assembly_description/share/ament_index/resource_index/packages
symbolically linking /mnt/c/Users/Oden2/Downloads/MSD-SPOT-robot-Rev-4/build/spotarm_assembly_description/package.xml -> /mnt/c/Users/Oden2/Downloads/MSD-SPOT-robot-Rev-4/install/spotarm_assembly_description/share/spotarm_assembly_description
creating /mnt/c/Users/Oden2/Downloads/MSD-SPOT-robot-Rev-4/install/spotarm_assembly_description/share/spotarm_assembly_description/launch
symbolically linking /mnt/c/Users/Oden2/Downloads/MSD-SPOT-robot-Rev-4/build/spotarm_assembly_description/launch/display.launch.py -> /mnt/c/Users/Oden2/Downloads/MSD-SPOT-robot-Rev-4/install/spotarm_assembly_description/share/spotarm_assembly_description/launch
symbolically linking /mnt/c/Users/Oden2/Downloads/MSD-SPOT-robot-Rev-4/build/spotarm_assembly_description/launch/gazebo.launch.py -> /mnt/c/Users/Oden2/Downloads/MSD-SPOT-robot-Rev-4/install/spotarm_assembly_description/share/spotarm_assembly_description/launch
creating /mnt/c/Users/Oden2/Downloads/MSD-SPOT-robot-Rev-4/install/spotarm_assembly_description/share/spotarm_assembly_description/urdf
symbolically linking /mnt/c/Users/Oden2/Downloads/MSD-SPOT-robot-Rev-4/build/spotarm_assembly_description/urdf/materials.xacro -> /mnt/c/Users/Oden2/Downloads/MSD-SPOT-robot-Rev-4/install/spotarm_assembly_description/share/spotarm_assembly_description/urdf
symbolically linking /mnt/c/Users/Oden2/Downloads/MSD-SPOT-robot-Rev-4/build/spotarm_assembly_description/urdf/spotarm_assembly.gazebo -> /mnt/c/Users/Oden2/Downloads/MSD-SPOT-robot-Rev-4/install/spotarm_assembly_description/share/spotarm_assembly_description/urdf
symbolically linking /mnt/c/Users/Oden2/Downloads/MSD-SPOT-robot-Rev-4/build/spotarm_assembly_description/urdf/spotarm_assembly.ros2_control.xacro -> /mnt/c/Users/Oden2/Downloads/MSD-SPOT-robot-Rev-4/install/spotarm_assembly_description/share/spotarm_assembly_description/urdf
symbolically linking /mnt/c/Users/Oden2/Downloads/MSD-SPOT-robot-Rev-4/build/spotarm_assembly_description/urdf/spotarm_assembly.trans -> /mnt/c/Users/Oden2/Downloads/MSD-SPOT-robot-Rev-4/install/spotarm_assembly_description/share/spotarm_assembly_description/urdf
symbolically linking /mnt/c/Users/Oden2/Downloads/MSD-SPOT-robot-Rev-4/build/spotarm_assembly_description/urdf/spotarm_assembly.urdf -> /mnt/c/Users/Oden2/Downloads/MSD-SPOT-robot-Rev-4/install/spotarm_assembly_description/share/spotarm_assembly_description/urdf
symbolically linking /mnt/c/Users/Oden2/Downloads/MSD-SPOT-robot-Rev-4/build/spotarm_assembly_description/urdf/spotarm_assembly.xacro -> /mnt/c/Users/Oden2/Downloads/MSD-SPOT-robot-Rev-4/install/spotarm_assembly_description/share/spotarm_assembly_description/urdf
creating /mnt/c/Users/Oden2/Downloads/MSD-SPOT-robot-Rev-4/install/spotarm_assembly_description/share/spotarm_assembly_description/meshes
symbolically linking /mnt/c/Users/Oden2/Downloads/MSD-SPOT-robot-Rev-4/build/spotarm_assembly_description/meshes/base_link.stl -> /mnt/c/Users/Oden2/Downloads/MSD-SPOT-robot-Rev-4/install/spotarm_assembly_description/share/spotarm_assembly_description/meshes
symbolically linking /mnt/c/Users/Oden2/Downloads/MSD-SPOT-robot-Rev-4/build/spotarm_assembly_description/meshes/Joint_2_Component_v2_1.stl -> /mnt/c/Users/Oden2/Downloads/MSD-SPOT-robot-Rev-4/install/spotarm_assembly_description/share/spotarm_assembly_description/meshes
symbolically linking /mnt/c/Users/Oden2/Downloads/MSD-SPOT-robot-Rev-4/build/spotarm_assembly_description/meshes/Joint_3_Component_v2_1.stl -> /mnt/c/Users/Oden2/Downloads/MSD-SPOT-robot-Rev-4/install/spotarm_assembly_description/share/spotarm_assembly_description/meshes
symbolically linking /mnt/c/Users/Oden2/Downloads/MSD-SPOT-robot-Rev-4/build/spotarm_assembly_description/meshes/Joint_4_Component_v2_1.stl -> /mnt/c/Users/Oden2/Downloads/MSD-SPOT-robot-Rev-4/install/spotarm_assembly_description/share/spotarm_assembly_description/meshes
symbolically linking /mnt/c/Users/Oden2/Downloads/MSD-SPOT-robot-Rev-4/build/spotarm_assembly_description/meshes/Joint_5_Component_v2_1.stl -> /mnt/c/Users/Oden2/Downloads/MSD-SPOT-robot-Rev-4/install/spotarm_assembly_description/share/spotarm_assembly_description/meshes
creating /mnt/c/Users/Oden2/Downloads/MSD-SPOT-robot-Rev-4/install/spotarm_assembly_description/share/spotarm_assembly_description/config
symbolically linking /mnt/c/Users/Oden2/Downloads/MSD-SPOT-robot-Rev-4/build/spotarm_assembly_description/config/display.rviz -> /mnt/c/Users/Oden2/Downloads/MSD-SPOT-robot-Rev-4/install/spotarm_assembly_description/share/spotarm_assembly_description/config
