[7.244s] Invoking command in '/mnt/c/Users/Oden2/Downloads/MSD-SPOT-robot-Rev-4/build/spotarm_assembly_description': PYTHONPATH=/mnt/c/Users/Oden2/Downloads/MSD-SPOT-robot-Rev-4/build/spotarm_assembly_description/prefix_override:/usr/lib/python3/dist-packages/colcon_core/task/python/colcon_distutils_commands:/mnt/c/Users/Oden2/Downloads/MSD-SPOT-robot-Rev-4/install/spotarm_assembly_description/lib/python3.10/site-packages:${PYTHONPATH} /usr/bin/python3 -W ignore:setup.py install is deprecated -W ignore:easy_install command is deprecated setup.py develop --editable --build-directory /mnt/c/Users/Oden2/Downloads/MSD-SPOT-robot-Rev-4/build/spotarm_assembly_description/build --no-deps symlink_data
[9.374s] /usr/lib/python3/dist-packages/setuptools/dist.py:723: UserWarning: Usage of dash-separated 'script-dir' will not be supported in future versions. Please use the underscore name 'script_dir' instead
[9.379s]   warnings.warn(
[9.694s] running develop
[10.279s] running egg_info
[10.287s] creating spotarm_assembly_description.egg-info
[10.295s] writing spotarm_assembly_description.egg-info/PKG-INFO
[10.310s] writing dependency_links to spotarm_assembly_description.egg-info/dependency_links.txt
[10.323s] writing entry points to spotarm_assembly_description.egg-info/entry_points.txt
[10.332s] writing requirements to spotarm_assembly_description.egg-info/requires.txt
[10.341s] writing top-level names to spotarm_assembly_description.egg-info/top_level.txt
[10.355s] writing manifest file 'spotarm_assembly_description.egg-info/SOURCES.txt'
[10.890s] reading manifest file 'spotarm_assembly_description.egg-info/SOURCES.txt'
[11.309s] writing manifest file 'spotarm_assembly_description.egg-info/SOURCES.txt'
[11.358s] running build_ext
[11.362s] Creating /mnt/c/Users/Oden2/Downloads/MSD-SPOT-robot-Rev-4/install/spotarm_assembly_description/lib/python3.10/site-packages/spotarm-assembly-description.egg-link (link to .)
[11.488s] 
[11.492s] Installed /mnt/c/Users/Oden2/Downloads/MSD-SPOT-robot-Rev-4/build/spotarm_assembly_description
[11.501s] running symlink_data
[11.524s] creating /mnt/c/Users/Oden2/Downloads/MSD-SPOT-robot-Rev-4/install/spotarm_assembly_description/share/ament_index
[11.531s] creating /mnt/c/Users/Oden2/Downloads/MSD-SPOT-robot-Rev-4/install/spotarm_assembly_description/share/ament_index/resource_index
[11.540s] creating /mnt/c/Users/Oden2/Downloads/MSD-SPOT-robot-Rev-4/install/spotarm_assembly_description/share/ament_index/resource_index/packages
[11.597s] symbolically linking /mnt/c/Users/Oden2/Downloads/MSD-SPOT-robot-Rev-4/build/spotarm_assembly_description/resource/spotarm_assembly_description -> /mnt/c/Users/Oden2/Downloads/MSD-SPOT-robot-Rev-4/install/spotarm_assembly_description/share/ament_index/resource_index/packages
[11.665s] symbolically linking /mnt/c/Users/Oden2/Downloads/MSD-SPOT-robot-Rev-4/build/spotarm_assembly_description/package.xml -> /mnt/c/Users/Oden2/Downloads/MSD-SPOT-robot-Rev-4/install/spotarm_assembly_description/share/spotarm_assembly_description
[11.696s] creating /mnt/c/Users/Oden2/Downloads/MSD-SPOT-robot-Rev-4/install/spotarm_assembly_description/share/spotarm_assembly_description/launch
[11.754s] symbolically linking /mnt/c/Users/Oden2/Downloads/MSD-SPOT-robot-Rev-4/build/spotarm_assembly_description/launch/display.launch.py -> /mnt/c/Users/Oden2/Downloads/MSD-SPOT-robot-Rev-4/install/spotarm_assembly_description/share/spotarm_assembly_description/launch
[11.817s] symbolically linking /mnt/c/Users/Oden2/Downloads/MSD-SPOT-robot-Rev-4/build/spotarm_assembly_description/launch/gazebo.launch.py -> /mnt/c/Users/Oden2/Downloads/MSD-SPOT-robot-Rev-4/install/spotarm_assembly_description/share/spotarm_assembly_description/launch
[11.867s] creating /mnt/c/Users/Oden2/Downloads/MSD-SPOT-robot-Rev-4/install/spotarm_assembly_description/share/spotarm_assembly_description/urdf
[11.955s] symbolically linking /mnt/c/Users/Oden2/Downloads/MSD-SPOT-robot-Rev-4/build/spotarm_assembly_description/urdf/materials.xacro -> /mnt/c/Users/Oden2/Downloads/MSD-SPOT-robot-Rev-4/install/spotarm_assembly_description/share/spotarm_assembly_description/urdf
[12.009s] symbolically linking /mnt/c/Users/Oden2/Downloads/MSD-SPOT-robot-Rev-4/build/spotarm_assembly_description/urdf/spotarm_assembly.gazebo -> /mnt/c/Users/Oden2/Downloads/MSD-SPOT-robot-Rev-4/install/spotarm_assembly_description/share/spotarm_assembly_description/urdf
[12.064s] symbolically linking /mnt/c/Users/Oden2/Downloads/MSD-SPOT-robot-Rev-4/build/spotarm_assembly_description/urdf/spotarm_assembly.ros2_control.xacro -> /mnt/c/Users/Oden2/Downloads/MSD-SPOT-robot-Rev-4/install/spotarm_assembly_description/share/spotarm_assembly_description/urdf
[12.122s] symbolically linking /mnt/c/Users/Oden2/Downloads/MSD-SPOT-robot-Rev-4/build/spotarm_assembly_description/urdf/spotarm_assembly.trans -> /mnt/c/Users/Oden2/Downloads/MSD-SPOT-robot-Rev-4/install/spotarm_assembly_description/share/spotarm_assembly_description/urdf
[12.172s] symbolically linking /mnt/c/Users/Oden2/Downloads/MSD-SPOT-robot-Rev-4/build/spotarm_assembly_description/urdf/spotarm_assembly.urdf -> /mnt/c/Users/Oden2/Downloads/MSD-SPOT-robot-Rev-4/install/spotarm_assembly_description/share/spotarm_assembly_description/urdf
[12.249s] symbolically linking /mnt/c/Users/Oden2/Downloads/MSD-SPOT-robot-Rev-4/build/spotarm_assembly_description/urdf/spotarm_assembly.xacro -> /mnt/c/Users/Oden2/Downloads/MSD-SPOT-robot-Rev-4/install/spotarm_assembly_description/share/spotarm_assembly_description/urdf
[12.279s] creating /mnt/c/Users/Oden2/Downloads/MSD-SPOT-robot-Rev-4/install/spotarm_assembly_description/share/spotarm_assembly_description/meshes
[12.328s] symbolically linking /mnt/c/Users/Oden2/Downloads/MSD-SPOT-robot-Rev-4/build/spotarm_assembly_description/meshes/base_link.stl -> /mnt/c/Users/Oden2/Downloads/MSD-SPOT-robot-Rev-4/install/spotarm_assembly_description/share/spotarm_assembly_description/meshes
[12.388s] symbolically linking /mnt/c/Users/Oden2/Downloads/MSD-SPOT-robot-Rev-4/build/spotarm_assembly_description/meshes/Joint_2_Component_v2_1.stl -> /mnt/c/Users/Oden2/Downloads/MSD-SPOT-robot-Rev-4/install/spotarm_assembly_description/share/spotarm_assembly_description/meshes
[12.449s] symbolically linking /mnt/c/Users/Oden2/Downloads/MSD-SPOT-robot-Rev-4/build/spotarm_assembly_description/meshes/Joint_3_Component_v2_1.stl -> /mnt/c/Users/Oden2/Downloads/MSD-SPOT-robot-Rev-4/install/spotarm_assembly_description/share/spotarm_assembly_description/meshes
[12.514s] symbolically linking /mnt/c/Users/Oden2/Downloads/MSD-SPOT-robot-Rev-4/build/spotarm_assembly_description/meshes/Joint_4_Component_v2_1.stl -> /mnt/c/Users/Oden2/Downloads/MSD-SPOT-robot-Rev-4/install/spotarm_assembly_description/share/spotarm_assembly_description/meshes
[12.571s] symbolically linking /mnt/c/Users/Oden2/Downloads/MSD-SPOT-robot-Rev-4/build/spotarm_assembly_description/meshes/Joint_5_Component_v2_1.stl -> /mnt/c/Users/Oden2/Downloads/MSD-SPOT-robot-Rev-4/install/spotarm_assembly_description/share/spotarm_assembly_description/meshes
[12.601s] creating /mnt/c/Users/Oden2/Downloads/MSD-SPOT-robot-Rev-4/install/spotarm_assembly_description/share/spotarm_assembly_description/config
[12.648s] symbolically linking /mnt/c/Users/Oden2/Downloads/MSD-SPOT-robot-Rev-4/build/spotarm_assembly_description/config/display.rviz -> /mnt/c/Users/Oden2/Downloads/MSD-SPOT-robot-Rev-4/install/spotarm_assembly_description/share/spotarm_assembly_description/config
[12.758s] Invoked command in '/mnt/c/Users/Oden2/Downloads/MSD-SPOT-robot-Rev-4/build/spotarm_assembly_description' returned '0': PYTHONPATH=/mnt/c/Users/Oden2/Downloads/MSD-SPOT-robot-Rev-4/build/spotarm_assembly_description/prefix_override:/usr/lib/python3/dist-packages/colcon_core/task/python/colcon_distutils_commands:/mnt/c/Users/Oden2/Downloads/MSD-SPOT-robot-Rev-4/install/spotarm_assembly_description/lib/python3.10/site-packages:${PYTHONPATH} /usr/bin/python3 -W ignore:setup.py install is deprecated -W ignore:easy_install command is deprecated setup.py develop --editable --build-directory /mnt/c/Users/Oden2/Downloads/MSD-SPOT-robot-Rev-4/build/spotarm_assembly_description/build --no-deps symlink_data
