[0.444s] Invoking command in '/home/msd/MSD2/REV4/build/robot_commander': CMAKE_PREFIX_PATH=/opt/ros/humble /usr/bin/cmake --build /home/msd/MSD2/REV4/build/robot_commander -- -j8 -l8
[0.639s] [100%] Built target commander
[0.665s] Invoked command in '/home/msd/MSD2/REV4/build/robot_commander' returned '0': CMAKE_PREFIX_PATH=/opt/ros/humble /usr/bin/cmake --build /home/msd/MSD2/REV4/build/robot_commander -- -j8 -l8
[0.683s] Invoking command in '/home/msd/MSD2/REV4/build/robot_commander': CMAKE_PREFIX_PATH=/opt/ros/humble /usr/bin/cmake --install /home/msd/MSD2/REV4/build/robot_commander
[0.695s] -- Install configuration: ""
[0.695s] -- Execute custom install script
[0.696s] -- Up-to-date symlink: /home/msd/MSD2/REV4/install/robot_commander/lib/robot_commander//commander
[0.696s] -- Up-to-date symlink: /home/msd/MSD2/REV4/install/robot_commander/share/robot_commander/launch/commander.launch.py
[0.696s] -- Up-to-date symlink: /home/msd/MSD2/REV4/install/robot_commander/share/ament_index/resource_index/package_run_dependencies/robot_commander
[0.697s] -- Up-to-date symlink: /home/msd/MSD2/REV4/install/robot_commander/share/ament_index/resource_index/parent_prefix_path/robot_commander
[0.697s] -- Up-to-date symlink: /home/msd/MSD2/REV4/install/robot_commander/share/robot_commander/environment/ament_prefix_path.sh
[0.697s] -- Up-to-date symlink: /home/msd/MSD2/REV4/install/robot_commander/share/robot_commander/environment/ament_prefix_path.dsv
[0.697s] -- Up-to-date symlink: /home/msd/MSD2/REV4/install/robot_commander/share/robot_commander/environment/path.sh
[0.697s] -- Up-to-date symlink: /home/msd/MSD2/REV4/install/robot_commander/share/robot_commander/environment/path.dsv
[0.698s] -- Up-to-date symlink: /home/msd/MSD2/REV4/install/robot_commander/share/robot_commander/local_setup.bash
[0.698s] -- Up-to-date symlink: /home/msd/MSD2/REV4/install/robot_commander/share/robot_commander/local_setup.sh
[0.698s] -- Up-to-date symlink: /home/msd/MSD2/REV4/install/robot_commander/share/robot_commander/local_setup.zsh
[0.698s] -- Up-to-date symlink: /home/msd/MSD2/REV4/install/robot_commander/share/robot_commander/local_setup.dsv
[0.698s] -- Symlinking: /home/msd/MSD2/REV4/install/robot_commander/share/robot_commander/package.dsv
[0.716s] -- Up-to-date symlink: /home/msd/MSD2/REV4/install/robot_commander/share/ament_index/resource_index/packages/robot_commander
[0.716s] -- Up-to-date symlink: /home/msd/MSD2/REV4/install/robot_commander/share/robot_commander/cmake/robot_commanderConfig.cmake
[0.716s] -- Up-to-date symlink: /home/msd/MSD2/REV4/install/robot_commander/share/robot_commander/cmake/robot_commanderConfig-version.cmake
[0.718s] -- Up-to-date symlink: /home/msd/MSD2/REV4/install/robot_commander/share/robot_commander/package.xml
[0.722s] Invoked command in '/home/msd/MSD2/REV4/build/robot_commander' returned '0': CMAKE_PREFIX_PATH=/opt/ros/humble /usr/bin/cmake --install /home/msd/MSD2/REV4/build/robot_commander
