[0.300s] Invoking command in '/home/msd/MSD2/REV4/build/my_robot': CMAKE_PREFIX_PATH=/opt/ros/humble /usr/bin/cmake --build /home/msd/MSD2/REV4/build/my_robot -- -j8 -l8
[0.861s] Invoked command in '/home/msd/MSD2/REV4/build/my_robot' returned '0': CMAKE_PREFIX_PATH=/opt/ros/humble /usr/bin/cmake --build /home/msd/MSD2/REV4/build/my_robot -- -j8 -l8
[0.862s] Invoking command in '/home/msd/MSD2/REV4/build/my_robot': CMAKE_PREFIX_PATH=/opt/ros/humble /usr/bin/cmake --install /home/msd/MSD2/REV4/build/my_robot
[0.879s] -- Install configuration: ""
[0.879s] -- Execute custom install script
[0.879s] -- Up-to-date symlink: /home/msd/MSD2/REV4/install/my_robot/share/my_robot/urdf/gear_manipulator.urdf
[0.879s] -- Up-to-date symlink: /home/msd/MSD2/REV4/install/my_robot/share/my_robot/launch/display.launch.py
[0.879s] -- Up-to-date symlink: /home/msd/MSD2/REV4/install/my_robot/share/ament_index/resource_index/package_run_dependencies/my_robot
[0.880s] -- Up-to-date symlink: /home/msd/MSD2/REV4/install/my_robot/share/ament_index/resource_index/parent_prefix_path/my_robot
[0.880s] -- Up-to-date symlink: /home/msd/MSD2/REV4/install/my_robot/share/my_robot/environment/ament_prefix_path.sh
[0.880s] -- Up-to-date symlink: /home/msd/MSD2/REV4/install/my_robot/share/my_robot/environment/ament_prefix_path.dsv
[0.880s] -- Up-to-date symlink: /home/msd/MSD2/REV4/install/my_robot/share/my_robot/environment/path.sh
[0.880s] -- Up-to-date symlink: /home/msd/MSD2/REV4/install/my_robot/share/my_robot/environment/path.dsv
[0.880s] -- Up-to-date symlink: /home/msd/MSD2/REV4/install/my_robot/share/my_robot/local_setup.bash
[0.880s] -- Up-to-date symlink: /home/msd/MSD2/REV4/install/my_robot/share/my_robot/local_setup.sh
[0.881s] -- Up-to-date symlink: /home/msd/MSD2/REV4/install/my_robot/share/my_robot/local_setup.zsh
[0.881s] -- Up-to-date symlink: /home/msd/MSD2/REV4/install/my_robot/share/my_robot/local_setup.dsv
[0.881s] -- Symlinking: /home/msd/MSD2/REV4/install/my_robot/share/my_robot/package.dsv
[0.887s] -- Up-to-date symlink: /home/msd/MSD2/REV4/install/my_robot/share/ament_index/resource_index/packages/my_robot
[0.898s] -- Up-to-date symlink: /home/msd/MSD2/REV4/install/my_robot/share/my_robot/cmake/my_robotConfig.cmake
[0.898s] -- Up-to-date symlink: /home/msd/MSD2/REV4/install/my_robot/share/my_robot/cmake/my_robotConfig-version.cmake
[0.898s] -- Up-to-date symlink: /home/msd/MSD2/REV4/install/my_robot/share/my_robot/package.xml
[0.899s] Invoked command in '/home/msd/MSD2/REV4/build/my_robot' returned '0': CMAKE_PREFIX_PATH=/opt/ros/humble /usr/bin/cmake --install /home/msd/MSD2/REV4/build/my_robot
