-- The C compiler identification is GNU 11.4.0
-- The CXX compiler identification is GNU 11.4.0
-- Detecting C compiler ABI info
-- Detecting C compiler ABI info - done
-- Check for working C compiler: /usr/bin/cc - skipped
-- Detecting C compile features
-- Detecting C compile features - done
-- Detecting CXX compiler ABI info
-- Detecting CXX compiler ABI info - done
-- Check for working CXX compiler: /usr/bin/c++ - skipped
-- Detecting CXX compile features
-- Detecting CXX compile features - done
-- Found ament_cmake: 1.3.14 (/opt/ros/humble/share/ament_cmake/cmake)
-- Found Python3: /usr/bin/python3 (found version "3.10.12") found components: Interpreter 
-- Override CMake install command with custom implementation using symlinks instead of copying resources
-- Found rclcpp: 16.0.19 (/opt/ros/humble/share/rclcpp/cmake)
-- Found rosidl_generator_c: 3.1.8 (/opt/ros/humble/share/rosidl_generator_c/cmake)
-- Found rosidl_adapter: 3.1.8 (/opt/ros/humble/share/rosidl_adapter/cmake)
-- Found rosidl_generator_cpp: 3.1.8 (/opt/ros/humble/share/rosidl_generator_cpp/cmake)
-- Using all available rosidl_typesupport_c: rosidl_typesupport_fastrtps_c;rosidl_typesupport_introspection_c
-- Using all available rosidl_typesupport_cpp: rosidl_typesupport_fastrtps_cpp;rosidl_typesupport_introspection_cpp
-- Found rmw_implementation_cmake: 6.1.2 (/opt/ros/humble/share/rmw_implementation_cmake/cmake)
-- Found rmw_fastrtps_cpp: 6.2.10 (/opt/ros/humble/share/rmw_fastrtps_cpp/cmake)
-- Found OpenSSL: /usr/lib/x86_64-linux-gnu/libcrypto.so (found version "3.0.2")  
-- Found FastRTPS: /opt/ros/humble/include  
-- Using RMW implementation 'rmw_fastrtps_cpp' as default
-- Looking for pthread.h
-- Looking for pthread.h - found
-- Performing Test CMAKE_HAVE_LIBC_PTHREAD
-- Performing Test CMAKE_HAVE_LIBC_PTHREAD - Success
-- Found Threads: TRUE  
-- Found rclcpp_lifecycle: 16.0.19 (/opt/ros/humble/share/rclcpp_lifecycle/cmake)
-- Found hardware_interface: 2.53.1 (/opt/ros/humble/share/hardware_interface/cmake)
-- Found PkgConfig: /usr/bin/pkg-config (found version "0.29.2") 
-- Checking for module 'libmodbus'
--   Found libmodbus, version 3.1.6
-- Configuring done
-- Generating done
-- Build files have been written to: /home/msd/MSD2/REV4/build/robot_hardware
[ 33%] [32mBuilding CXX object CMakeFiles/robot_hardware_arm.dir/src/ICLStepper.cpp.o[0m
[ 66%] [32mBuilding CXX object CMakeFiles/robot_hardware_arm.dir/src/arm_hardware_interface.cpp.o[0m
[100%] [32m[1mLinking CXX shared library librobot_hardware_arm.so[0m
[100%] Built target robot_hardware_arm
-- Install configuration: ""
-- Execute custom install script
-- Symlinking: /home/msd/MSD2/REV4/install/robot_hardware/share/robot_hardware//robot_hardware_plugin.xml
-- Symlinking: /home/msd/MSD2/REV4/install/robot_hardware/lib/librobot_hardware_arm.so
-- Symlinking: /home/msd/MSD2/REV4/install/robot_hardware/include/robot_hardware/ICLStepper.h
-- Symlinking: /home/msd/MSD2/REV4/install/robot_hardware/include/robot_hardware/arm_hardware_interface.hpp
-- Up-to-date symlink: /home/msd/MSD2/REV4/install/robot_hardware/share/robot_hardware/robot_hardware_plugin.xml
-- Symlinking: /home/msd/MSD2/REV4/install/robot_hardware/share/ament_index/resource_index/package_run_dependencies/robot_hardware
-- Symlinking: /home/msd/MSD2/REV4/install/robot_hardware/share/ament_index/resource_index/parent_prefix_path/robot_hardware
-- Symlinking: /home/msd/MSD2/REV4/install/robot_hardware/share/robot_hardware/environment/ament_prefix_path.sh
-- Symlinking: /home/msd/MSD2/REV4/install/robot_hardware/share/robot_hardware/environment/ament_prefix_path.dsv
-- Symlinking: /home/msd/MSD2/REV4/install/robot_hardware/share/robot_hardware/environment/path.sh
-- Symlinking: /home/msd/MSD2/REV4/install/robot_hardware/share/robot_hardware/environment/path.dsv
-- Symlinking: /home/msd/MSD2/REV4/install/robot_hardware/share/robot_hardware/local_setup.bash
-- Symlinking: /home/msd/MSD2/REV4/install/robot_hardware/share/robot_hardware/local_setup.sh
-- Symlinking: /home/msd/MSD2/REV4/install/robot_hardware/share/robot_hardware/local_setup.zsh
-- Symlinking: /home/msd/MSD2/REV4/install/robot_hardware/share/robot_hardware/local_setup.dsv
-- Symlinking: /home/msd/MSD2/REV4/install/robot_hardware/share/robot_hardware/package.dsv
-- Symlinking: /home/msd/MSD2/REV4/install/robot_hardware/share/ament_index/resource_index/packages/robot_hardware
-- Symlinking: /home/msd/MSD2/REV4/install/robot_hardware/share/ament_index/resource_index/hardware_interface__pluginlib__plugin/robot_hardware
-- Symlinking: /home/msd/MSD2/REV4/install/robot_hardware/share/robot_hardware/cmake/robot_hardwareConfig.cmake
-- Symlinking: /home/msd/MSD2/REV4/install/robot_hardware/share/robot_hardware/cmake/robot_hardwareConfig-version.cmake
-- Symlinking: /home/msd/MSD2/REV4/install/robot_hardware/share/robot_hardware/package.xml
