<<<<<<< HEAD
<<<<<<< HEAD
<<<<<<< HEAD
[0.491s] Invoking command in '/home/msd/MSD2/REV4/build/robot_servoing': CMAKE_PREFIX_PATH=/opt/ros/humble /usr/bin/cmake /home/msd/MSD2/REV4/src/robot_servoing -DAMENT_CMAKE_SYMLINK_INSTALL=1 -DCMAKE_INSTALL_PREFIX=/home/msd/MSD2/REV4/install/robot_servoing
[1.753s] -- Found ament_cmake: 1.3.14 (/opt/ros/humble/share/ament_cmake/cmake)
[1.754s] -- Override CMake install command with custom implementation using symlinks instead of copying resources
[1.755s] -- Found control_msgs: 4.8.0 (/opt/ros/humble/share/control_msgs/cmake)
[1.756s] -- Found rosidl_generator_c: 3.1.8 (/opt/ros/humble/share/rosidl_generator_c/cmake)
[1.758s] -- Found rosidl_adapter: 3.1.8 (/opt/ros/humble/share/rosidl_adapter/cmake)
[1.758s] -- Found rosidl_generator_cpp: 3.1.8 (/opt/ros/humble/share/rosidl_generator_cpp/cmake)
[1.758s] -- Using all available rosidl_typesupport_c: rosidl_typesupport_fastrtps_c;rosidl_typesupport_introspection_c
[1.759s] -- Using all available rosidl_typesupport_cpp: rosidl_typesupport_fastrtps_cpp;rosidl_typesupport_introspection_cpp
[1.759s] -- Found control_toolbox: 3.6.3 (/opt/ros/humble/share/control_toolbox/cmake)
[1.759s] -- Found rmw_implementation_cmake: 6.1.2 (/opt/ros/humble/share/rmw_implementation_cmake/cmake)
[1.759s] -- Found rmw_fastrtps_cpp: 6.2.10 (/opt/ros/humble/share/rmw_fastrtps_cpp/cmake)
[1.759s] -- Using RMW implementation 'rmw_fastrtps_cpp' as default
[1.759s] -- Found moveit_core: 2.5.10 (/opt/ros/humble/share/moveit_core/cmake)
[1.759s] -- Found Boost: /usr/lib/x86_64-linux-gnu/cmake/Boost-1.74.0/BoostConfig.cmake (found version "1.74.0") found components: chrono date_time filesystem iostreams program_options regex serialization system thread 
[1.966s] -- library: /usr/lib/x86_64-linux-gnu/libcurl.so
[2.172s] -- Ensuring Eigen3 include directory is part of orocos-kdl CMake target
[2.761s] -- Found moveit_ros_planning: 2.5.10 (/opt/ros/humble/share/moveit_ros_planning/cmake)
[2.776s] -- Found Boost: /usr/lib/x86_64-linux-gnu/cmake/Boost-1.74.0/BoostConfig.cmake (found version "1.74.0") found components: system filesystem date_time program_options thread chrono 
[2.845s] -- Found moveit_ros_planning_interface: 2.5.10 (/opt/ros/humble/share/moveit_ros_planning_interface/cmake)
[2.859s] -- Found Boost: /usr/lib/x86_64-linux-gnu/cmake/Boost-1.74.0/BoostConfig.cmake (found version "1.74.0") found components: date_time filesystem program_options system thread 
[2.897s] -- Found Boost: /usr/lib/x86_64-linux-gnu/cmake/Boost-1.74.0/BoostConfig.cmake (found version "1.74.0") found components: thread system filesystem regex date_time program_options 
[2.969s] -- Found Boost: /usr/lib/x86_64-linux-gnu/cmake/Boost-1.74.0/BoostConfig.cmake (found version "1.74.0") found components: system filesystem date_time program_options thread 
[3.121s] -- Found ament_lint_auto: 0.12.15 (/opt/ros/humble/share/ament_lint_auto/cmake)
[3.474s] -- Added test 'cppcheck' to perform static code analysis on C / C++ code
[3.476s] -- Configured cppcheck include dirs: /home/msd/MSD2/REV4/src/robot_servoing/include
[3.478s] -- Configured cppcheck exclude dirs and/or files: 
[3.478s] -- Added test 'flake8' to check Python code syntax and style conventions
[3.479s] -- Added test 'lint_cmake' to check CMake code style
[3.486s] -- Added test 'pep257' to check Python code against some of the docstring style conventions in PEP 257
[3.487s] -- Added test 'uncrustify' to check C / C++ code style
[3.487s] -- Configured uncrustify additional arguments: 
[3.487s] -- Added test 'xmllint' to check XML markup files
[3.493s] -- Configuring done
[3.548s] [31mCMake Error at CMakeLists.txt:80 (add_library):
[3.548s]   Target "servo_controller_input" links to target
[3.548s]   "random_numbers::random_numbers" but the target was not found.  Perhaps a
[3.548s]   find_package() call is missing for an IMPORTED target, or an ALIAS target
[3.549s]   is missing?
[3.549s] 
[3.549s] [0m
[3.554s] [31mCMake Error at CMakeLists.txt:80 (add_library):
[3.555s]   Target "servo_controller_input" links to target "Boost::random" but the
[3.555s]   target was not found.  Perhaps a find_package() call is missing for an
[3.556s]   IMPORTED target, or an ALIAS target is missing?
[3.556s] 
[3.556s] [0m
[3.650s] -- Generating done
[3.657s] [0mCMake Generate step failed.  Build files cannot be regenerated correctly.[0m
=======
=======
>>>>>>> f6515614f97110be7e36a5fdeab81499e9790a26
=======
>>>>>>> f6515614f97110be7e36a5fdeab81499e9790a26
[0.491s] Invoking command in '/home/msd/MSD2/REV4/build/robot_servoing': CMAKE_PREFIX_PATH=/opt/ros/humble /usr/bin/cmake /home/msd/MSD2/REV4/src/robot_servoing -DAMENT_CMAKE_SYMLINK_INSTALL=1 -DCMAKE_INSTALL_PREFIX=/home/msd/MSD2/REV4/install/robot_servoing
[1.753s] -- Found ament_cmake: 1.3.14 (/opt/ros/humble/share/ament_cmake/cmake)
[1.754s] -- Override CMake install command with custom implementation using symlinks instead of copying resources
[1.755s] -- Found control_msgs: 4.8.0 (/opt/ros/humble/share/control_msgs/cmake)
[1.756s] -- Found rosidl_generator_c: 3.1.8 (/opt/ros/humble/share/rosidl_generator_c/cmake)
[1.758s] -- Found rosidl_adapter: 3.1.8 (/opt/ros/humble/share/rosidl_adapter/cmake)
[1.758s] -- Found rosidl_generator_cpp: 3.1.8 (/opt/ros/humble/share/rosidl_generator_cpp/cmake)
[1.758s] -- Using all available rosidl_typesupport_c: rosidl_typesupport_fastrtps_c;rosidl_typesupport_introspection_c
[1.759s] -- Using all available rosidl_typesupport_cpp: rosidl_typesupport_fastrtps_cpp;rosidl_typesupport_introspection_cpp
[1.759s] -- Found control_toolbox: 3.6.3 (/opt/ros/humble/share/control_toolbox/cmake)
[1.759s] -- Found rmw_implementation_cmake: 6.1.2 (/opt/ros/humble/share/rmw_implementation_cmake/cmake)
[1.759s] -- Found rmw_fastrtps_cpp: 6.2.10 (/opt/ros/humble/share/rmw_fastrtps_cpp/cmake)
[1.759s] -- Using RMW implementation 'rmw_fastrtps_cpp' as default
[1.759s] -- Found moveit_core: 2.5.10 (/opt/ros/humble/share/moveit_core/cmake)
[1.759s] -- Found Boost: /usr/lib/x86_64-linux-gnu/cmake/Boost-1.74.0/BoostConfig.cmake (found version "1.74.0") found components: chrono date_time filesystem iostreams program_options regex serialization system thread 
[1.966s] -- library: /usr/lib/x86_64-linux-gnu/libcurl.so
[2.172s] -- Ensuring Eigen3 include directory is part of orocos-kdl CMake target
[2.761s] -- Found moveit_ros_planning: 2.5.10 (/opt/ros/humble/share/moveit_ros_planning/cmake)
[2.776s] -- Found Boost: /usr/lib/x86_64-linux-gnu/cmake/Boost-1.74.0/BoostConfig.cmake (found version "1.74.0") found components: system filesystem date_time program_options thread chrono 
[2.845s] -- Found moveit_ros_planning_interface: 2.5.10 (/opt/ros/humble/share/moveit_ros_planning_interface/cmake)
[2.859s] -- Found Boost: /usr/lib/x86_64-linux-gnu/cmake/Boost-1.74.0/BoostConfig.cmake (found version "1.74.0") found components: date_time filesystem program_options system thread 
[2.897s] -- Found Boost: /usr/lib/x86_64-linux-gnu/cmake/Boost-1.74.0/BoostConfig.cmake (found version "1.74.0") found components: thread system filesystem regex date_time program_options 
[2.969s] -- Found Boost: /usr/lib/x86_64-linux-gnu/cmake/Boost-1.74.0/BoostConfig.cmake (found version "1.74.0") found components: system filesystem date_time program_options thread 
[3.121s] -- Found ament_lint_auto: 0.12.15 (/opt/ros/humble/share/ament_lint_auto/cmake)
[3.474s] -- Added test 'cppcheck' to perform static code analysis on C / C++ code
[3.476s] -- Configured cppcheck include dirs: /home/msd/MSD2/REV4/src/robot_servoing/include
[3.478s] -- Configured cppcheck exclude dirs and/or files: 
[3.478s] -- Added test 'flake8' to check Python code syntax and style conventions
[3.479s] -- Added test 'lint_cmake' to check CMake code style
[3.486s] -- Added test 'pep257' to check Python code against some of the docstring style conventions in PEP 257
[3.487s] -- Added test 'uncrustify' to check C / C++ code style
[3.487s] -- Configured uncrustify additional arguments: 
[3.487s] -- Added test 'xmllint' to check XML markup files
[3.493s] -- Configuring done
[3.548s] [31mCMake Error at CMakeLists.txt:80 (add_library):
[3.548s]   Target "servo_controller_input" links to target
[3.548s]   "random_numbers::random_numbers" but the target was not found.  Perhaps a
[3.548s]   find_package() call is missing for an IMPORTED target, or an ALIAS target
[3.549s]   is missing?
[3.549s] 
[3.549s] [0m
[3.554s] [31mCMake Error at CMakeLists.txt:80 (add_library):
[3.555s]   Target "servo_controller_input" links to target "Boost::random" but the
[3.555s]   target was not found.  Perhaps a find_package() call is missing for an
[3.556s]   IMPORTED target, or an ALIAS target is missing?
[3.556s] 
[3.556s] [0m
[3.650s] -- Generating done
[3.657s] [0mCMake Generate step failed.  Build files cannot be regenerated correctly.[0m
<<<<<<< HEAD
<<<<<<< HEAD
>>>>>>> f6515614f97110be7e36a5fdeab81499e9790a26
=======
>>>>>>> f6515614f97110be7e36a5fdeab81499e9790a26
=======
>>>>>>> f6515614f97110be7e36a5fdeab81499e9790a26
