[0.286s] Invoking command in '/home/msd/MSD2/REV4/build/marge': CMAKE_PREFIX_PATH=/opt/ros/humble /usr/bin/cmake /home/msd/MSD2/REV4/src/marge -DCMAKE_INSTALL_PREFIX=/home/msd/MSD2/REV4/install/marge
[0.683s] -- Found ament_cmake: 1.3.14 (/opt/ros/humble/share/ament_cmake/cmake)
[0.683s] -- Override CMake install command with custom implementation using symlinks instead of copying resources
[0.683s] -- Configuring done
[0.683s] -- Generating done
[0.683s] -- Build files have been written to: /home/msd/MSD2/REV4/build/marge
[0.687s] Invoked command in '/home/msd/MSD2/REV4/build/marge' returned '0': CMAKE_PREFIX_PATH=/opt/ros/humble /usr/bin/cmake /home/msd/MSD2/REV4/src/marge -DCMAKE_INSTALL_PREFIX=/home/msd/MSD2/REV4/install/marge
[0.688s] Invoking command in '/home/msd/MSD2/REV4/build/marge': CMAKE_PREFIX_PATH=/opt/ros/humble /usr/bin/cmake --build /home/msd/MSD2/REV4/build/marge -- -j8 -l8
[0.746s] [35m[1mConsolidate compiler generated dependencies of target icl_stepper[0m
[0.774s] [ 50%] Built target icl_stepper
[0.789s] [35m[1mConsolidate compiler generated dependencies of target homer[0m
[0.813s] [100%] Built target homer
[0.841s] Invoked command in '/home/msd/MSD2/REV4/build/marge' returned '0': CMAKE_PREFIX_PATH=/opt/ros/humble /usr/bin/cmake --build /home/msd/MSD2/REV4/build/marge -- -j8 -l8
[0.843s] Invoking command in '/home/msd/MSD2/REV4/build/marge': CMAKE_PREFIX_PATH=/opt/ros/humble /usr/bin/cmake --install /home/msd/MSD2/REV4/build/marge
[0.861s] -- Install configuration: ""
[0.861s] -- Execute custom install script
[0.862s] -- Up-to-date symlink: /home/msd/MSD2/REV4/install/marge/lib/libicl_stepper.so
[0.862s] -- Up-to-date symlink: /home/msd/MSD2/REV4/install/marge/lib/marge/homer
[0.863s] -- Up-to-date symlink: /home/msd/MSD2/REV4/install/marge/include/marge/ICLStepper.h
[0.864s] -- Up-to-date symlink: /home/msd/MSD2/REV4/install/marge/share/marge/environment/library_path.sh
[0.866s] -- Up-to-date symlink: /home/msd/MSD2/REV4/install/marge/share/marge/environment/library_path.dsv
[0.867s] -- Up-to-date symlink: /home/msd/MSD2/REV4/install/marge/share/ament_index/resource_index/package_run_dependencies/marge
[0.867s] -- Up-to-date symlink: /home/msd/MSD2/REV4/install/marge/share/ament_index/resource_index/parent_prefix_path/marge
[0.867s] -- Up-to-date symlink: /home/msd/MSD2/REV4/install/marge/share/marge/environment/ament_prefix_path.sh
[0.867s] -- Up-to-date symlink: /home/msd/MSD2/REV4/install/marge/share/marge/environment/ament_prefix_path.dsv
[0.867s] -- Up-to-date symlink: /home/msd/MSD2/REV4/install/marge/share/marge/environment/path.sh
[0.868s] -- Up-to-date symlink: /home/msd/MSD2/REV4/install/marge/share/marge/environment/path.dsv
[0.868s] -- Up-to-date symlink: /home/msd/MSD2/REV4/install/marge/share/marge/local_setup.bash
[0.869s] -- Up-to-date symlink: /home/msd/MSD2/REV4/install/marge/share/marge/local_setup.sh
[0.869s] -- Up-to-date symlink: /home/msd/MSD2/REV4/install/marge/share/marge/local_setup.zsh
[0.869s] -- Up-to-date symlink: /home/msd/MSD2/REV4/install/marge/share/marge/local_setup.dsv
[0.869s] -- Symlinking: /home/msd/MSD2/REV4/install/marge/share/marge/package.dsv
[0.884s] -- Up-to-date symlink: /home/msd/MSD2/REV4/install/marge/share/ament_index/resource_index/packages/marge
[0.887s] -- Up-to-date symlink: /home/msd/MSD2/REV4/install/marge/share/marge/cmake/ament_cmake_export_include_directories-extras.cmake
[0.887s] -- Up-to-date symlink: /home/msd/MSD2/REV4/install/marge/share/marge/cmake/ament_cmake_export_libraries-extras.cmake
[0.887s] -- Up-to-date symlink: /home/msd/MSD2/REV4/install/marge/share/marge/cmake/margeConfig.cmake
[0.888s] -- Up-to-date symlink: /home/msd/MSD2/REV4/install/marge/share/marge/cmake/margeConfig-version.cmake
[0.888s] -- Up-to-date symlink: /home/msd/MSD2/REV4/install/marge/share/marge/package.xml
[0.891s] Invoked command in '/home/msd/MSD2/REV4/build/marge' returned '0': CMAKE_PREFIX_PATH=/opt/ros/humble /usr/bin/cmake --install /home/msd/MSD2/REV4/build/marge
