running develop
Removing /home/msd/MSD2/REV4/install/spotarm_gamepad/lib/python3.10/site-packages/spotarm-gamepad.egg-link (link to .)
running egg_info
writing ../../build/spotarm_gamepad/spotarm_gamepad.egg-info/PKG-INFO
writing dependency_links to ../../build/spotarm_gamepad/spotarm_gamepad.egg-info/dependency_links.txt
writing entry points to ../../build/spotarm_gamepad/spotarm_gamepad.egg-info/entry_points.txt
writing requirements to ../../build/spotarm_gamepad/spotarm_gamepad.egg-info/requires.txt
writing top-level names to ../../build/spotarm_gamepad/spotarm_gamepad.egg-info/top_level.txt
reading manifest file '../../build/spotarm_gamepad/spotarm_gamepad.egg-info/SOURCES.txt'
writing manifest file '../../build/spotarm_gamepad/spotarm_gamepad.egg-info/SOURCES.txt'
running build
running build_py
creating /home/msd/MSD2/REV4/build/spotarm_gamepad/build
creating /home/msd/MSD2/REV4/build/spotarm_gamepad/build/lib
creating /home/msd/MSD2/REV4/build/spotarm_gamepad/build/lib/spotarm_gamepad
copying spotarm_gamepad/__init__.py -> /home/msd/MSD2/REV4/build/spotarm_gamepad/build/lib/spotarm_gamepad
copying spotarm_gamepad/gamepad_node.py -> /home/msd/MSD2/REV4/build/spotarm_gamepad/build/lib/spotarm_gamepad
running install
running install_lib
creating /home/msd/MSD2/REV4/install/spotarm_gamepad/lib/python3.10/site-packages/spotarm_gamepad
copying /home/msd/MSD2/REV4/build/spotarm_gamepad/build/lib/spotarm_gamepad/__init__.py -> /home/msd/MSD2/REV4/install/spotarm_gamepad/lib/python3.10/site-packages/spotarm_gamepad
copying /home/msd/MSD2/REV4/build/spotarm_gamepad/build/lib/spotarm_gamepad/gamepad_node.py -> /home/msd/MSD2/REV4/install/spotarm_gamepad/lib/python3.10/site-packages/spotarm_gamepad
byte-compiling /home/msd/MSD2/REV4/install/spotarm_gamepad/lib/python3.10/site-packages/spotarm_gamepad/__init__.py to __init__.cpython-310.pyc
byte-compiling /home/msd/MSD2/REV4/install/spotarm_gamepad/lib/python3.10/site-packages/spotarm_gamepad/gamepad_node.py to gamepad_node.cpython-310.pyc
running install_data
copying resource/spotarm_gamepad -> /home/msd/MSD2/REV4/install/spotarm_gamepad/share/ament_index/resource_index/packages
copying package.xml -> /home/msd/MSD2/REV4/install/spotarm_gamepad/share/spotarm_gamepad
running install_egg_info
Copying ../../build/spotarm_gamepad/spotarm_gamepad.egg-info to /home/msd/MSD2/REV4/install/spotarm_gamepad/lib/python3.10/site-packages/spotarm_gamepad-0.0.1-py3.10.egg-info
running install_scripts
Installing gamepad script to /home/msd/MSD2/REV4/install/spotarm_gamepad/lib/spotarm_gamepad
writing list of installed files to '/home/msd/MSD2/REV4/build/spotarm_gamepad/install.log'
