[2.070s] Invoking command in '/home/msd/MSD2/REV4/build/spotarm_gamepad': PYTHONPATH=/home/msd/MSD2/REV4/build/spotarm_gamepad/prefix_override:/usr/lib/python3/dist-packages/colcon_core/task/python/colcon_distutils_commands:/home/msd/MSD2/REV4/install/spotarm_gamepad/lib/python3.10/site-packages:${PYTHONPATH} /usr/bin/python3 -W ignore:setup.py install is deprecated -W ignore:easy_install command is deprecated setup.py develop --uninstall --editable --build-directory /home/msd/MSD2/REV4/build/spotarm_gamepad/build
[2.513s] running develop
[2.844s] Removing /home/msd/MSD2/REV4/install/spotarm_gamepad/lib/python3.10/site-packages/spotarm-gamepad.egg-link (link to .)
[2.887s] Invoked command in '/home/msd/MSD2/REV4/build/spotarm_gamepad' returned '0': PYTHONPATH=/home/msd/MSD2/REV4/build/spotarm_gamepad/prefix_override:/usr/lib/python3/dist-packages/colcon_core/task/python/colcon_distutils_commands:/home/msd/MSD2/REV4/install/spotarm_gamepad/lib/python3.10/site-packages:${PYTHONPATH} /usr/bin/python3 -W ignore:setup.py install is deprecated -W ignore:easy_install command is deprecated setup.py develop --uninstall --editable --build-directory /home/msd/MSD2/REV4/build/spotarm_gamepad/build
[2.890s] Invoking command in '/home/msd/MSD2/REV4/src/spotarm_gamepad': PYTHONPATH=/home/msd/MSD2/REV4/build/spotarm_gamepad/prefix_override:/usr/lib/python3/dist-packages/colcon_core/task/python/colcon_distutils_commands:/home/msd/MSD2/REV4/install/spotarm_gamepad/lib/python3.10/site-packages:${PYTHONPATH} /usr/bin/python3 -W ignore:setup.py install is deprecated -W ignore:easy_install command is deprecated setup.py egg_info --egg-base ../../build/spotarm_gamepad build --build-base /home/msd/MSD2/REV4/build/spotarm_gamepad/build install --record /home/msd/MSD2/REV4/build/spotarm_gamepad/install.log --single-version-externally-managed install_data --force
[3.266s] running egg_info
[3.267s] writing ../../build/spotarm_gamepad/spotarm_gamepad.egg-info/PKG-INFO
[3.268s] writing dependency_links to ../../build/spotarm_gamepad/spotarm_gamepad.egg-info/dependency_links.txt
[3.268s] writing entry points to ../../build/spotarm_gamepad/spotarm_gamepad.egg-info/entry_points.txt
[3.268s] writing requirements to ../../build/spotarm_gamepad/spotarm_gamepad.egg-info/requires.txt
[3.268s] writing top-level names to ../../build/spotarm_gamepad/spotarm_gamepad.egg-info/top_level.txt
[3.271s] reading manifest file '../../build/spotarm_gamepad/spotarm_gamepad.egg-info/SOURCES.txt'
[3.272s] writing manifest file '../../build/spotarm_gamepad/spotarm_gamepad.egg-info/SOURCES.txt'
[3.272s] running build
[3.272s] running build_py
[3.272s] creating /home/msd/MSD2/REV4/build/spotarm_gamepad/build
[3.272s] creating /home/msd/MSD2/REV4/build/spotarm_gamepad/build/lib
[3.272s] creating /home/msd/MSD2/REV4/build/spotarm_gamepad/build/lib/spotarm_gamepad
[3.272s] copying spotarm_gamepad/__init__.py -> /home/msd/MSD2/REV4/build/spotarm_gamepad/build/lib/spotarm_gamepad
[3.273s] copying spotarm_gamepad/gamepad_node.py -> /home/msd/MSD2/REV4/build/spotarm_gamepad/build/lib/spotarm_gamepad
[3.273s] running install
[3.273s] running install_lib
[3.275s] creating /home/msd/MSD2/REV4/install/spotarm_gamepad/lib/python3.10/site-packages/spotarm_gamepad
[3.276s] copying /home/msd/MSD2/REV4/build/spotarm_gamepad/build/lib/spotarm_gamepad/__init__.py -> /home/msd/MSD2/REV4/install/spotarm_gamepad/lib/python3.10/site-packages/spotarm_gamepad
[3.276s] copying /home/msd/MSD2/REV4/build/spotarm_gamepad/build/lib/spotarm_gamepad/gamepad_node.py -> /home/msd/MSD2/REV4/install/spotarm_gamepad/lib/python3.10/site-packages/spotarm_gamepad
[3.276s] byte-compiling /home/msd/MSD2/REV4/install/spotarm_gamepad/lib/python3.10/site-packages/spotarm_gamepad/__init__.py to __init__.cpython-310.pyc
[3.277s] byte-compiling /home/msd/MSD2/REV4/install/spotarm_gamepad/lib/python3.10/site-packages/spotarm_gamepad/gamepad_node.py to gamepad_node.cpython-310.pyc
[3.278s] running install_data
[3.278s] copying resource/spotarm_gamepad -> /home/msd/MSD2/REV4/install/spotarm_gamepad/share/ament_index/resource_index/packages
[3.278s] copying package.xml -> /home/msd/MSD2/REV4/install/spotarm_gamepad/share/spotarm_gamepad
[3.278s] running install_egg_info
[3.280s] Copying ../../build/spotarm_gamepad/spotarm_gamepad.egg-info to /home/msd/MSD2/REV4/install/spotarm_gamepad/lib/python3.10/site-packages/spotarm_gamepad-0.0.1-py3.10.egg-info
[3.281s] running install_scripts
[3.319s] Installing gamepad script to /home/msd/MSD2/REV4/install/spotarm_gamepad/lib/spotarm_gamepad
[3.320s] writing list of installed files to '/home/msd/MSD2/REV4/build/spotarm_gamepad/install.log'
[3.351s] Invoked command in '/home/msd/MSD2/REV4/src/spotarm_gamepad' returned '0': PYTHONPATH=/home/msd/MSD2/REV4/build/spotarm_gamepad/prefix_override:/usr/lib/python3/dist-packages/colcon_core/task/python/colcon_distutils_commands:/home/msd/MSD2/REV4/install/spotarm_gamepad/lib/python3.10/site-packages:${PYTHONPATH} /usr/bin/python3 -W ignore:setup.py install is deprecated -W ignore:easy_install command is deprecated setup.py egg_info --egg-base ../../build/spotarm_gamepad build --build-base /home/msd/MSD2/REV4/build/spotarm_gamepad/build install --record /home/msd/MSD2/REV4/build/spotarm_gamepad/install.log --single-version-externally-managed install_data --force
