[100%] Built target servo_controller_input
-- Install configuration: ""
-- Execute custom install script
-- Up-to-date symlink: /home/msd/MSD2/REV4/install/robot_servoing/share/robot_servoing/launch/servo.launch.py
-- Up-to-date symlink: /home/msd/MSD2/REV4/install/robot_servoing/share/robot_servoing/launch/servo2.launch.py
-- Up-to-date symlink: /home/msd/MSD2/REV4/install/robot_servoing/share/robot_servoing/config/robot_simulated_config.yaml
-- Up-to-date symlink: /home/msd/MSD2/REV4/install/robot_servoing/share/ament_index/resource_index/package_run_dependencies/robot_servoing
-- Up-to-date symlink: /home/msd/MSD2/REV4/install/robot_servoing/share/ament_index/resource_index/parent_prefix_path/robot_servoing
-- Up-to-date symlink: /home/msd/MSD2/REV4/install/robot_servoing/share/robot_servoing/environment/ament_prefix_path.sh
-- Up-to-date symlink: /home/msd/MSD2/REV4/install/robot_servoing/share/robot_servoing/environment/ament_prefix_path.dsv
-- Up-to-date symlink: /home/msd/MSD2/REV4/install/robot_servoing/share/robot_servoing/environment/path.sh
-- Up-to-date symlink: /home/msd/MSD2/REV4/install/robot_servoing/share/robot_servoing/environment/path.dsv
-- Up-to-date symlink: /home/msd/MSD2/REV4/install/robot_servoing/share/robot_servoing/local_setup.bash
-- Up-to-date symlink: /home/msd/MSD2/REV4/install/robot_servoing/share/robot_servoing/local_setup.sh
-- Up-to-date symlink: /home/msd/MSD2/REV4/install/robot_servoing/share/robot_servoing/local_setup.zsh
-- Up-to-date symlink: /home/msd/MSD2/REV4/install/robot_servoing/share/robot_servoing/local_setup.dsv
-- Symlinking: /home/msd/MSD2/REV4/install/robot_servoing/share/robot_servoing/package.dsv
-- Up-to-date symlink: /home/msd/MSD2/REV4/install/robot_servoing/share/ament_index/resource_index/packages/robot_servoing
-- Up-to-date symlink: /home/msd/MSD2/REV4/install/robot_servoing/share/ament_index/resource_index/rclcpp_components/robot_servoing
-- Up-to-date symlink: /home/msd/MSD2/REV4/install/robot_servoing/share/robot_servoing/cmake/robot_servoingConfig.cmake
-- Up-to-date symlink: /home/msd/MSD2/REV4/install/robot_servoing/share/robot_servoing/cmake/robot_servoingConfig-version.cmake
-- Up-to-date symlink: /home/msd/MSD2/REV4/install/robot_servoing/share/robot_servoing/package.xml
-- Up-to-date: /home/msd/MSD2/REV4/install/robot_servoing/lib/libservo_controller_input.so
