[0.301s] Invoking command in '/home/msd/MSD2/REV4/build/robot_servoing': CMAKE_PREFIX_PATH=${CMAKE_PREFIX_PATH}:/home/msd/MSD2/msd_robot_arm_rev4/install/spotarm_assembly_description:/home/msd/MSD2/msd_robot_arm_rev4/install/robot_status_leds:/opt/ros/humble /usr/bin/cmake --build /home/msd/MSD2/REV4/build/robot_servoing -- -j8 -l8
[0.591s] [100%] Built target servo_controller_input
[0.610s] Invoked command in '/home/msd/MSD2/REV4/build/robot_servoing' returned '0': CMAKE_PREFIX_PATH=${CMAKE_PREFIX_PATH}:/home/msd/MSD2/msd_robot_arm_rev4/install/spotarm_assembly_description:/home/msd/MSD2/msd_robot_arm_rev4/install/robot_status_leds:/opt/ros/humble /usr/bin/cmake --build /home/msd/MSD2/REV4/build/robot_servoing -- -j8 -l8
[0.614s] Invoking command in '/home/msd/MSD2/REV4/build/robot_servoing': CMAKE_PREFIX_PATH=${CMAKE_PREFIX_PATH}:/home/msd/MSD2/msd_robot_arm_rev4/install/spotarm_assembly_description:/home/msd/MSD2/msd_robot_arm_rev4/install/robot_status_leds:/opt/ros/humble /usr/bin/cmake --install /home/msd/MSD2/REV4/build/robot_servoing
[0.638s] -- Install configuration: ""
[0.638s] -- Execute custom install script
[0.638s] -- Up-to-date symlink: /home/msd/MSD2/REV4/install/robot_servoing/share/robot_servoing/launch/servo.launch.py
[0.639s] -- Up-to-date symlink: /home/msd/MSD2/REV4/install/robot_servoing/share/robot_servoing/launch/servo2.launch.py
[0.639s] -- Up-to-date symlink: /home/msd/MSD2/REV4/install/robot_servoing/share/robot_servoing/config/robot_simulated_config.yaml
[0.639s] -- Up-to-date symlink: /home/msd/MSD2/REV4/install/robot_servoing/share/ament_index/resource_index/package_run_dependencies/robot_servoing
[0.639s] -- Up-to-date symlink: /home/msd/MSD2/REV4/install/robot_servoing/share/ament_index/resource_index/parent_prefix_path/robot_servoing
[0.639s] -- Up-to-date symlink: /home/msd/MSD2/REV4/install/robot_servoing/share/robot_servoing/environment/ament_prefix_path.sh
[0.639s] -- Up-to-date symlink: /home/msd/MSD2/REV4/install/robot_servoing/share/robot_servoing/environment/ament_prefix_path.dsv
[0.639s] -- Up-to-date symlink: /home/msd/MSD2/REV4/install/robot_servoing/share/robot_servoing/environment/path.sh
[0.639s] -- Up-to-date symlink: /home/msd/MSD2/REV4/install/robot_servoing/share/robot_servoing/environment/path.dsv
[0.639s] -- Up-to-date symlink: /home/msd/MSD2/REV4/install/robot_servoing/share/robot_servoing/local_setup.bash
[0.639s] -- Up-to-date symlink: /home/msd/MSD2/REV4/install/robot_servoing/share/robot_servoing/local_setup.sh
[0.640s] -- Up-to-date symlink: /home/msd/MSD2/REV4/install/robot_servoing/share/robot_servoing/local_setup.zsh
[0.640s] -- Up-to-date symlink: /home/msd/MSD2/REV4/install/robot_servoing/share/robot_servoing/local_setup.dsv
[0.640s] -- Symlinking: /home/msd/MSD2/REV4/install/robot_servoing/share/robot_servoing/package.dsv
[0.647s] -- Up-to-date symlink: /home/msd/MSD2/REV4/install/robot_servoing/share/ament_index/resource_index/packages/robot_servoing
[0.647s] -- Up-to-date symlink: /home/msd/MSD2/REV4/install/robot_servoing/share/ament_index/resource_index/rclcpp_components/robot_servoing
[0.647s] -- Up-to-date symlink: /home/msd/MSD2/REV4/install/robot_servoing/share/robot_servoing/cmake/robot_servoingConfig.cmake
[0.648s] -- Up-to-date symlink: /home/msd/MSD2/REV4/install/robot_servoing/share/robot_servoing/cmake/robot_servoingConfig-version.cmake
[0.649s] -- Up-to-date symlink: /home/msd/MSD2/REV4/install/robot_servoing/share/robot_servoing/package.xml
[0.649s] -- Up-to-date: /home/msd/MSD2/REV4/install/robot_servoing/lib/libservo_controller_input.so
[0.741s] Invoked command in '/home/msd/MSD2/REV4/build/robot_servoing' returned '0': CMAKE_PREFIX_PATH=${CMAKE_PREFIX_PATH}:/home/msd/MSD2/msd_robot_arm_rev4/install/spotarm_assembly_description:/home/msd/MSD2/msd_robot_arm_rev4/install/robot_status_leds:/opt/ros/humble /usr/bin/cmake --install /home/msd/MSD2/REV4/build/robot_servoing
