[0.287s] Invoking command in '/home/msd/MSD2/REV4/build/robot_hardware': CMAKE_PREFIX_PATH=/opt/ros/humble /usr/bin/cmake /home/msd/MSD2/REV4/src/robot_hardware -DCMAKE_INSTALL_PREFIX=/home/msd/MSD2/REV4/install/robot_hardware
[0.677s] -- Found ament_cmake: 1.3.14 (/opt/ros/humble/share/ament_cmake/cmake)
[0.677s] -- Override CMake install command with custom implementation using symlinks instead of copying resources
[0.677s] -- Found rclcpp: 16.0.19 (/opt/ros/humble/share/rclcpp/cmake)
[0.677s] -- Found rosidl_generator_c: 3.1.8 (/opt/ros/humble/share/rosidl_generator_c/cmake)
[0.678s] -- Found rosidl_adapter: 3.1.8 (/opt/ros/humble/share/rosidl_adapter/cmake)
[0.678s] -- Found rosidl_generator_cpp: 3.1.8 (/opt/ros/humble/share/rosidl_generator_cpp/cmake)
[0.678s] -- Using all available rosidl_typesupport_c: rosidl_typesupport_fastrtps_c;rosidl_typesupport_introspection_c
[0.678s] -- Using all available rosidl_typesupport_cpp: rosidl_typesupport_fastrtps_cpp;rosidl_typesupport_introspection_cpp
[0.678s] -- Found rmw_implementation_cmake: 6.1.2 (/opt/ros/humble/share/rmw_implementation_cmake/cmake)
[0.678s] -- Found rmw_fastrtps_cpp: 6.2.10 (/opt/ros/humble/share/rmw_fastrtps_cpp/cmake)
[0.814s] -- Using RMW implementation 'rmw_fastrtps_cpp' as default
[0.935s] -- Found rclcpp_lifecycle: 16.0.19 (/opt/ros/humble/share/rclcpp_lifecycle/cmake)
[0.970s] -- Found hardware_interface: 2.53.1 (/opt/ros/humble/share/hardware_interface/cmake)
[1.262s] -- Configuring done
[1.284s] -- Generating done
[1.291s] -- Build files have been written to: /home/msd/MSD2/REV4/build/robot_hardware
[1.306s] Invoked command in '/home/msd/MSD2/REV4/build/robot_hardware' returned '0': CMAKE_PREFIX_PATH=/opt/ros/humble /usr/bin/cmake /home/msd/MSD2/REV4/src/robot_hardware -DCMAKE_INSTALL_PREFIX=/home/msd/MSD2/REV4/install/robot_hardware
[1.309s] Invoking command in '/home/msd/MSD2/REV4/build/robot_hardware': CMAKE_PREFIX_PATH=/opt/ros/humble /usr/bin/cmake --build /home/msd/MSD2/REV4/build/robot_hardware -- -j8 -l8
[1.366s] [35m[1mConsolidate compiler generated dependencies of target robot_hardware_arm[0m
[1.389s] [100%] Built target robot_hardware_arm
[1.407s] Invoked command in '/home/msd/MSD2/REV4/build/robot_hardware' returned '0': CMAKE_PREFIX_PATH=/opt/ros/humble /usr/bin/cmake --build /home/msd/MSD2/REV4/build/robot_hardware -- -j8 -l8
[1.409s] Invoking command in '/home/msd/MSD2/REV4/build/robot_hardware': CMAKE_PREFIX_PATH=/opt/ros/humble /usr/bin/cmake --install /home/msd/MSD2/REV4/build/robot_hardware
[1.419s] -- Install configuration: ""
[1.419s] -- Execute custom install script
[1.420s] -- Up-to-date symlink: /home/msd/MSD2/REV4/install/robot_hardware/share/robot_hardware//robot_hardware_plugin.xml
[1.421s] -- Up-to-date symlink: /home/msd/MSD2/REV4/install/robot_hardware/lib/librobot_hardware_arm.so
[1.422s] -- Up-to-date symlink: /home/msd/MSD2/REV4/install/robot_hardware/include/robot_hardware/ICLStepper.h
[1.422s] -- Up-to-date symlink: /home/msd/MSD2/REV4/install/robot_hardware/include/robot_hardware/arm_hardware_interface.hpp
[1.423s] -- Up-to-date symlink: /home/msd/MSD2/REV4/install/robot_hardware/share/robot_hardware/robot_hardware_plugin.xml
[1.423s] -- Up-to-date symlink: /home/msd/MSD2/REV4/install/robot_hardware/share/ament_index/resource_index/package_run_dependencies/robot_hardware
[1.423s] -- Up-to-date symlink: /home/msd/MSD2/REV4/install/robot_hardware/share/ament_index/resource_index/parent_prefix_path/robot_hardware
[1.423s] -- Up-to-date symlink: /home/msd/MSD2/REV4/install/robot_hardware/share/robot_hardware/environment/ament_prefix_path.sh
[1.423s] -- Up-to-date symlink: /home/msd/MSD2/REV4/install/robot_hardware/share/robot_hardware/environment/ament_prefix_path.dsv
[1.424s] -- Up-to-date symlink: /home/msd/MSD2/REV4/install/robot_hardware/share/robot_hardware/environment/path.sh
[1.424s] -- Up-to-date symlink: /home/msd/MSD2/REV4/install/robot_hardware/share/robot_hardware/environment/path.dsv
[1.424s] -- Up-to-date symlink: /home/msd/MSD2/REV4/install/robot_hardware/share/robot_hardware/local_setup.bash
[1.425s] -- Up-to-date symlink: /home/msd/MSD2/REV4/install/robot_hardware/share/robot_hardware/local_setup.sh
[1.425s] -- Up-to-date symlink: /home/msd/MSD2/REV4/install/robot_hardware/share/robot_hardware/local_setup.zsh
[1.425s] -- Up-to-date symlink: /home/msd/MSD2/REV4/install/robot_hardware/share/robot_hardware/local_setup.dsv
[1.425s] -- Symlinking: /home/msd/MSD2/REV4/install/robot_hardware/share/robot_hardware/package.dsv
[1.436s] -- Up-to-date symlink: /home/msd/MSD2/REV4/install/robot_hardware/share/ament_index/resource_index/packages/robot_hardware
[1.436s] -- Up-to-date symlink: /home/msd/MSD2/REV4/install/robot_hardware/share/ament_index/resource_index/hardware_interface__pluginlib__plugin/robot_hardware
[1.437s] -- Up-to-date symlink: /home/msd/MSD2/REV4/install/robot_hardware/share/robot_hardware/cmake/robot_hardwareConfig.cmake
[1.437s] -- Up-to-date symlink: /home/msd/MSD2/REV4/install/robot_hardware/share/robot_hardware/cmake/robot_hardwareConfig-version.cmake
[1.437s] -- Up-to-date symlink: /home/msd/MSD2/REV4/install/robot_hardware/share/robot_hardware/package.xml
[1.440s] Invoked command in '/home/msd/MSD2/REV4/build/robot_hardware' returned '0': CMAKE_PREFIX_PATH=/opt/ros/humble /usr/bin/cmake --install /home/msd/MSD2/REV4/build/robot_hardware
