[1.539s] Invoking command in '/home/msd/MSD2/REV4/src/robot_status_leds': PYTHONPATH=/home/msd/MSD2/REV4/build/robot_status_leds/prefix_override:/usr/lib/python3/dist-packages/colcon_core/task/python/colcon_distutils_commands:/home/msd/MSD2/REV4/install/robot_status_leds/lib/python3.10/site-packages:${PYTHONPATH} /usr/bin/python3 -W ignore:setup.py install is deprecated -W ignore:easy_install command is deprecated setup.py egg_info --egg-base ../../build/robot_status_leds build --build-base /home/msd/MSD2/REV4/build/robot_status_leds/build install --record /home/msd/MSD2/REV4/build/robot_status_leds/install.log --single-version-externally-managed install_data
[2.616s] running egg_info
[2.616s] creating ../../build/robot_status_leds/robot_status_leds.egg-info
[2.616s] writing ../../build/robot_status_leds/robot_status_leds.egg-info/PKG-INFO
[2.616s] writing dependency_links to ../../build/robot_status_leds/robot_status_leds.egg-info/dependency_links.txt
[2.616s] writing entry points to ../../build/robot_status_leds/robot_status_leds.egg-info/entry_points.txt
[2.616s] writing requirements to ../../build/robot_status_leds/robot_status_leds.egg-info/requires.txt
[2.616s] writing top-level names to ../../build/robot_status_leds/robot_status_leds.egg-info/top_level.txt
[2.617s] writing manifest file '../../build/robot_status_leds/robot_status_leds.egg-info/SOURCES.txt'
[2.617s] reading manifest file '../../build/robot_status_leds/robot_status_leds.egg-info/SOURCES.txt'
[2.617s] adding license file 'LICENSE'
[2.617s] writing manifest file '../../build/robot_status_leds/robot_status_leds.egg-info/SOURCES.txt'
[2.617s] running build
[2.617s] running build_py
[2.617s] creating /home/msd/MSD2/REV4/build/robot_status_leds/build
[2.618s] creating /home/msd/MSD2/REV4/build/robot_status_leds/build/lib
[2.618s] creating /home/msd/MSD2/REV4/build/robot_status_leds/build/lib/robot_status_leds
[2.618s] copying robot_status_leds/led_state_node.py -> /home/msd/MSD2/REV4/build/robot_status_leds/build/lib/robot_status_leds
[2.618s] copying robot_status_leds/__init__.py -> /home/msd/MSD2/REV4/build/robot_status_leds/build/lib/robot_status_leds
[2.618s] copying robot_status_leds/led_controller.py -> /home/msd/MSD2/REV4/build/robot_status_leds/build/lib/robot_status_leds
[2.618s] running install
[2.618s] running install_lib
[2.618s] creating /home/msd/MSD2/REV4/install/robot_status_leds/lib/python3.10/site-packages/robot_status_leds
[2.619s] copying /home/msd/MSD2/REV4/build/robot_status_leds/build/lib/robot_status_leds/led_state_node.py -> /home/msd/MSD2/REV4/install/robot_status_leds/lib/python3.10/site-packages/robot_status_leds
[2.619s] copying /home/msd/MSD2/REV4/build/robot_status_leds/build/lib/robot_status_leds/__init__.py -> /home/msd/MSD2/REV4/install/robot_status_leds/lib/python3.10/site-packages/robot_status_leds
[2.619s] copying /home/msd/MSD2/REV4/build/robot_status_leds/build/lib/robot_status_leds/led_controller.py -> /home/msd/MSD2/REV4/install/robot_status_leds/lib/python3.10/site-packages/robot_status_leds
[2.619s] byte-compiling /home/msd/MSD2/REV4/install/robot_status_leds/lib/python3.10/site-packages/robot_status_leds/led_state_node.py to led_state_node.cpython-310.pyc
[2.619s] byte-compiling /home/msd/MSD2/REV4/install/robot_status_leds/lib/python3.10/site-packages/robot_status_leds/__init__.py to __init__.cpython-310.pyc
[2.619s] byte-compiling /home/msd/MSD2/REV4/install/robot_status_leds/lib/python3.10/site-packages/robot_status_leds/led_controller.py to led_controller.cpython-310.pyc
[2.619s] running install_data
[2.619s] creating /home/msd/MSD2/REV4/install/robot_status_leds/share/ament_index
[2.619s] creating /home/msd/MSD2/REV4/install/robot_status_leds/share/ament_index/resource_index
[2.620s] creating /home/msd/MSD2/REV4/install/robot_status_leds/share/ament_index/resource_index/packages
[2.620s] copying resource/robot_status_leds -> /home/msd/MSD2/REV4/install/robot_status_leds/share/ament_index/resource_index/packages
[2.620s] copying package.xml -> /home/msd/MSD2/REV4/install/robot_status_leds/share/robot_status_leds
[2.620s] running install_egg_info
[2.620s] Copying ../../build/robot_status_leds/robot_status_leds.egg-info to /home/msd/MSD2/REV4/install/robot_status_leds/lib/python3.10/site-packages/robot_status_leds-0.0.0-py3.10.egg-info
[2.620s] running install_scripts
[2.620s] Installing led_state_node script to /home/msd/MSD2/REV4/install/robot_status_leds/lib/robot_status_leds
[2.620s] writing list of installed files to '/home/msd/MSD2/REV4/build/robot_status_leds/install.log'
[2.628s] Invoked command in '/home/msd/MSD2/REV4/src/robot_status_leds' returned '0': PYTHONPATH=/home/msd/MSD2/REV4/build/robot_status_leds/prefix_override:/usr/lib/python3/dist-packages/colcon_core/task/python/colcon_distutils_commands:/home/msd/MSD2/REV4/install/robot_status_leds/lib/python3.10/site-packages:${PYTHONPATH} /usr/bin/python3 -W ignore:setup.py install is deprecated -W ignore:easy_install command is deprecated setup.py egg_info --egg-base ../../build/robot_status_leds build --build-base /home/msd/MSD2/REV4/build/robot_status_leds/build install --record /home/msd/MSD2/REV4/build/robot_status_leds/install.log --single-version-externally-managed install_data
