[1.389s] Invoking command in '/mnt/c/Users/Oden2/Downloads/MSD-SPOT-robot-Rev-4/build/robot_servoing': CMAKE_PREFIX_PATH=${CMAKE_PREFIX_PATH}:/opt/ros/humble /usr/bin/cmake /mnt/c/Users/Oden2/Downloads/MSD-SPOT-robot-Rev-4/src/robot_servoing -DAMENT_CMAKE_SYMLINK_INSTALL=1 -DCMAKE_INSTALL_PREFIX=/mnt/c/Users/Oden2/Downloads/MSD-SPOT-robot-Rev-4/install/robot_servoing
[2.847s] -- The C compiler identification is GNU 11.4.0
[6.724s] -- The CXX compiler identification is GNU 11.4.0
[8.991s] -- Detecting C compiler ABI info
[11.673s] -- Detecting C compiler ABI info - done
[11.748s] -- Check for working C compiler: /usr/bin/cc - skipped
[11.752s] -- Detecting C compile features
[11.755s] -- Detecting C compile features - done
[11.965s] -- Detecting CXX compiler ABI info
[14.361s] -- Detecting CXX compiler ABI info - done
[14.421s] -- Check for working CXX compiler: /usr/bin/c++ - skipped
[14.423s] -- Detecting CXX compile features
[14.426s] -- Detecting CXX compile features - done
[14.623s] -- Found ament_cmake: 1.3.12 (/opt/ros/humble/share/ament_cmake/cmake)
[15.050s] -- Found Python3: /usr/bin/python3 (found version "3.10.12") found components: Interpreter 
[15.337s] -- Override CMake install command with custom implementation using symlinks instead of copying resources
[16.235s] -- Found control_msgs: 4.8.0 (/opt/ros/humble/share/control_msgs/cmake)
[17.571s] -- Found rosidl_generator_c: 3.1.8 (/opt/ros/humble/share/rosidl_generator_c/cmake)
[17.663s] -- Found rosidl_adapter: 3.1.8 (/opt/ros/humble/share/rosidl_adapter/cmake)
[17.766s] -- Found rosidl_generator_cpp: 3.1.8 (/opt/ros/humble/share/rosidl_generator_cpp/cmake)
[17.882s] -- Using all available rosidl_typesupport_c: rosidl_typesupport_fastrtps_c;rosidl_typesupport_introspection_c
[18.046s] -- Using all available rosidl_typesupport_cpp: rosidl_typesupport_fastrtps_cpp;rosidl_typesupport_introspection_cpp
[18.620s] -- Found control_toolbox: 3.6.3 (/opt/ros/humble/share/control_toolbox/cmake)
[20.031s] -- Found rmw_implementation_cmake: 6.1.2 (/opt/ros/humble/share/rmw_implementation_cmake/cmake)
[20.123s] -- Found rmw_fastrtps_cpp: 6.2.9 (/opt/ros/humble/share/rmw_fastrtps_cpp/cmake)
[30.272s] -- Found OpenSSL: /usr/lib/x86_64-linux-gnu/libcrypto.so (found version "3.0.2")  
[40.230s] -- Found FastRTPS: /opt/ros/humble/include  
[47.677s] -- Using RMW implementation 'rmw_fastrtps_cpp' as default
[48.515s] -- Looking for pthread.h
[50.637s] -- Looking for pthread.h - found
[50.676s] -- Performing Test CMAKE_HAVE_LIBC_PTHREAD
[53.155s] -- Performing Test CMAKE_HAVE_LIBC_PTHREAD - Success
[53.165s] -- Found Threads: TRUE  
[65.007s] -- Found moveit_core: 2.5.9 (/opt/ros/humble/share/moveit_core/cmake)
[68.909s] -- Found Boost: /usr/lib/x86_64-linux-gnu/cmake/Boost-1.74.0/BoostConfig.cmake (found version "1.74.0") found components: chrono date_time filesystem iostreams program_options regex serialization system thread 
[77.148s] -- Found Boost: /usr/lib/x86_64-linux-gnu/cmake/Boost-1.74.0/BoostConfig.cmake (found version "1.74.0") found components: filesystem 
[82.761s] -- library: /usr/lib/x86_64-linux-gnu/libcurl.so
[83.911s] -- Found Eigen3: TRUE (found version "3.4.0") 
[83.912s] -- Ensuring Eigen3 include directory is part of orocos-kdl CMake target
[86.569s] -- Found moveit_ros_planning: 2.5.9 (/opt/ros/humble/share/moveit_ros_planning/cmake)
[86.574s] -- Found Boost: /usr/lib/x86_64-linux-gnu/cmake/Boost-1.74.0/BoostConfig.cmake (found version "1.74.0") found components: system filesystem date_time program_options thread chrono 
[86.813s] -- Found moveit_ros_planning_interface: 2.5.9 (/opt/ros/humble/share/moveit_ros_planning_interface/cmake)
[86.816s] -- Found Boost: /usr/lib/x86_64-linux-gnu/cmake/Boost-1.74.0/BoostConfig.cmake (found version "1.74.0") found components: date_time filesystem program_options system thread 
[86.907s] -- Found Boost: /usr/lib/x86_64-linux-gnu/cmake/Boost-1.74.0/BoostConfig.cmake (found version "1.74.0") found components: thread system filesystem regex date_time program_options 
[87.089s] -- Found Boost: /usr/lib/x86_64-linux-gnu/cmake/Boost-1.74.0/BoostConfig.cmake (found version "1.74.0") found components: system filesystem date_time program_options thread 
[87.364s] -- Found ament_lint_auto: 0.12.14 (/opt/ros/humble/share/ament_lint_auto/cmake)
[89.866s] -- Added test 'cppcheck' to perform static code analysis on C / C++ code
[89.867s] -- Configured cppcheck include dirs: /mnt/c/Users/Oden2/Downloads/MSD-SPOT-robot-Rev-4/src/robot_servoing/include
[89.868s] -- Configured cppcheck exclude dirs and/or files: 
[89.942s] -- Added test 'flake8' to check Python code syntax and style conventions
[90.057s] -- Added test 'lint_cmake' to check CMake code style
[90.125s] -- Added test 'pep257' to check Python code against some of the docstring style conventions in PEP 257
[90.487s] -- Added test 'uncrustify' to check C / C++ code style
[90.488s] -- Configured uncrustify additional arguments: 
[90.612s] -- Added test 'xmllint' to check XML markup files
[90.884s] -- Configuring done
[91.349s] -- Generating done
[91.660s] -- Build files have been written to: /mnt/c/Users/Oden2/Downloads/MSD-SPOT-robot-Rev-4/build/robot_servoing
[91.688s] Invoked command in '/mnt/c/Users/Oden2/Downloads/MSD-SPOT-robot-Rev-4/build/robot_servoing' returned '0': CMAKE_PREFIX_PATH=${CMAKE_PREFIX_PATH}:/opt/ros/humble /usr/bin/cmake /mnt/c/Users/Oden2/Downloads/MSD-SPOT-robot-Rev-4/src/robot_servoing -DAMENT_CMAKE_SYMLINK_INSTALL=1 -DCMAKE_INSTALL_PREFIX=/mnt/c/Users/Oden2/Downloads/MSD-SPOT-robot-Rev-4/install/robot_servoing
[91.702s] Invoking command in '/mnt/c/Users/Oden2/Downloads/MSD-SPOT-robot-Rev-4/build/robot_servoing': CMAKE_PREFIX_PATH=${CMAKE_PREFIX_PATH}:/opt/ros/humble /usr/bin/cmake --build /mnt/c/Users/Oden2/Downloads/MSD-SPOT-robot-Rev-4/build/robot_servoing -- -j16 -l16
[92.742s] [ 50%] [32mBuilding CXX object CMakeFiles/servo_controller_input.dir/src/my_gamepad_to_servo_node.cpp.o[0m
[102.175s] [100%] [32m[1mLinking CXX shared library libservo_controller_input.so[0m
[106.829s] [100%] Built target servo_controller_input
[106.939s] Invoked command in '/mnt/c/Users/Oden2/Downloads/MSD-SPOT-robot-Rev-4/build/robot_servoing' returned '0': CMAKE_PREFIX_PATH=${CMAKE_PREFIX_PATH}:/opt/ros/humble /usr/bin/cmake --build /mnt/c/Users/Oden2/Downloads/MSD-SPOT-robot-Rev-4/build/robot_servoing -- -j16 -l16
[106.960s] Invoking command in '/mnt/c/Users/Oden2/Downloads/MSD-SPOT-robot-Rev-4/build/robot_servoing': CMAKE_PREFIX_PATH=${CMAKE_PREFIX_PATH}:/opt/ros/humble /usr/bin/cmake --install /mnt/c/Users/Oden2/Downloads/MSD-SPOT-robot-Rev-4/build/robot_servoing
[107.058s] -- Install configuration: ""
[107.067s] -- Execute custom install script
[107.106s] -- Symlinking: /mnt/c/Users/Oden2/Downloads/MSD-SPOT-robot-Rev-4/install/robot_servoing/share/robot_servoing/launch/servo.launch.py
[107.225s] -- Symlinking: /mnt/c/Users/Oden2/Downloads/MSD-SPOT-robot-Rev-4/install/robot_servoing/share/robot_servoing/launch/servo2.launch.py
[107.361s] -- Symlinking: /mnt/c/Users/Oden2/Downloads/MSD-SPOT-robot-Rev-4/install/robot_servoing/share/robot_servoing/config/robot_simulated_config.yaml
[107.520s] -- Symlinking: /mnt/c/Users/Oden2/Downloads/MSD-SPOT-robot-Rev-4/install/robot_servoing/share/ament_index/resource_index/package_run_dependencies/robot_servoing
[107.681s] -- Symlinking: /mnt/c/Users/Oden2/Downloads/MSD-SPOT-robot-Rev-4/install/robot_servoing/share/ament_index/resource_index/parent_prefix_path/robot_servoing
[107.865s] -- Symlinking: /mnt/c/Users/Oden2/Downloads/MSD-SPOT-robot-Rev-4/install/robot_servoing/share/robot_servoing/environment/ament_prefix_path.sh
[107.987s] -- Symlinking: /mnt/c/Users/Oden2/Downloads/MSD-SPOT-robot-Rev-4/install/robot_servoing/share/robot_servoing/environment/ament_prefix_path.dsv
[108.109s] -- Symlinking: /mnt/c/Users/Oden2/Downloads/MSD-SPOT-robot-Rev-4/install/robot_servoing/share/robot_servoing/environment/path.sh
[108.238s] -- Symlinking: /mnt/c/Users/Oden2/Downloads/MSD-SPOT-robot-Rev-4/install/robot_servoing/share/robot_servoing/environment/path.dsv
[108.385s] -- Symlinking: /mnt/c/Users/Oden2/Downloads/MSD-SPOT-robot-Rev-4/install/robot_servoing/share/robot_servoing/local_setup.bash
[108.535s] -- Symlinking: /mnt/c/Users/Oden2/Downloads/MSD-SPOT-robot-Rev-4/install/robot_servoing/share/robot_servoing/local_setup.sh
[108.677s] -- Symlinking: /mnt/c/Users/Oden2/Downloads/MSD-SPOT-robot-Rev-4/install/robot_servoing/share/robot_servoing/local_setup.zsh
[108.816s] -- Symlinking: /mnt/c/Users/Oden2/Downloads/MSD-SPOT-robot-Rev-4/install/robot_servoing/share/robot_servoing/local_setup.dsv
[108.950s] -- Symlinking: /mnt/c/Users/Oden2/Downloads/MSD-SPOT-robot-Rev-4/install/robot_servoing/share/robot_servoing/package.dsv
[109.157s] -- Symlinking: /mnt/c/Users/Oden2/Downloads/MSD-SPOT-robot-Rev-4/install/robot_servoing/share/ament_index/resource_index/packages/robot_servoing
[109.316s] -- Symlinking: /mnt/c/Users/Oden2/Downloads/MSD-SPOT-robot-Rev-4/install/robot_servoing/share/ament_index/resource_index/rclcpp_components/robot_servoing
[109.444s] -- Symlinking: /mnt/c/Users/Oden2/Downloads/MSD-SPOT-robot-Rev-4/install/robot_servoing/share/robot_servoing/cmake/robot_servoingConfig.cmake
[109.572s] -- Symlinking: /mnt/c/Users/Oden2/Downloads/MSD-SPOT-robot-Rev-4/install/robot_servoing/share/robot_servoing/cmake/robot_servoingConfig-version.cmake
[109.692s] -- Symlinking: /mnt/c/Users/Oden2/Downloads/MSD-SPOT-robot-Rev-4/install/robot_servoing/share/robot_servoing/package.xml
[109.881s] -- Installing: /mnt/c/Users/Oden2/Downloads/MSD-SPOT-robot-Rev-4/install/robot_servoing/lib/libservo_controller_input.so
[110.455s] -- Set runtime path of "/mnt/c/Users/Oden2/Downloads/MSD-SPOT-robot-Rev-4/install/robot_servoing/lib/libservo_controller_input.so" to ""
[110.462s] Invoked command in '/mnt/c/Users/Oden2/Downloads/MSD-SPOT-robot-Rev-4/build/robot_servoing' returned '0': CMAKE_PREFIX_PATH=${CMAKE_PREFIX_PATH}:/opt/ros/humble /usr/bin/cmake --install /mnt/c/Users/Oden2/Downloads/MSD-SPOT-robot-Rev-4/build/robot_servoing
