<<<<<<< HEAD
<<<<<<< HEAD
<<<<<<< HEAD
running develop
running egg_info
writing spotarm_assembly_description.egg-info/PKG-INFO
writing dependency_links to spotarm_assembly_description.egg-info/dependency_links.txt
writing entry points to spotarm_assembly_description.egg-info/entry_points.txt
writing requirements to spotarm_assembly_description.egg-info/requires.txt
writing top-level names to spotarm_assembly_description.egg-info/top_level.txt
reading manifest file 'spotarm_assembly_description.egg-info/SOURCES.txt'
writing manifest file 'spotarm_assembly_description.egg-info/SOURCES.txt'
running build_ext
Creating /home/msd/MSD2/REV4/install/spotarm_assembly_description/lib/python3.10/site-packages/spotarm-assembly-description.egg-link (link to .)

Installed /home/msd/MSD2/REV4/build/spotarm_assembly_description
running symlink_data
=======
=======
>>>>>>> f6515614f97110be7e36a5fdeab81499e9790a26
=======
>>>>>>> f6515614f97110be7e36a5fdeab81499e9790a26
running develop
running egg_info
writing spotarm_assembly_description.egg-info/PKG-INFO
writing dependency_links to spotarm_assembly_description.egg-info/dependency_links.txt
writing entry points to spotarm_assembly_description.egg-info/entry_points.txt
writing requirements to spotarm_assembly_description.egg-info/requires.txt
writing top-level names to spotarm_assembly_description.egg-info/top_level.txt
reading manifest file 'spotarm_assembly_description.egg-info/SOURCES.txt'
writing manifest file 'spotarm_assembly_description.egg-info/SOURCES.txt'
running build_ext
Creating /home/msd/MSD2/REV4/install/spotarm_assembly_description/lib/python3.10/site-packages/spotarm-assembly-description.egg-link (link to .)

Installed /home/msd/MSD2/REV4/build/spotarm_assembly_description
running symlink_data
<<<<<<< HEAD
<<<<<<< HEAD
>>>>>>> f6515614f97110be7e36a5fdeab81499e9790a26
=======
>>>>>>> f6515614f97110be7e36a5fdeab81499e9790a26
=======
>>>>>>> f6515614f97110be7e36a5fdeab81499e9790a26
