<<<<<<< HEAD
<<<<<<< HEAD
[3.302s] Invoking command in '/home/msd/MSD2/REV4/build/spotarm_assembly_description': PYTHONPATH=/home/msd/MSD2/REV4/build/spotarm_assembly_description/prefix_override:/usr/lib/python3/dist-packages/colcon_core/task/python/colcon_distutils_commands:/home/msd/MSD2/REV4/install/spotarm_assembly_description/lib/python3.10/site-packages:${PYTHONPATH} /usr/bin/python3 -W ignore:setup.py install is deprecated -W ignore:easy_install command is deprecated setup.py develop --editable --build-directory /home/msd/MSD2/REV4/build/spotarm_assembly_description/build --no-deps symlink_data
[4.066s] /usr/lib/python3/dist-packages/setuptools/dist.py:723: UserWarning: Usage of dash-separated 'script-dir' will not be supported in future versions. Please use the underscore name 'script_dir' instead
[4.067s]   warnings.warn(
[4.137s] running develop
[4.509s] running egg_info
[4.510s] writing spotarm_assembly_description.egg-info/PKG-INFO
[4.510s] writing dependency_links to spotarm_assembly_description.egg-info/dependency_links.txt
[4.511s] writing entry points to spotarm_assembly_description.egg-info/entry_points.txt
[4.512s] writing requirements to spotarm_assembly_description.egg-info/requires.txt
[4.513s] writing top-level names to spotarm_assembly_description.egg-info/top_level.txt
[4.518s] reading manifest file 'spotarm_assembly_description.egg-info/SOURCES.txt'
[4.520s] writing manifest file 'spotarm_assembly_description.egg-info/SOURCES.txt'
[4.523s] running build_ext
[4.524s] Creating /home/msd/MSD2/REV4/install/spotarm_assembly_description/lib/python3.10/site-packages/spotarm-assembly-description.egg-link (link to .)
[4.526s] 
[4.526s] Installed /home/msd/MSD2/REV4/build/spotarm_assembly_description
[4.527s] running symlink_data
=======
=======
>>>>>>> f6515614f97110be7e36a5fdeab81499e9790a26
[3.302s] Invoking command in '/home/msd/MSD2/REV4/build/spotarm_assembly_description': PYTHONPATH=/home/msd/MSD2/REV4/build/spotarm_assembly_description/prefix_override:/usr/lib/python3/dist-packages/colcon_core/task/python/colcon_distutils_commands:/home/msd/MSD2/REV4/install/spotarm_assembly_description/lib/python3.10/site-packages:${PYTHONPATH} /usr/bin/python3 -W ignore:setup.py install is deprecated -W ignore:easy_install command is deprecated setup.py develop --editable --build-directory /home/msd/MSD2/REV4/build/spotarm_assembly_description/build --no-deps symlink_data
[4.066s] /usr/lib/python3/dist-packages/setuptools/dist.py:723: UserWarning: Usage of dash-separated 'script-dir' will not be supported in future versions. Please use the underscore name 'script_dir' instead
[4.067s]   warnings.warn(
[4.137s] running develop
[4.509s] running egg_info
[4.510s] writing spotarm_assembly_description.egg-info/PKG-INFO
[4.510s] writing dependency_links to spotarm_assembly_description.egg-info/dependency_links.txt
[4.511s] writing entry points to spotarm_assembly_description.egg-info/entry_points.txt
[4.512s] writing requirements to spotarm_assembly_description.egg-info/requires.txt
[4.513s] writing top-level names to spotarm_assembly_description.egg-info/top_level.txt
[4.518s] reading manifest file 'spotarm_assembly_description.egg-info/SOURCES.txt'
[4.520s] writing manifest file 'spotarm_assembly_description.egg-info/SOURCES.txt'
[4.523s] running build_ext
[4.524s] Creating /home/msd/MSD2/REV4/install/spotarm_assembly_description/lib/python3.10/site-packages/spotarm-assembly-description.egg-link (link to .)
[4.526s] 
[4.526s] Installed /home/msd/MSD2/REV4/build/spotarm_assembly_description
[4.527s] running symlink_data
<<<<<<< HEAD
>>>>>>> f6515614f97110be7e36a5fdeab81499e9790a26
=======
>>>>>>> f6515614f97110be7e36a5fdeab81499e9790a26
