[0.013s] Invoking command in '/home/msd/MSD2/REV4/build/robot_commander': CMAKE_PREFIX_PATH=${CMAKE_PREFIX_PATH}:/home/msd/MSD2/REV4/install/spotarm_assembly_description:/home/msd/MSD2/REV4/install/robot_status_leds:/opt/ros/humble /usr/bin/cmake --build /home/msd/MSD2/REV4/build/robot_commander -- -j8 -l8
[0.047s] -- Found ament_cmake: 1.3.14 (/opt/ros/humble/share/ament_cmake/cmake)
[0.261s] -- Override CMake install command with custom implementation using symlinks instead of copying resources
[0.270s] -- Found rclcpp: 16.0.19 (/opt/ros/humble/share/rclcpp/cmake)
[0.314s] -- Found rosidl_generator_c: 3.1.8 (/opt/ros/humble/share/rosidl_generator_c/cmake)
[0.317s] -- Found rosidl_adapter: 3.1.8 (/opt/ros/humble/share/rosidl_adapter/cmake)
[0.325s] -- Found rosidl_generator_cpp: 3.1.8 (/opt/ros/humble/share/rosidl_generator_cpp/cmake)
[0.344s] -- Using all available rosidl_typesupport_c: rosidl_typesupport_fastrtps_c;rosidl_typesupport_introspection_c
[0.360s] -- Using all available rosidl_typesupport_cpp: rosidl_typesupport_fastrtps_cpp;rosidl_typesupport_introspection_cpp
[0.412s] -- Found rmw_implementation_cmake: 6.1.2 (/opt/ros/humble/share/rmw_implementation_cmake/cmake)
[0.416s] -- Found rmw_fastrtps_cpp: 6.2.10 (/opt/ros/humble/share/rmw_fastrtps_cpp/cmake)
[0.533s] -- Using RMW implementation 'rmw_fastrtps_cpp' as default
[0.597s] -- Found moveit_ros_planning_interface: 2.5.9 (/opt/ros/humble/share/moveit_ros_planning_interface/cmake)
[0.610s] -- Found Boost: /usr/lib/x86_64-linux-gnu/cmake/Boost-1.74.0/BoostConfig.cmake (found version "1.74.0") found components: date_time filesystem program_options system thread 
[0.817s] -- Found Boost: /usr/lib/x86_64-linux-gnu/cmake/Boost-1.74.0/BoostConfig.cmake (found version "1.74.0") found components: chrono date_time filesystem iostreams program_options regex serialization system thread 
[0.846s] -- Found parameter_traits: 0.7.1 (/opt/ros/humble/share/parameter_traits/cmake)
[0.857s] -- Found rclcpp_lifecycle: 16.0.19 (/opt/ros/humble/share/rclcpp_lifecycle/cmake)
[0.887s] -- Found Boost: /usr/lib/x86_64-linux-gnu/cmake/Boost-1.74.0/BoostConfig.cmake (found version "1.74.0") found components: filesystem 
[0.924s] -- library: /usr/lib/x86_64-linux-gnu/libcurl.so
[0.957s] -- Ensuring Eigen3 include directory is part of orocos-kdl CMake target
[1.085s] -- Found Boost: /usr/lib/x86_64-linux-gnu/cmake/Boost-1.74.0/BoostConfig.cmake (found version "1.74.0") found components: system filesystem date_time program_options thread chrono 
[1.119s] -- Found Boost: /usr/lib/x86_64-linux-gnu/cmake/Boost-1.74.0/BoostConfig.cmake (found version "1.74.0") found components: thread system filesystem regex date_time program_options 
[1.145s] -- Found Boost: /usr/lib/x86_64-linux-gnu/cmake/Boost-1.74.0/BoostConfig.cmake (found version "1.74.0") found components: system filesystem date_time program_options thread 
[1.255s] -- Configuring done
[1.283s] -- Generating done
[1.291s] -- Build files have been written to: /home/msd/MSD2/REV4/build/robot_commander
[1.324s] [35m[1mConsolidate compiler generated dependencies of target commander[0m
[1.352s] [100%] Built target commander
[1.365s] Invoked command in '/home/msd/MSD2/REV4/build/robot_commander' returned '0': CMAKE_PREFIX_PATH=${CMAKE_PREFIX_PATH}:/home/msd/MSD2/REV4/install/spotarm_assembly_description:/home/msd/MSD2/REV4/install/robot_status_leds:/opt/ros/humble /usr/bin/cmake --build /home/msd/MSD2/REV4/build/robot_commander -- -j8 -l8
[1.374s] Invoking command in '/home/msd/MSD2/REV4/build/robot_commander': CMAKE_PREFIX_PATH=${CMAKE_PREFIX_PATH}:/home/msd/MSD2/REV4/install/spotarm_assembly_description:/home/msd/MSD2/REV4/install/robot_status_leds:/opt/ros/humble /usr/bin/cmake --install /home/msd/MSD2/REV4/build/robot_commander
[1.381s] -- Install configuration: ""
[1.381s] -- Execute custom install script
[1.381s] -- Up-to-date symlink: /home/msd/MSD2/REV4/install/robot_commander/lib/robot_commander//commander
[1.382s] -- Symlinking: /home/msd/MSD2/REV4/install/robot_commander/share/robot_commander/launch/commander.launch.py
[1.392s] -- Up-to-date symlink: /home/msd/MSD2/REV4/install/robot_commander/share/ament_index/resource_index/package_run_dependencies/robot_commander
[1.393s] -- Up-to-date symlink: /home/msd/MSD2/REV4/install/robot_commander/share/ament_index/resource_index/parent_prefix_path/robot_commander
[1.393s] -- Up-to-date symlink: /home/msd/MSD2/REV4/install/robot_commander/share/robot_commander/environment/ament_prefix_path.sh
[1.393s] -- Up-to-date symlink: /home/msd/MSD2/REV4/install/robot_commander/share/robot_commander/environment/ament_prefix_path.dsv
[1.393s] -- Up-to-date symlink: /home/msd/MSD2/REV4/install/robot_commander/share/robot_commander/environment/path.sh
[1.393s] -- Up-to-date symlink: /home/msd/MSD2/REV4/install/robot_commander/share/robot_commander/environment/path.dsv
[1.394s] -- Up-to-date symlink: /home/msd/MSD2/REV4/install/robot_commander/share/robot_commander/local_setup.bash
[1.394s] -- Up-to-date symlink: /home/msd/MSD2/REV4/install/robot_commander/share/robot_commander/local_setup.sh
[1.394s] -- Up-to-date symlink: /home/msd/MSD2/REV4/install/robot_commander/share/robot_commander/local_setup.zsh
[1.394s] -- Up-to-date symlink: /home/msd/MSD2/REV4/install/robot_commander/share/robot_commander/local_setup.dsv
[1.395s] -- Symlinking: /home/msd/MSD2/REV4/install/robot_commander/share/robot_commander/package.dsv
[1.405s] -- Up-to-date symlink: /home/msd/MSD2/REV4/install/robot_commander/share/ament_index/resource_index/packages/robot_commander
[1.405s] -- Up-to-date symlink: /home/msd/MSD2/REV4/install/robot_commander/share/robot_commander/cmake/robot_commanderConfig.cmake
[1.405s] -- Up-to-date symlink: /home/msd/MSD2/REV4/install/robot_commander/share/robot_commander/cmake/robot_commanderConfig-version.cmake
[1.405s] -- Up-to-date symlink: /home/msd/MSD2/REV4/install/robot_commander/share/robot_commander/package.xml
[1.407s] Invoked command in '/home/msd/MSD2/REV4/build/robot_commander' returned '0': CMAKE_PREFIX_PATH=${CMAKE_PREFIX_PATH}:/home/msd/MSD2/REV4/install/spotarm_assembly_description:/home/msd/MSD2/REV4/install/robot_status_leds:/opt/ros/humble /usr/bin/cmake --install /home/msd/MSD2/REV4/build/robot_commander
