/home/msd/MSD2/REV4/install/spotarm_assembly_description/lib/python3.10/site-packages/spotarm_assembly_description/__init__.py
/home/msd/MSD2/REV4/install/spotarm_assembly_description/lib/python3.10/site-packages/spotarm_assembly_description/__pycache__/__init__.cpython-310.pyc
/home/msd/MSD2/REV4/install/spotarm_assembly_description/share/ament_index/resource_index/packages/spotarm_assembly_description
/home/msd/MSD2/REV4/install/spotarm_assembly_description/share/spotarm_assembly_description/package.xml
/home/msd/MSD2/REV4/install/spotarm_assembly_description/share/spotarm_assembly_description/launch/display.launch.py
/home/msd/MSD2/REV4/install/spotarm_assembly_description/share/spotarm_assembly_description/launch/gazebo.launch.py
/home/msd/MSD2/REV4/install/spotarm_assembly_description/share/spotarm_assembly_description/urdf/spotarm_assembly.gazebo
/home/msd/MSD2/REV4/install/spotarm_assembly_description/share/spotarm_assembly_description/urdf/materials.xacro
/home/msd/MSD2/REV4/install/spotarm_assembly_description/share/spotarm_assembly_description/urdf/spotarm_assembly.xacro
/home/msd/MSD2/REV4/install/spotarm_assembly_description/share/spotarm_assembly_description/urdf/spotarm_assembly.ros2_control.xacro
/home/msd/MSD2/REV4/install/spotarm_assembly_description/share/spotarm_assembly_description/urdf/spotarm_assembly.trans
/home/msd/MSD2/REV4/install/spotarm_assembly_description/share/spotarm_assembly_description/urdf/spotarm_assembly.urdf
/home/msd/MSD2/REV4/install/spotarm_assembly_description/share/spotarm_assembly_description/meshes/Joint_2_Component_v2_1.stl
/home/msd/MSD2/REV4/install/spotarm_assembly_description/share/spotarm_assembly_description/meshes/Joint_4_Component_v2_1.stl
/home/msd/MSD2/REV4/install/spotarm_assembly_description/share/spotarm_assembly_description/meshes/base_link.stl
/home/msd/MSD2/REV4/install/spotarm_assembly_description/share/spotarm_assembly_description/meshes/Joint_3_Component_v2_1.stl
/home/msd/MSD2/REV4/install/spotarm_assembly_description/share/spotarm_assembly_description/meshes/Joint_5_Component_v2_1.stl
/home/msd/MSD2/REV4/install/spotarm_assembly_description/share/spotarm_assembly_description/config/display.rviz
/home/msd/MSD2/REV4/install/spotarm_assembly_description/lib/python3.10/site-packages/spotarm_assembly_description-0.0.0-py3.10.egg-info/SOURCES.txt
/home/msd/MSD2/REV4/install/spotarm_assembly_description/lib/python3.10/site-packages/spotarm_assembly_description-0.0.0-py3.10.egg-info/top_level.txt
/home/msd/MSD2/REV4/install/spotarm_assembly_description/lib/python3.10/site-packages/spotarm_assembly_description-0.0.0-py3.10.egg-info/dependency_links.txt
/home/msd/MSD2/REV4/install/spotarm_assembly_description/lib/python3.10/site-packages/spotarm_assembly_description-0.0.0-py3.10.egg-info/zip-safe
/home/msd/MSD2/REV4/install/spotarm_assembly_description/lib/python3.10/site-packages/spotarm_assembly_description-0.0.0-py3.10.egg-info/requires.txt
/home/msd/MSD2/REV4/install/spotarm_assembly_description/lib/python3.10/site-packages/spotarm_assembly_description-0.0.0-py3.10.egg-info/entry_points.txt
/home/msd/MSD2/REV4/install/spotarm_assembly_description/lib/python3.10/site-packages/spotarm_assembly_description-0.0.0-py3.10.egg-info/PKG-INFO
