-- Found ament_cmake: 1.3.14 (/opt/ros/humble/share/ament_cmake/cmake)
-- Override CMake install command with custom implementation using symlinks instead of copying resources
-- Configuring done
-- Generating done
-- Build files have been written to: /home/msd/MSD2/REV4/build/my_robot
-- Install configuration: ""
-- Execute custom install script
-- Up-to-date symlink: /home/msd/MSD2/REV4/install/my_robot/share/my_robot/urdf/gear_manipulator.urdf
-- Up-to-date symlink: /home/msd/MSD2/REV4/install/my_robot/share/my_robot/launch/display.launch.py
-- Up-to-date symlink: /home/msd/MSD2/REV4/install/my_robot/share/ament_index/resource_index/package_run_dependencies/my_robot
-- Up-to-date symlink: /home/msd/MSD2/REV4/install/my_robot/share/ament_index/resource_index/parent_prefix_path/my_robot
-- Up-to-date symlink: /home/msd/MSD2/REV4/install/my_robot/share/my_robot/environment/ament_prefix_path.sh
-- Up-to-date symlink: /home/msd/MSD2/REV4/install/my_robot/share/my_robot/environment/ament_prefix_path.dsv
-- Up-to-date symlink: /home/msd/MSD2/REV4/install/my_robot/share/my_robot/environment/path.sh
-- Up-to-date symlink: /home/msd/MSD2/REV4/install/my_robot/share/my_robot/environment/path.dsv
-- Up-to-date symlink: /home/msd/MSD2/REV4/install/my_robot/share/my_robot/local_setup.bash
-- Up-to-date symlink: /home/msd/MSD2/REV4/install/my_robot/share/my_robot/local_setup.sh
-- Up-to-date symlink: /home/msd/MSD2/REV4/install/my_robot/share/my_robot/local_setup.zsh
-- Up-to-date symlink: /home/msd/MSD2/REV4/install/my_robot/share/my_robot/local_setup.dsv
-- Symlinking: /home/msd/MSD2/REV4/install/my_robot/share/my_robot/package.dsv
-- Up-to-date symlink: /home/msd/MSD2/REV4/install/my_robot/share/ament_index/resource_index/packages/my_robot
-- Up-to-date symlink: /home/msd/MSD2/REV4/install/my_robot/share/my_robot/cmake/my_robotConfig.cmake
-- Up-to-date symlink: /home/msd/MSD2/REV4/install/my_robot/share/my_robot/cmake/my_robotConfig-version.cmake
-- Up-to-date symlink: /home/msd/MSD2/REV4/install/my_robot/share/my_robot/package.xml
