[0.306s] Invoking command in '/home/msd/MSD2/REV4/build/my_robot': CMAKE_PREFIX_PATH=/opt/ros/humble /usr/bin/cmake /home/msd/MSD2/REV4/src/my_robot -DCMAKE_INSTALL_PREFIX=/home/msd/MSD2/REV4/install/my_robot
[0.966s] -- Found ament_cmake: 1.3.14 (/opt/ros/humble/share/ament_cmake/cmake)
[0.966s] -- Override CMake install command with custom implementation using symlinks instead of copying resources
[0.969s] -- Configuring done
[0.969s] -- Generating done
[0.969s] -- Build files have been written to: /home/msd/MSD2/REV4/build/my_robot
[0.978s] Invoked command in '/home/msd/MSD2/REV4/build/my_robot' returned '0': CMAKE_PREFIX_PATH=/opt/ros/humble /usr/bin/cmake /home/msd/MSD2/REV4/src/my_robot -DCMAKE_INSTALL_PREFIX=/home/msd/MSD2/REV4/install/my_robot
[0.980s] Invoking command in '/home/msd/MSD2/REV4/build/my_robot': CMAKE_PREFIX_PATH=/opt/ros/humble /usr/bin/cmake --build /home/msd/MSD2/REV4/build/my_robot -- -j8 -l8
[1.024s] Invoked command in '/home/msd/MSD2/REV4/build/my_robot' returned '0': CMAKE_PREFIX_PATH=/opt/ros/humble /usr/bin/cmake --build /home/msd/MSD2/REV4/build/my_robot -- -j8 -l8
[1.041s] Invoking command in '/home/msd/MSD2/REV4/build/my_robot': CMAKE_PREFIX_PATH=/opt/ros/humble /usr/bin/cmake --install /home/msd/MSD2/REV4/build/my_robot
[1.052s] -- Install configuration: ""
[1.052s] -- Execute custom install script
[1.053s] -- Up-to-date symlink: /home/msd/MSD2/REV4/install/my_robot/share/my_robot/urdf/gear_manipulator.urdf
[1.054s] -- Up-to-date symlink: /home/msd/MSD2/REV4/install/my_robot/share/my_robot/launch/display.launch.py
[1.055s] -- Up-to-date symlink: /home/msd/MSD2/REV4/install/my_robot/share/ament_index/resource_index/package_run_dependencies/my_robot
[1.056s] -- Up-to-date symlink: /home/msd/MSD2/REV4/install/my_robot/share/ament_index/resource_index/parent_prefix_path/my_robot
[1.056s] -- Up-to-date symlink: /home/msd/MSD2/REV4/install/my_robot/share/my_robot/environment/ament_prefix_path.sh
[1.057s] -- Up-to-date symlink: /home/msd/MSD2/REV4/install/my_robot/share/my_robot/environment/ament_prefix_path.dsv
[1.058s] -- Up-to-date symlink: /home/msd/MSD2/REV4/install/my_robot/share/my_robot/environment/path.sh
[1.059s] -- Up-to-date symlink: /home/msd/MSD2/REV4/install/my_robot/share/my_robot/environment/path.dsv
[1.060s] -- Up-to-date symlink: /home/msd/MSD2/REV4/install/my_robot/share/my_robot/local_setup.bash
[1.060s] -- Up-to-date symlink: /home/msd/MSD2/REV4/install/my_robot/share/my_robot/local_setup.sh
[1.062s] -- Up-to-date symlink: /home/msd/MSD2/REV4/install/my_robot/share/my_robot/local_setup.zsh
[1.062s] -- Up-to-date symlink: /home/msd/MSD2/REV4/install/my_robot/share/my_robot/local_setup.dsv
[1.062s] -- Symlinking: /home/msd/MSD2/REV4/install/my_robot/share/my_robot/package.dsv
[1.075s] -- Up-to-date symlink: /home/msd/MSD2/REV4/install/my_robot/share/ament_index/resource_index/packages/my_robot
[1.076s] -- Up-to-date symlink: /home/msd/MSD2/REV4/install/my_robot/share/my_robot/cmake/my_robotConfig.cmake
[1.076s] -- Up-to-date symlink: /home/msd/MSD2/REV4/install/my_robot/share/my_robot/cmake/my_robotConfig-version.cmake
[1.076s] -- Up-to-date symlink: /home/msd/MSD2/REV4/install/my_robot/share/my_robot/package.xml
[1.080s] Invoked command in '/home/msd/MSD2/REV4/build/my_robot' returned '0': CMAKE_PREFIX_PATH=/opt/ros/humble /usr/bin/cmake --install /home/msd/MSD2/REV4/build/my_robot
