[0.850s] Invoking command in '/home/msd/MSD2/REV4/build/spotarm_gamepad': PYTHONPATH=/home/msd/MSD2/REV4/build/spotarm_gamepad/prefix_override:/usr/lib/python3/dist-packages/colcon_core/task/python/colcon_distutils_commands:/home/msd/MSD2/REV4/install/spotarm_gamepad/lib/python3.10/site-packages:${PYTHONPATH} /usr/bin/python3 -W ignore:setup.py install is deprecated -W ignore:easy_install command is deprecated setup.py develop --editable --build-directory /home/msd/MSD2/REV4/build/spotarm_gamepad/build --no-deps symlink_data
[1.214s] running develop
[1.443s] running egg_info
[1.443s] creating spotarm_gamepad.egg-info
[1.443s] writing spotarm_gamepad.egg-info/PKG-INFO
[1.443s] writing dependency_links to spotarm_gamepad.egg-info/dependency_links.txt
[1.443s] writing entry points to spotarm_gamepad.egg-info/entry_points.txt
[1.444s] writing requirements to spotarm_gamepad.egg-info/requires.txt
[1.444s] writing top-level names to spotarm_gamepad.egg-info/top_level.txt
[1.444s] writing manifest file 'spotarm_gamepad.egg-info/SOURCES.txt'
[1.446s] reading manifest file 'spotarm_gamepad.egg-info/SOURCES.txt'
[1.447s] writing manifest file 'spotarm_gamepad.egg-info/SOURCES.txt'
[1.448s] running build_ext
[1.449s] Creating /home/msd/MSD2/REV4/install/spotarm_gamepad/lib/python3.10/site-packages/spotarm-gamepad.egg-link (link to .)
[1.449s] Installing gamepad script to /home/msd/MSD2/REV4/install/spotarm_gamepad/lib/spotarm_gamepad
[1.450s] 
[1.450s] Installed /home/msd/MSD2/REV4/build/spotarm_gamepad
[1.450s] running symlink_data
[1.450s] creating /home/msd/MSD2/REV4/install/spotarm_gamepad/share/ament_index
[1.450s] creating /home/msd/MSD2/REV4/install/spotarm_gamepad/share/ament_index/resource_index
[1.450s] creating /home/msd/MSD2/REV4/install/spotarm_gamepad/share/ament_index/resource_index/packages
[1.450s] symbolically linking /home/msd/MSD2/REV4/build/spotarm_gamepad/resource/spotarm_gamepad -> /home/msd/MSD2/REV4/install/spotarm_gamepad/share/ament_index/resource_index/packages
[1.450s] symbolically linking /home/msd/MSD2/REV4/build/spotarm_gamepad/package.xml -> /home/msd/MSD2/REV4/install/spotarm_gamepad/share/spotarm_gamepad
[1.489s] Invoked command in '/home/msd/MSD2/REV4/build/spotarm_gamepad' returned '0': PYTHONPATH=/home/msd/MSD2/REV4/build/spotarm_gamepad/prefix_override:/usr/lib/python3/dist-packages/colcon_core/task/python/colcon_distutils_commands:/home/msd/MSD2/REV4/install/spotarm_gamepad/lib/python3.10/site-packages:${PYTHONPATH} /usr/bin/python3 -W ignore:setup.py install is deprecated -W ignore:easy_install command is deprecated setup.py develop --editable --build-directory /home/msd/MSD2/REV4/build/spotarm_gamepad/build --no-deps symlink_data
