[1.302s] Invoking command in '/mnt/c/Users/Oden2/Downloads/MSD-SPOT-robot-Rev-4/build/robot_commander': CMAKE_PREFIX_PATH=${CMAKE_PREFIX_PATH}:/opt/ros/humble /usr/bin/cmake /mnt/c/Users/Oden2/Downloads/MSD-SPOT-robot-Rev-4/src/robot_commander -DAMENT_CMAKE_SYMLINK_INSTALL=1 -DCMAKE_INSTALL_PREFIX=/mnt/c/Users/Oden2/Downloads/MSD-SPOT-robot-Rev-4/install/robot_commander
[2.502s] -- The C compiler identification is GNU 11.4.0
[6.315s] -- The CXX compiler identification is GNU 11.4.0
[8.739s] -- Detecting C compiler ABI info
[11.365s] -- Detecting C compiler ABI info - done
[11.479s] -- Check for working C compiler: /usr/bin/cc - skipped
[11.484s] -- Detecting C compile features
[11.488s] -- Detecting C compile features - done
[11.684s] -- Detecting CXX compiler ABI info
[13.813s] -- Detecting CXX compiler ABI info - done
[13.878s] -- Check for working CXX compiler: /usr/bin/c++ - skipped
[13.880s] -- Detecting CXX compile features
[13.882s] -- Detecting CXX compile features - done
[14.097s] -- Found ament_cmake: 1.3.12 (/opt/ros/humble/share/ament_cmake/cmake)
[14.473s] -- Found Python3: /usr/bin/python3 (found version "3.10.12") found components: Interpreter 
[14.755s] -- Override CMake install command with custom implementation using symlinks instead of copying resources
[15.617s] -- Found rclcpp: 16.0.17 (/opt/ros/humble/share/rclcpp/cmake)
[16.722s] -- Found rosidl_generator_c: 3.1.8 (/opt/ros/humble/share/rosidl_generator_c/cmake)
[16.817s] -- Found rosidl_adapter: 3.1.8 (/opt/ros/humble/share/rosidl_adapter/cmake)
[16.921s] -- Found rosidl_generator_cpp: 3.1.8 (/opt/ros/humble/share/rosidl_generator_cpp/cmake)
[17.052s] -- Using all available rosidl_typesupport_c: rosidl_typesupport_fastrtps_c;rosidl_typesupport_introspection_c
[17.223s] -- Using all available rosidl_typesupport_cpp: rosidl_typesupport_fastrtps_cpp;rosidl_typesupport_introspection_cpp
[17.789s] -- Found rmw_implementation_cmake: 6.1.2 (/opt/ros/humble/share/rmw_implementation_cmake/cmake)
[17.854s] -- Found rmw_fastrtps_cpp: 6.2.9 (/opt/ros/humble/share/rmw_fastrtps_cpp/cmake)
[26.553s] -- Found OpenSSL: /usr/lib/x86_64-linux-gnu/libcrypto.so (found version "3.0.2")  
[35.694s] -- Found FastRTPS: /opt/ros/humble/include  
[45.276s] -- Using RMW implementation 'rmw_fastrtps_cpp' as default
[46.475s] -- Looking for pthread.h
[48.728s] -- Looking for pthread.h - found
[48.766s] -- Performing Test CMAKE_HAVE_LIBC_PTHREAD
[50.983s] -- Performing Test CMAKE_HAVE_LIBC_PTHREAD - Success
[50.997s] -- Found Threads: TRUE  
[53.135s] -- Found geometry_msgs: 4.9.0 (/opt/ros/humble/share/geometry_msgs/cmake)
[53.465s] -- Found moveit_ros_planning_interface: 2.5.9 (/opt/ros/humble/share/moveit_ros_planning_interface/cmake)
[55.650s] -- Found Boost: /usr/lib/x86_64-linux-gnu/cmake/Boost-1.74.0/BoostConfig.cmake (found version "1.74.0") found components: date_time filesystem program_options system thread 
[59.978s] -- Found Boost: /usr/lib/x86_64-linux-gnu/cmake/Boost-1.74.0/BoostConfig.cmake (found version "1.74.0") found components: chrono date_time filesystem iostreams program_options regex serialization system thread 
[71.884s] -- Found parameter_traits: 0.6.0 (/opt/ros/humble/share/parameter_traits/cmake)
[72.851s] -- Found rclcpp_lifecycle: 16.0.17 (/opt/ros/humble/share/rclcpp_lifecycle/cmake)
[73.364s] -- Found Boost: /usr/lib/x86_64-linux-gnu/cmake/Boost-1.74.0/BoostConfig.cmake (found version "1.74.0") found components: filesystem 
[80.647s] -- library: /usr/lib/x86_64-linux-gnu/libcurl.so
[81.729s] -- Found Eigen3: TRUE (found version "3.4.0") 
[81.731s] -- Ensuring Eigen3 include directory is part of orocos-kdl CMake target
[87.099s] -- Found Boost: /usr/lib/x86_64-linux-gnu/cmake/Boost-1.74.0/BoostConfig.cmake (found version "1.74.0") found components: system filesystem date_time program_options thread chrono 
[87.344s] -- Found Boost: /usr/lib/x86_64-linux-gnu/cmake/Boost-1.74.0/BoostConfig.cmake (found version "1.74.0") found components: thread system filesystem regex date_time program_options 
[87.629s] -- Found Boost: /usr/lib/x86_64-linux-gnu/cmake/Boost-1.74.0/BoostConfig.cmake (found version "1.74.0") found components: system filesystem date_time program_options thread 
[88.463s] -- Configuring done
[88.906s] -- Generating done
[89.211s] -- Build files have been written to: /mnt/c/Users/Oden2/Downloads/MSD-SPOT-robot-Rev-4/build/robot_commander
[89.225s] Invoked command in '/mnt/c/Users/Oden2/Downloads/MSD-SPOT-robot-Rev-4/build/robot_commander' returned '0': CMAKE_PREFIX_PATH=${CMAKE_PREFIX_PATH}:/opt/ros/humble /usr/bin/cmake /mnt/c/Users/Oden2/Downloads/MSD-SPOT-robot-Rev-4/src/robot_commander -DAMENT_CMAKE_SYMLINK_INSTALL=1 -DCMAKE_INSTALL_PREFIX=/mnt/c/Users/Oden2/Downloads/MSD-SPOT-robot-Rev-4/install/robot_commander
[89.234s] Invoking command in '/mnt/c/Users/Oden2/Downloads/MSD-SPOT-robot-Rev-4/build/robot_commander': CMAKE_PREFIX_PATH=${CMAKE_PREFIX_PATH}:/opt/ros/humble /usr/bin/cmake --build /mnt/c/Users/Oden2/Downloads/MSD-SPOT-robot-Rev-4/build/robot_commander -- -j16 -l16
[90.190s] [ 50%] [32mBuilding CXX object CMakeFiles/commander.dir/src/commander.cpp.o[0m
[112.539s] [100%] [32m[1mLinking CXX executable commander[0m
[118.658s] [100%] Built target commander
[118.749s] Invoked command in '/mnt/c/Users/Oden2/Downloads/MSD-SPOT-robot-Rev-4/build/robot_commander' returned '0': CMAKE_PREFIX_PATH=${CMAKE_PREFIX_PATH}:/opt/ros/humble /usr/bin/cmake --build /mnt/c/Users/Oden2/Downloads/MSD-SPOT-robot-Rev-4/build/robot_commander -- -j16 -l16
[118.767s] Invoking command in '/mnt/c/Users/Oden2/Downloads/MSD-SPOT-robot-Rev-4/build/robot_commander': CMAKE_PREFIX_PATH=${CMAKE_PREFIX_PATH}:/opt/ros/humble /usr/bin/cmake --install /mnt/c/Users/Oden2/Downloads/MSD-SPOT-robot-Rev-4/build/robot_commander
[118.846s] -- Install configuration: ""
[118.853s] -- Execute custom install script
[118.867s] -- Symlinking: /mnt/c/Users/Oden2/Downloads/MSD-SPOT-robot-Rev-4/install/robot_commander/lib/robot_commander/commander
[118.978s] -- Symlinking: /mnt/c/Users/Oden2/Downloads/MSD-SPOT-robot-Rev-4/install/robot_commander/share/robot_commander/launch/commander.launch.py
[119.087s] -- Symlinking: /mnt/c/Users/Oden2/Downloads/MSD-SPOT-robot-Rev-4/install/robot_commander/share/ament_index/resource_index/package_run_dependencies/robot_commander
[119.204s] -- Symlinking: /mnt/c/Users/Oden2/Downloads/MSD-SPOT-robot-Rev-4/install/robot_commander/share/ament_index/resource_index/parent_prefix_path/robot_commander
[119.423s] -- Symlinking: /mnt/c/Users/Oden2/Downloads/MSD-SPOT-robot-Rev-4/install/robot_commander/share/robot_commander/environment/ament_prefix_path.sh
[119.611s] -- Symlinking: /mnt/c/Users/Oden2/Downloads/MSD-SPOT-robot-Rev-4/install/robot_commander/share/robot_commander/environment/ament_prefix_path.dsv
[119.785s] -- Symlinking: /mnt/c/Users/Oden2/Downloads/MSD-SPOT-robot-Rev-4/install/robot_commander/share/robot_commander/environment/path.sh
[119.901s] -- Symlinking: /mnt/c/Users/Oden2/Downloads/MSD-SPOT-robot-Rev-4/install/robot_commander/share/robot_commander/environment/path.dsv
[120.000s] -- Symlinking: /mnt/c/Users/Oden2/Downloads/MSD-SPOT-robot-Rev-4/install/robot_commander/share/robot_commander/local_setup.bash
[120.090s] -- Symlinking: /mnt/c/Users/Oden2/Downloads/MSD-SPOT-robot-Rev-4/install/robot_commander/share/robot_commander/local_setup.sh
[120.182s] -- Symlinking: /mnt/c/Users/Oden2/Downloads/MSD-SPOT-robot-Rev-4/install/robot_commander/share/robot_commander/local_setup.zsh
[120.274s] -- Symlinking: /mnt/c/Users/Oden2/Downloads/MSD-SPOT-robot-Rev-4/install/robot_commander/share/robot_commander/local_setup.dsv
[120.366s] -- Symlinking: /mnt/c/Users/Oden2/Downloads/MSD-SPOT-robot-Rev-4/install/robot_commander/share/robot_commander/package.dsv
[120.489s] -- Symlinking: /mnt/c/Users/Oden2/Downloads/MSD-SPOT-robot-Rev-4/install/robot_commander/share/ament_index/resource_index/packages/robot_commander
[120.654s] -- Symlinking: /mnt/c/Users/Oden2/Downloads/MSD-SPOT-robot-Rev-4/install/robot_commander/share/robot_commander/cmake/robot_commanderConfig.cmake
[120.772s] -- Symlinking: /mnt/c/Users/Oden2/Downloads/MSD-SPOT-robot-Rev-4/install/robot_commander/share/robot_commander/cmake/robot_commanderConfig-version.cmake
[120.875s] -- Symlinking: /mnt/c/Users/Oden2/Downloads/MSD-SPOT-robot-Rev-4/install/robot_commander/share/robot_commander/package.xml
[120.973s] Invoked command in '/mnt/c/Users/Oden2/Downloads/MSD-SPOT-robot-Rev-4/build/robot_commander' returned '0': CMAKE_PREFIX_PATH=${CMAKE_PREFIX_PATH}:/opt/ros/humble /usr/bin/cmake --install /mnt/c/Users/Oden2/Downloads/MSD-SPOT-robot-Rev-4/build/robot_commander
