[0.295s] Invoking command in '/home/msd/MSD2/REV4/build/my_robot': CMAKE_PREFIX_PATH=/opt/ros/humble /usr/bin/cmake /home/msd/MSD2/REV4/src/my_robot -DCMAKE_INSTALL_PREFIX=/home/msd/MSD2/REV4/install/my_robot
[0.769s] -- The C compiler identification is GNU 11.4.0
[0.771s] -- The CXX compiler identification is GNU 11.4.0
[0.772s] -- Detecting C compiler ABI info
[0.773s] -- Detecting C compiler ABI info - done
[0.774s] -- Check for working C compiler: /usr/bin/cc - skipped
[0.774s] -- Detecting C compile features
[0.774s] -- Detecting C compile features - done
[0.775s] -- Detecting CXX compiler ABI info
[0.775s] -- Detecting CXX compiler ABI info - done
[0.775s] -- Check for working CXX compiler: /usr/bin/c++ - skipped
[0.775s] -- Detecting CXX compile features
[0.776s] -- Detecting CXX compile features - done
[0.776s] -- Found ament_cmake: 1.3.14 (/opt/ros/humble/share/ament_cmake/cmake)
[1.008s] -- Found Python3: /usr/bin/python3 (found version "3.10.12") found components: Interpreter 
[1.318s] -- Configuring done
[1.323s] -- Generating done
[1.328s] -- Build files have been written to: /home/msd/MSD2/REV4/build/my_robot
[1.339s] Invoked command in '/home/msd/MSD2/REV4/build/my_robot' returned '0': CMAKE_PREFIX_PATH=/opt/ros/humble /usr/bin/cmake /home/msd/MSD2/REV4/src/my_robot -DCMAKE_INSTALL_PREFIX=/home/msd/MSD2/REV4/install/my_robot
[1.345s] Invoking command in '/home/msd/MSD2/REV4/build/my_robot': CMAKE_PREFIX_PATH=/opt/ros/humble /usr/bin/cmake --build /home/msd/MSD2/REV4/build/my_robot -- -j8 -l8
[1.400s] Invoked command in '/home/msd/MSD2/REV4/build/my_robot' returned '0': CMAKE_PREFIX_PATH=/opt/ros/humble /usr/bin/cmake --build /home/msd/MSD2/REV4/build/my_robot -- -j8 -l8
[1.419s] Invoking command in '/home/msd/MSD2/REV4/build/my_robot': CMAKE_PREFIX_PATH=/opt/ros/humble /usr/bin/cmake --install /home/msd/MSD2/REV4/build/my_robot
[1.429s] -- Install configuration: ""
[1.429s] -- Installing: /home/msd/MSD2/REV4/install/my_robot/share/my_robot/urdf
[1.429s] -- Installing: /home/msd/MSD2/REV4/install/my_robot/share/my_robot/urdf/gear_manipulator.urdf
[1.429s] -- Installing: /home/msd/MSD2/REV4/install/my_robot/share/my_robot/launch
[1.429s] -- Installing: /home/msd/MSD2/REV4/install/my_robot/share/my_robot/launch/display.launch.py
[1.430s] -- Installing: /home/msd/MSD2/REV4/install/my_robot/share/ament_index/resource_index/package_run_dependencies/my_robot
[1.430s] -- Installing: /home/msd/MSD2/REV4/install/my_robot/share/ament_index/resource_index/parent_prefix_path/my_robot
[1.430s] -- Installing: /home/msd/MSD2/REV4/install/my_robot/share/my_robot/environment/ament_prefix_path.sh
[1.433s] -- Installing: /home/msd/MSD2/REV4/install/my_robot/share/my_robot/environment/ament_prefix_path.dsv
[1.434s] -- Installing: /home/msd/MSD2/REV4/install/my_robot/share/my_robot/environment/path.sh
[1.434s] -- Installing: /home/msd/MSD2/REV4/install/my_robot/share/my_robot/environment/path.dsv
[1.434s] -- Installing: /home/msd/MSD2/REV4/install/my_robot/share/my_robot/local_setup.bash
[1.434s] -- Installing: /home/msd/MSD2/REV4/install/my_robot/share/my_robot/local_setup.sh
[1.434s] -- Installing: /home/msd/MSD2/REV4/install/my_robot/share/my_robot/local_setup.zsh
[1.434s] -- Installing: /home/msd/MSD2/REV4/install/my_robot/share/my_robot/local_setup.dsv
[1.434s] -- Installing: /home/msd/MSD2/REV4/install/my_robot/share/my_robot/package.dsv
[1.434s] -- Installing: /home/msd/MSD2/REV4/install/my_robot/share/ament_index/resource_index/packages/my_robot
[1.434s] -- Installing: /home/msd/MSD2/REV4/install/my_robot/share/my_robot/cmake/my_robotConfig.cmake
[1.435s] -- Installing: /home/msd/MSD2/REV4/install/my_robot/share/my_robot/cmake/my_robotConfig-version.cmake
[1.435s] -- Installing: /home/msd/MSD2/REV4/install/my_robot/share/my_robot/package.xml
[1.438s] Invoked command in '/home/msd/MSD2/REV4/build/my_robot' returned '0': CMAKE_PREFIX_PATH=/opt/ros/humble /usr/bin/cmake --install /home/msd/MSD2/REV4/build/my_robot
