[0.624s] Invoking command in '/mnt/c/Users/Oden2/Downloads/MSD-SPOT-robot-Rev-4/build/gear_manipulator_moveit_config': CMAKE_PREFIX_PATH=/mnt/c/Users/Oden2/Downloads/MSD-SPOT-robot-Rev-4/install/my_robot:/mnt/c/Users/Oden2/Downloads/MSD-SPOT-robot-Rev-4/install/gear_manipulator_moveit_config:/mnt/c/Users/Oden2/Downloads/MSD-SPOT-robot-Rev-4/install/marge:/mnt/c/Users/Oden2/Downloads/MSD-SPOT-robot-Rev-4/install/end_effector:/opt/ros/humble /usr/bin/cmake /mnt/c/Users/Oden2/Downloads/MSD-SPOT-robot-Rev-4/src/gear_manipulator_moveit_config -DAMENT_CMAKE_SYMLINK_INSTALL=1 -DCMAKE_INSTALL_PREFIX=/mnt/c/Users/Oden2/Downloads/MSD-SPOT-robot-Rev-4/install/gear_manipulator_moveit_config
[2.067s] -- The C compiler identification is GNU 11.4.0
[4.777s] -- The CXX compiler identification is GNU 11.4.0
[6.227s] -- Detecting C compiler ABI info
[8.440s] -- Detecting C compiler ABI info - done
[8.509s] -- Check for working C compiler: /usr/bin/cc - skipped
[8.513s] -- Detecting C compile features
[8.519s] -- Detecting C compile features - done
[8.706s] -- Detecting CXX compiler ABI info
[11.202s] -- Detecting CXX compiler ABI info - done
[11.251s] -- Check for working CXX compiler: /usr/bin/c++ - skipped
[11.259s] -- Detecting CXX compile features
[11.263s] -- Detecting CXX compile features - done
[11.661s] -- Found ament_cmake: 1.3.12 (/opt/ros/humble/share/ament_cmake/cmake)
[12.672s] -- Found Python3: /usr/bin/python3 (found version "3.10.12") found components: Interpreter 
[13.015s] -- Override CMake install command with custom implementation using symlinks instead of copying resources
[19.210s] -- Configuring done
[20.086s] -- Generating done
[20.626s] -- Build files have been written to: /mnt/c/Users/Oden2/Downloads/MSD-SPOT-robot-Rev-4/build/gear_manipulator_moveit_config
[20.631s] Invoked command in '/mnt/c/Users/Oden2/Downloads/MSD-SPOT-robot-Rev-4/build/gear_manipulator_moveit_config' returned '0': CMAKE_PREFIX_PATH=/mnt/c/Users/Oden2/Downloads/MSD-SPOT-robot-Rev-4/install/my_robot:/mnt/c/Users/Oden2/Downloads/MSD-SPOT-robot-Rev-4/install/gear_manipulator_moveit_config:/mnt/c/Users/Oden2/Downloads/MSD-SPOT-robot-Rev-4/install/marge:/mnt/c/Users/Oden2/Downloads/MSD-SPOT-robot-Rev-4/install/end_effector:/opt/ros/humble /usr/bin/cmake /mnt/c/Users/Oden2/Downloads/MSD-SPOT-robot-Rev-4/src/gear_manipulator_moveit_config -DAMENT_CMAKE_SYMLINK_INSTALL=1 -DCMAKE_INSTALL_PREFIX=/mnt/c/Users/Oden2/Downloads/MSD-SPOT-robot-Rev-4/install/gear_manipulator_moveit_config
[20.648s] Invoking command in '/mnt/c/Users/Oden2/Downloads/MSD-SPOT-robot-Rev-4/build/gear_manipulator_moveit_config': CMAKE_PREFIX_PATH=/mnt/c/Users/Oden2/Downloads/MSD-SPOT-robot-Rev-4/install/my_robot:/mnt/c/Users/Oden2/Downloads/MSD-SPOT-robot-Rev-4/install/gear_manipulator_moveit_config:/mnt/c/Users/Oden2/Downloads/MSD-SPOT-robot-Rev-4/install/marge:/mnt/c/Users/Oden2/Downloads/MSD-SPOT-robot-Rev-4/install/end_effector:/opt/ros/humble /usr/bin/cmake --build /mnt/c/Users/Oden2/Downloads/MSD-SPOT-robot-Rev-4/build/gear_manipulator_moveit_config -- -j16 -l16
[21.285s] Invoked command in '/mnt/c/Users/Oden2/Downloads/MSD-SPOT-robot-Rev-4/build/gear_manipulator_moveit_config' returned '0': CMAKE_PREFIX_PATH=/mnt/c/Users/Oden2/Downloads/MSD-SPOT-robot-Rev-4/install/my_robot:/mnt/c/Users/Oden2/Downloads/MSD-SPOT-robot-Rev-4/install/gear_manipulator_moveit_config:/mnt/c/Users/Oden2/Downloads/MSD-SPOT-robot-Rev-4/install/marge:/mnt/c/Users/Oden2/Downloads/MSD-SPOT-robot-Rev-4/install/end_effector:/opt/ros/humble /usr/bin/cmake --build /mnt/c/Users/Oden2/Downloads/MSD-SPOT-robot-Rev-4/build/gear_manipulator_moveit_config -- -j16 -l16
[21.348s] Invoking command in '/mnt/c/Users/Oden2/Downloads/MSD-SPOT-robot-Rev-4/build/gear_manipulator_moveit_config': CMAKE_PREFIX_PATH=/mnt/c/Users/Oden2/Downloads/MSD-SPOT-robot-Rev-4/install/my_robot:/mnt/c/Users/Oden2/Downloads/MSD-SPOT-robot-Rev-4/install/gear_manipulator_moveit_config:/mnt/c/Users/Oden2/Downloads/MSD-SPOT-robot-Rev-4/install/marge:/mnt/c/Users/Oden2/Downloads/MSD-SPOT-robot-Rev-4/install/end_effector:/opt/ros/humble /usr/bin/cmake --install /mnt/c/Users/Oden2/Downloads/MSD-SPOT-robot-Rev-4/build/gear_manipulator_moveit_config
[21.565s] -- Install configuration: ""
[21.588s] -- Execute custom install script
[21.651s] -- Symlinking: /mnt/c/Users/Oden2/Downloads/MSD-SPOT-robot-Rev-4/install/gear_manipulator_moveit_config/share/ament_index/resource_index/package_run_dependencies/gear_manipulator_moveit_config
[21.914s] -- Symlinking: /mnt/c/Users/Oden2/Downloads/MSD-SPOT-robot-Rev-4/install/gear_manipulator_moveit_config/share/ament_index/resource_index/parent_prefix_path/gear_manipulator_moveit_config
[22.170s] -- Symlinking: /mnt/c/Users/Oden2/Downloads/MSD-SPOT-robot-Rev-4/install/gear_manipulator_moveit_config/share/gear_manipulator_moveit_config/environment/ament_prefix_path.sh
[22.381s] -- Symlinking: /mnt/c/Users/Oden2/Downloads/MSD-SPOT-robot-Rev-4/install/gear_manipulator_moveit_config/share/gear_manipulator_moveit_config/environment/ament_prefix_path.dsv
[22.557s] -- Symlinking: /mnt/c/Users/Oden2/Downloads/MSD-SPOT-robot-Rev-4/install/gear_manipulator_moveit_config/share/gear_manipulator_moveit_config/environment/path.sh
[22.745s] -- Symlinking: /mnt/c/Users/Oden2/Downloads/MSD-SPOT-robot-Rev-4/install/gear_manipulator_moveit_config/share/gear_manipulator_moveit_config/environment/path.dsv
[22.925s] -- Symlinking: /mnt/c/Users/Oden2/Downloads/MSD-SPOT-robot-Rev-4/install/gear_manipulator_moveit_config/share/gear_manipulator_moveit_config/local_setup.bash
[23.058s] -- Symlinking: /mnt/c/Users/Oden2/Downloads/MSD-SPOT-robot-Rev-4/install/gear_manipulator_moveit_config/share/gear_manipulator_moveit_config/local_setup.sh
[23.192s] -- Symlinking: /mnt/c/Users/Oden2/Downloads/MSD-SPOT-robot-Rev-4/install/gear_manipulator_moveit_config/share/gear_manipulator_moveit_config/local_setup.zsh
[23.334s] -- Symlinking: /mnt/c/Users/Oden2/Downloads/MSD-SPOT-robot-Rev-4/install/gear_manipulator_moveit_config/share/gear_manipulator_moveit_config/local_setup.dsv
[23.442s] -- Symlinking: /mnt/c/Users/Oden2/Downloads/MSD-SPOT-robot-Rev-4/install/gear_manipulator_moveit_config/share/gear_manipulator_moveit_config/package.dsv
[23.726s] -- Symlinking: /mnt/c/Users/Oden2/Downloads/MSD-SPOT-robot-Rev-4/install/gear_manipulator_moveit_config/share/ament_index/resource_index/packages/gear_manipulator_moveit_config
[23.995s] -- Symlinking: /mnt/c/Users/Oden2/Downloads/MSD-SPOT-robot-Rev-4/install/gear_manipulator_moveit_config/share/gear_manipulator_moveit_config/cmake/gear_manipulator_moveit_configConfig.cmake
[24.203s] -- Symlinking: /mnt/c/Users/Oden2/Downloads/MSD-SPOT-robot-Rev-4/install/gear_manipulator_moveit_config/share/gear_manipulator_moveit_config/cmake/gear_manipulator_moveit_configConfig-version.cmake
[24.389s] -- Symlinking: /mnt/c/Users/Oden2/Downloads/MSD-SPOT-robot-Rev-4/install/gear_manipulator_moveit_config/share/gear_manipulator_moveit_config/package.xml
[24.880s] -- Symlinking: /mnt/c/Users/Oden2/Downloads/MSD-SPOT-robot-Rev-4/install/gear_manipulator_moveit_config/share/gear_manipulator_moveit_config/launch/demo.launch.py
[25.004s] -- Symlinking: /mnt/c/Users/Oden2/Downloads/MSD-SPOT-robot-Rev-4/install/gear_manipulator_moveit_config/share/gear_manipulator_moveit_config/launch/move_group.launch.py
[25.157s] -- Symlinking: /mnt/c/Users/Oden2/Downloads/MSD-SPOT-robot-Rev-4/install/gear_manipulator_moveit_config/share/gear_manipulator_moveit_config/launch/moveit_rviz.launch.py
[25.281s] -- Symlinking: /mnt/c/Users/Oden2/Downloads/MSD-SPOT-robot-Rev-4/install/gear_manipulator_moveit_config/share/gear_manipulator_moveit_config/launch/rsp.launch.py
[25.449s] -- Symlinking: /mnt/c/Users/Oden2/Downloads/MSD-SPOT-robot-Rev-4/install/gear_manipulator_moveit_config/share/gear_manipulator_moveit_config/launch/setup_assistant.launch.py
[25.598s] -- Symlinking: /mnt/c/Users/Oden2/Downloads/MSD-SPOT-robot-Rev-4/install/gear_manipulator_moveit_config/share/gear_manipulator_moveit_config/launch/spawn_controllers.launch.py
[25.767s] -- Symlinking: /mnt/c/Users/Oden2/Downloads/MSD-SPOT-robot-Rev-4/install/gear_manipulator_moveit_config/share/gear_manipulator_moveit_config/launch/static_virtual_joint_tfs.launch.py
[25.946s] -- Symlinking: /mnt/c/Users/Oden2/Downloads/MSD-SPOT-robot-Rev-4/install/gear_manipulator_moveit_config/share/gear_manipulator_moveit_config/launch/warehouse_db.launch.py
[26.320s] -- Symlinking: /mnt/c/Users/Oden2/Downloads/MSD-SPOT-robot-Rev-4/install/gear_manipulator_moveit_config/share/gear_manipulator_moveit_config/config/gear_manipulator.ros2_control.xacro
[26.634s] -- Symlinking: /mnt/c/Users/Oden2/Downloads/MSD-SPOT-robot-Rev-4/install/gear_manipulator_moveit_config/share/gear_manipulator_moveit_config/config/gear_manipulator.srdf
[26.797s] -- Symlinking: /mnt/c/Users/Oden2/Downloads/MSD-SPOT-robot-Rev-4/install/gear_manipulator_moveit_config/share/gear_manipulator_moveit_config/config/gear_manipulator.urdf.xacro
[26.916s] -- Symlinking: /mnt/c/Users/Oden2/Downloads/MSD-SPOT-robot-Rev-4/install/gear_manipulator_moveit_config/share/gear_manipulator_moveit_config/config/initial_positions.yaml
[27.058s] -- Symlinking: /mnt/c/Users/Oden2/Downloads/MSD-SPOT-robot-Rev-4/install/gear_manipulator_moveit_config/share/gear_manipulator_moveit_config/config/joint_limits.yaml
[27.193s] -- Symlinking: /mnt/c/Users/Oden2/Downloads/MSD-SPOT-robot-Rev-4/install/gear_manipulator_moveit_config/share/gear_manipulator_moveit_config/config/kinematics.yaml
[27.311s] -- Symlinking: /mnt/c/Users/Oden2/Downloads/MSD-SPOT-robot-Rev-4/install/gear_manipulator_moveit_config/share/gear_manipulator_moveit_config/config/moveit.rviz
[27.598s] -- Symlinking: /mnt/c/Users/Oden2/Downloads/MSD-SPOT-robot-Rev-4/install/gear_manipulator_moveit_config/share/gear_manipulator_moveit_config/config/moveit_controllers.yaml
[27.761s] -- Symlinking: /mnt/c/Users/Oden2/Downloads/MSD-SPOT-robot-Rev-4/install/gear_manipulator_moveit_config/share/gear_manipulator_moveit_config/config/pilz_cartesian_limits.yaml
[27.974s] -- Symlinking: /mnt/c/Users/Oden2/Downloads/MSD-SPOT-robot-Rev-4/install/gear_manipulator_moveit_config/share/gear_manipulator_moveit_config/config/ros2_controllers_hardware.yaml
[28.287s] -- Symlinking: /mnt/c/Users/Oden2/Downloads/MSD-SPOT-robot-Rev-4/install/gear_manipulator_moveit_config/share/gear_manipulator_moveit_config/.setup_assistant
[28.641s] Invoked command in '/mnt/c/Users/Oden2/Downloads/MSD-SPOT-robot-Rev-4/build/gear_manipulator_moveit_config' returned '0': CMAKE_PREFIX_PATH=/mnt/c/Users/Oden2/Downloads/MSD-SPOT-robot-Rev-4/install/my_robot:/mnt/c/Users/Oden2/Downloads/MSD-SPOT-robot-Rev-4/install/gear_manipulator_moveit_config:/mnt/c/Users/Oden2/Downloads/MSD-SPOT-robot-Rev-4/install/marge:/mnt/c/Users/Oden2/Downloads/MSD-SPOT-robot-Rev-4/install/end_effector:/opt/ros/humble /usr/bin/cmake --install /mnt/c/Users/Oden2/Downloads/MSD-SPOT-robot-Rev-4/build/gear_manipulator_moveit_config
