[0.648s] Invoking command in '/home/msd/MSD2/REV4/build/spotarm_target_gamepad': PYTHONPATH=/home/msd/MSD2/REV4/build/spotarm_target_gamepad/prefix_override:/usr/lib/python3/dist-packages/colcon_core/task/python/colcon_distutils_commands:/home/msd/MSD2/REV4/install/spotarm_target_gamepad/lib/python3.10/site-packages:${PYTHONPATH} /usr/bin/python3 -W ignore:setup.py install is deprecated -W ignore:easy_install command is deprecated setup.py develop --editable --build-directory /home/msd/MSD2/REV4/build/spotarm_target_gamepad/build --no-deps symlink_data
[0.910s] running develop
[1.074s] running egg_info
[1.075s] creating spotarm_target_gamepad.egg-info
[1.075s] writing spotarm_target_gamepad.egg-info/PKG-INFO
[1.075s] writing dependency_links to spotarm_target_gamepad.egg-info/dependency_links.txt
[1.075s] writing entry points to spotarm_target_gamepad.egg-info/entry_points.txt
[1.075s] writing requirements to spotarm_target_gamepad.egg-info/requires.txt
[1.075s] writing top-level names to spotarm_target_gamepad.egg-info/top_level.txt
[1.075s] writing manifest file 'spotarm_target_gamepad.egg-info/SOURCES.txt'
[1.077s] reading manifest file 'spotarm_target_gamepad.egg-info/SOURCES.txt'
[1.077s] writing manifest file 'spotarm_target_gamepad.egg-info/SOURCES.txt'
[1.078s] running build_ext
[1.079s] Creating /home/msd/MSD2/REV4/install/spotarm_target_gamepad/lib/python3.10/site-packages/spotarm-target-gamepad.egg-link (link to .)
[1.079s] Installing target_gamepad script to /home/msd/MSD2/REV4/install/spotarm_target_gamepad/lib/spotarm_target_gamepad
[1.080s] 
[1.080s] Installed /home/msd/MSD2/REV4/build/spotarm_target_gamepad
[1.080s] running symlink_data
[1.080s] creating /home/msd/MSD2/REV4/install/spotarm_target_gamepad/share/ament_index
[1.080s] creating /home/msd/MSD2/REV4/install/spotarm_target_gamepad/share/ament_index/resource_index
[1.080s] creating /home/msd/MSD2/REV4/install/spotarm_target_gamepad/share/ament_index/resource_index/packages
[1.080s] symbolically linking /home/msd/MSD2/REV4/build/spotarm_target_gamepad/resource/spotarm_target_gamepad -> /home/msd/MSD2/REV4/install/spotarm_target_gamepad/share/ament_index/resource_index/packages
[1.080s] symbolically linking /home/msd/MSD2/REV4/build/spotarm_target_gamepad/package.xml -> /home/msd/MSD2/REV4/install/spotarm_target_gamepad/share/spotarm_target_gamepad
[1.080s] creating /home/msd/MSD2/REV4/install/spotarm_target_gamepad/share/spotarm_target_gamepad/launch
[1.080s] symbolically linking /home/msd/MSD2/REV4/build/spotarm_target_gamepad/launch/target_gamepad.launch.py -> /home/msd/MSD2/REV4/install/spotarm_target_gamepad/share/spotarm_target_gamepad/launch
[1.106s] Invoked command in '/home/msd/MSD2/REV4/build/spotarm_target_gamepad' returned '0': PYTHONPATH=/home/msd/MSD2/REV4/build/spotarm_target_gamepad/prefix_override:/usr/lib/python3/dist-packages/colcon_core/task/python/colcon_distutils_commands:/home/msd/MSD2/REV4/install/spotarm_target_gamepad/lib/python3.10/site-packages:${PYTHONPATH} /usr/bin/python3 -W ignore:setup.py install is deprecated -W ignore:easy_install command is deprecated setup.py develop --editable --build-directory /home/msd/MSD2/REV4/build/spotarm_target_gamepad/build --no-deps symlink_data
