-- Found ament_cmake: 1.3.14 (/opt/ros/humble/share/ament_cmake/cmake)
-- Override CMake install command with custom implementation using symlinks instead of copying resources
-- Found rclcpp: 16.0.19 (/opt/ros/humble/share/rclcpp/cmake)
-- Found rosidl_generator_c: 3.1.8 (/opt/ros/humble/share/rosidl_generator_c/cmake)
-- Found rosidl_adapter: 3.1.8 (/opt/ros/humble/share/rosidl_adapter/cmake)
-- Found rosidl_generator_cpp: 3.1.8 (/opt/ros/humble/share/rosidl_generator_cpp/cmake)
-- Using all available rosidl_typesupport_c: rosidl_typesupport_fastrtps_c;rosidl_typesupport_introspection_c
-- Using all available rosidl_typesupport_cpp: rosidl_typesupport_fastrtps_cpp;rosidl_typesupport_introspection_cpp
-- Found rmw_implementation_cmake: 6.1.2 (/opt/ros/humble/share/rmw_implementation_cmake/cmake)
-- Found rmw_fastrtps_cpp: 6.2.10 (/opt/ros/humble/share/rmw_fastrtps_cpp/cmake)
-- Using RMW implementation 'rmw_fastrtps_cpp' as default
-- Found moveit_ros_planning_interface: 2.5.9 (/opt/ros/humble/share/moveit_ros_planning_interface/cmake)
-- Found Boost: /usr/lib/x86_64-linux-gnu/cmake/Boost-1.74.0/BoostConfig.cmake (found version "1.74.0") found components: date_time filesystem program_options system thread 
-- Found Boost: /usr/lib/x86_64-linux-gnu/cmake/Boost-1.74.0/BoostConfig.cmake (found version "1.74.0") found components: chrono date_time filesystem iostreams program_options regex serialization system thread 
-- Found parameter_traits: 0.7.1 (/opt/ros/humble/share/parameter_traits/cmake)
-- Found rclcpp_lifecycle: 16.0.19 (/opt/ros/humble/share/rclcpp_lifecycle/cmake)
-- Found Boost: /usr/lib/x86_64-linux-gnu/cmake/Boost-1.74.0/BoostConfig.cmake (found version "1.74.0") found components: filesystem 
-- library: /usr/lib/x86_64-linux-gnu/libcurl.so
-- Ensuring Eigen3 include directory is part of orocos-kdl CMake target
-- Found Boost: /usr/lib/x86_64-linux-gnu/cmake/Boost-1.74.0/BoostConfig.cmake (found version "1.74.0") found components: system filesystem date_time program_options thread chrono 
-- Found Boost: /usr/lib/x86_64-linux-gnu/cmake/Boost-1.74.0/BoostConfig.cmake (found version "1.74.0") found components: thread system filesystem regex date_time program_options 
-- Found Boost: /usr/lib/x86_64-linux-gnu/cmake/Boost-1.74.0/BoostConfig.cmake (found version "1.74.0") found components: system filesystem date_time program_options thread 
-- Configuring done
-- Generating done
-- Build files have been written to: /home/msd/MSD2/REV4/build/robot_commander
[35m[1mConsolidate compiler generated dependencies of target commander[0m
[100%] Built target commander
-- Install configuration: ""
-- Execute custom install script
-- Up-to-date symlink: /home/msd/MSD2/REV4/install/robot_commander/lib/robot_commander//commander
-- Up-to-date symlink: /home/msd/MSD2/REV4/install/robot_commander/share/ament_index/resource_index/package_run_dependencies/robot_commander
-- Up-to-date symlink: /home/msd/MSD2/REV4/install/robot_commander/share/ament_index/resource_index/parent_prefix_path/robot_commander
-- Up-to-date symlink: /home/msd/MSD2/REV4/install/robot_commander/share/robot_commander/environment/ament_prefix_path.sh
-- Up-to-date symlink: /home/msd/MSD2/REV4/install/robot_commander/share/robot_commander/environment/ament_prefix_path.dsv
-- Up-to-date symlink: /home/msd/MSD2/REV4/install/robot_commander/share/robot_commander/environment/path.sh
-- Up-to-date symlink: /home/msd/MSD2/REV4/install/robot_commander/share/robot_commander/environment/path.dsv
-- Up-to-date symlink: /home/msd/MSD2/REV4/install/robot_commander/share/robot_commander/local_setup.bash
-- Up-to-date symlink: /home/msd/MSD2/REV4/install/robot_commander/share/robot_commander/local_setup.sh
-- Up-to-date symlink: /home/msd/MSD2/REV4/install/robot_commander/share/robot_commander/local_setup.zsh
-- Up-to-date symlink: /home/msd/MSD2/REV4/install/robot_commander/share/robot_commander/local_setup.dsv
-- Symlinking: /home/msd/MSD2/REV4/install/robot_commander/share/robot_commander/package.dsv
-- Up-to-date symlink: /home/msd/MSD2/REV4/install/robot_commander/share/ament_index/resource_index/packages/robot_commander
-- Up-to-date symlink: /home/msd/MSD2/REV4/install/robot_commander/share/robot_commander/cmake/robot_commanderConfig.cmake
-- Up-to-date symlink: /home/msd/MSD2/REV4/install/robot_commander/share/robot_commander/cmake/robot_commanderConfig-version.cmake
-- Up-to-date symlink: /home/msd/MSD2/REV4/install/robot_commander/share/robot_commander/package.xml
