[0.306s] Invoking command in '/home/msd/MSD2/REV4/build/marge': CMAKE_PREFIX_PATH=/opt/ros/humble /usr/bin/cmake /home/msd/MSD2/REV4/src/marge -DCMAKE_INSTALL_PREFIX=/home/msd/MSD2/REV4/install/marge
[0.966s] -- Found ament_cmake: 1.3.14 (/opt/ros/humble/share/ament_cmake/cmake)
[0.966s] -- Override CMake install command with custom implementation using symlinks instead of copying resources
[0.966s] -- Configuring done
[0.966s] -- Generating done
[0.966s] -- Build files have been written to: /home/msd/MSD2/REV4/build/marge
[0.971s] Invoked command in '/home/msd/MSD2/REV4/build/marge' returned '0': CMAKE_PREFIX_PATH=/opt/ros/humble /usr/bin/cmake /home/msd/MSD2/REV4/src/marge -DCMAKE_INSTALL_PREFIX=/home/msd/MSD2/REV4/install/marge
[0.974s] Invoking command in '/home/msd/MSD2/REV4/build/marge': CMAKE_PREFIX_PATH=/opt/ros/humble /usr/bin/cmake --build /home/msd/MSD2/REV4/build/marge -- -j8 -l8
[1.036s] [35m[1mConsolidate compiler generated dependencies of target icl_stepper[0m
[1.068s] [ 50%] Built target icl_stepper
[1.083s] [35m[1mConsolidate compiler generated dependencies of target homer[0m
[1.101s] [ 75%] [32m[1mLinking CXX executable homer[0m
[1.296s] [100%] Built target homer
[1.314s] Invoked command in '/home/msd/MSD2/REV4/build/marge' returned '0': CMAKE_PREFIX_PATH=/opt/ros/humble /usr/bin/cmake --build /home/msd/MSD2/REV4/build/marge -- -j8 -l8
[1.318s] Invoking command in '/home/msd/MSD2/REV4/build/marge': CMAKE_PREFIX_PATH=/opt/ros/humble /usr/bin/cmake --install /home/msd/MSD2/REV4/build/marge
[1.331s] -- Install configuration: ""
[1.331s] -- Execute custom install script
[1.332s] -- Up-to-date symlink: /home/msd/MSD2/REV4/install/marge/lib/libicl_stepper.so
[1.333s] -- Up-to-date symlink: /home/msd/MSD2/REV4/install/marge/lib/marge/homer
[1.334s] -- Up-to-date symlink: /home/msd/MSD2/REV4/install/marge/include/marge/ICLStepper.h
[1.334s] -- Up-to-date symlink: /home/msd/MSD2/REV4/install/marge/share/marge/environment/library_path.sh
[1.334s] -- Up-to-date symlink: /home/msd/MSD2/REV4/install/marge/share/marge/environment/library_path.dsv
[1.337s] -- Up-to-date symlink: /home/msd/MSD2/REV4/install/marge/share/ament_index/resource_index/package_run_dependencies/marge
[1.337s] -- Up-to-date symlink: /home/msd/MSD2/REV4/install/marge/share/ament_index/resource_index/parent_prefix_path/marge
[1.337s] -- Up-to-date symlink: /home/msd/MSD2/REV4/install/marge/share/marge/environment/ament_prefix_path.sh
[1.337s] -- Up-to-date symlink: /home/msd/MSD2/REV4/install/marge/share/marge/environment/ament_prefix_path.dsv
[1.338s] -- Up-to-date symlink: /home/msd/MSD2/REV4/install/marge/share/marge/environment/path.sh
[1.338s] -- Up-to-date symlink: /home/msd/MSD2/REV4/install/marge/share/marge/environment/path.dsv
[1.339s] -- Up-to-date symlink: /home/msd/MSD2/REV4/install/marge/share/marge/local_setup.bash
[1.339s] -- Up-to-date symlink: /home/msd/MSD2/REV4/install/marge/share/marge/local_setup.sh
[1.340s] -- Up-to-date symlink: /home/msd/MSD2/REV4/install/marge/share/marge/local_setup.zsh
[1.340s] -- Up-to-date symlink: /home/msd/MSD2/REV4/install/marge/share/marge/local_setup.dsv
[1.341s] -- Symlinking: /home/msd/MSD2/REV4/install/marge/share/marge/package.dsv
[1.357s] -- Up-to-date symlink: /home/msd/MSD2/REV4/install/marge/share/ament_index/resource_index/packages/marge
[1.357s] -- Up-to-date symlink: /home/msd/MSD2/REV4/install/marge/share/marge/cmake/ament_cmake_export_include_directories-extras.cmake
[1.358s] -- Up-to-date symlink: /home/msd/MSD2/REV4/install/marge/share/marge/cmake/ament_cmake_export_libraries-extras.cmake
[1.358s] -- Up-to-date symlink: /home/msd/MSD2/REV4/install/marge/share/marge/cmake/margeConfig.cmake
[1.358s] -- Up-to-date symlink: /home/msd/MSD2/REV4/install/marge/share/marge/cmake/margeConfig-version.cmake
[1.358s] -- Up-to-date symlink: /home/msd/MSD2/REV4/install/marge/share/marge/package.xml
[1.363s] Invoked command in '/home/msd/MSD2/REV4/build/marge' returned '0': CMAKE_PREFIX_PATH=/opt/ros/humble /usr/bin/cmake --install /home/msd/MSD2/REV4/build/marge
