[0.302s] Invoking command in '/home/msd/MSD2/REV4/build/robot_servoing': CMAKE_PREFIX_PATH=${CMAKE_PREFIX_PATH}:/home/msd/MSD2/REV4/install/my_robot:/opt/ros/humble /usr/bin/cmake /home/msd/MSD2/REV4/src/robot_servoing -DAMENT_CMAKE_SYMLINK_INSTALL=1 -DCMAKE_INSTALL_PREFIX=/home/msd/MSD2/REV4/install/robot_servoing
[0.763s] -- The C compiler identification is GNU 11.4.0
[0.763s] -- The CXX compiler identification is GNU 11.4.0
[0.764s] -- Detecting C compiler ABI info
[0.764s] -- Detecting C compiler ABI info - done
[0.764s] -- Check for working C compiler: /usr/bin/cc - skipped
[0.764s] -- Detecting C compile features
[0.764s] -- Detecting C compile features - done
[0.764s] -- Detecting CXX compiler ABI info
[0.764s] -- Detecting CXX compiler ABI info - done
[0.764s] -- Check for working CXX compiler: /usr/bin/c++ - skipped
[0.764s] -- Detecting CXX compile features
[0.764s] -- Detecting CXX compile features - done
[0.764s] -- Found ament_cmake: 1.3.14 (/opt/ros/humble/share/ament_cmake/cmake)
[1.023s] -- Found Python3: /usr/bin/python3 (found version "3.10.12") found components: Interpreter 
[1.149s] -- Override CMake install command with custom implementation using symlinks instead of copying resources
[1.189s] -- Found control_msgs: 4.8.0 (/opt/ros/humble/share/control_msgs/cmake)
[1.269s] -- Found rosidl_generator_c: 3.1.8 (/opt/ros/humble/share/rosidl_generator_c/cmake)
[1.276s] -- Found rosidl_adapter: 3.1.8 (/opt/ros/humble/share/rosidl_adapter/cmake)
[1.292s] -- Found rosidl_generator_cpp: 3.1.8 (/opt/ros/humble/share/rosidl_generator_cpp/cmake)
[1.314s] -- Using all available rosidl_typesupport_c: rosidl_typesupport_fastrtps_c;rosidl_typesupport_introspection_c
[1.344s] -- Using all available rosidl_typesupport_cpp: rosidl_typesupport_fastrtps_cpp;rosidl_typesupport_introspection_cpp
[1.603s] -- Found control_toolbox: 3.6.3 (/opt/ros/humble/share/control_toolbox/cmake)
[1.684s] -- Found rmw_implementation_cmake: 6.1.2 (/opt/ros/humble/share/rmw_implementation_cmake/cmake)
[1.688s] -- Found rmw_fastrtps_cpp: 6.2.10 (/opt/ros/humble/share/rmw_fastrtps_cpp/cmake)
[1.874s] -- Found OpenSSL: /usr/lib/x86_64-linux-gnu/libcrypto.so (found version "3.0.2")  
[1.937s] -- Found FastRTPS: /opt/ros/humble/include  
[2.010s] -- Using RMW implementation 'rmw_fastrtps_cpp' as default
[2.033s] -- Looking for pthread.h
[2.173s] -- Looking for pthread.h - found
[2.173s] -- Performing Test CMAKE_HAVE_LIBC_PTHREAD
[2.307s] -- Performing Test CMAKE_HAVE_LIBC_PTHREAD - Success
[2.309s] -- Found Threads: TRUE  
[2.586s] -- Found moveit_core: 2.5.9 (/opt/ros/humble/share/moveit_core/cmake)
[2.635s] -- Found Boost: /usr/lib/x86_64-linux-gnu/cmake/Boost-1.74.0/BoostConfig.cmake (found version "1.74.0") found components: chrono date_time filesystem iostreams program_options regex serialization system thread 
[2.709s] -- Found Boost: /usr/lib/x86_64-linux-gnu/cmake/Boost-1.74.0/BoostConfig.cmake (found version "1.74.0") found components: filesystem 
[2.848s] -- library: /usr/lib/x86_64-linux-gnu/libcurl.so
[2.945s] -- Found Eigen3: TRUE (found version "3.4.0") 
[2.945s] -- Ensuring Eigen3 include directory is part of orocos-kdl CMake target
[3.401s] -- Found moveit_ros_planning: 2.5.9 (/opt/ros/humble/share/moveit_ros_planning/cmake)
[3.425s] -- Found Boost: /usr/lib/x86_64-linux-gnu/cmake/Boost-1.74.0/BoostConfig.cmake (found version "1.74.0") found components: system filesystem date_time program_options thread chrono 
[3.507s] -- Found moveit_ros_planning_interface: 2.5.9 (/opt/ros/humble/share/moveit_ros_planning_interface/cmake)
[3.516s] -- Found Boost: /usr/lib/x86_64-linux-gnu/cmake/Boost-1.74.0/BoostConfig.cmake (found version "1.74.0") found components: date_time filesystem program_options system thread 
[3.556s] -- Found Boost: /usr/lib/x86_64-linux-gnu/cmake/Boost-1.74.0/BoostConfig.cmake (found version "1.74.0") found components: thread system filesystem regex date_time program_options 
[3.609s] -- Found Boost: /usr/lib/x86_64-linux-gnu/cmake/Boost-1.74.0/BoostConfig.cmake (found version "1.74.0") found components: system filesystem date_time program_options thread 
[3.726s] -- Found ament_lint_auto: 0.12.15 (/opt/ros/humble/share/ament_lint_auto/cmake)
[4.071s] -- Added test 'cppcheck' to perform static code analysis on C / C++ code
[4.072s] -- Configured cppcheck include dirs: /home/msd/MSD2/REV4/src/robot_servoing/include
[4.072s] -- Configured cppcheck exclude dirs and/or files: 
[4.073s] -- Added test 'flake8' to check Python code syntax and style conventions
[4.074s] -- Added test 'lint_cmake' to check CMake code style
[4.075s] -- Added test 'pep257' to check Python code against some of the docstring style conventions in PEP 257
[4.077s] -- Added test 'uncrustify' to check C / C++ code style
[4.077s] -- Configured uncrustify additional arguments: 
[4.078s] -- Added test 'xmllint' to check XML markup files
[4.080s] -- Configuring done
[4.122s] -- Generating done
[4.133s] -- Build files have been written to: /home/msd/MSD2/REV4/build/robot_servoing
[4.170s] Invoked command in '/home/msd/MSD2/REV4/build/robot_servoing' returned '0': CMAKE_PREFIX_PATH=${CMAKE_PREFIX_PATH}:/home/msd/MSD2/REV4/install/my_robot:/opt/ros/humble /usr/bin/cmake /home/msd/MSD2/REV4/src/robot_servoing -DAMENT_CMAKE_SYMLINK_INSTALL=1 -DCMAKE_INSTALL_PREFIX=/home/msd/MSD2/REV4/install/robot_servoing
[4.176s] Invoking command in '/home/msd/MSD2/REV4/build/robot_servoing': CMAKE_PREFIX_PATH=${CMAKE_PREFIX_PATH}:/home/msd/MSD2/REV4/install/my_robot:/opt/ros/humble /usr/bin/cmake --build /home/msd/MSD2/REV4/build/robot_servoing -- -j8 -l8
[4.243s] [ 50%] [32mBuilding CXX object CMakeFiles/servo_controller_input.dir/src/my_gamepad_to_servo_node.cpp.o[0m
[16.645s] [100%] [32m[1mLinking CXX shared library libservo_controller_input.so[0m
[18.480s] [100%] Built target servo_controller_input
[18.492s] Invoked command in '/home/msd/MSD2/REV4/build/robot_servoing' returned '0': CMAKE_PREFIX_PATH=${CMAKE_PREFIX_PATH}:/home/msd/MSD2/REV4/install/my_robot:/opt/ros/humble /usr/bin/cmake --build /home/msd/MSD2/REV4/build/robot_servoing -- -j8 -l8
[18.494s] Invoking command in '/home/msd/MSD2/REV4/build/robot_servoing': CMAKE_PREFIX_PATH=${CMAKE_PREFIX_PATH}:/home/msd/MSD2/REV4/install/my_robot:/opt/ros/humble /usr/bin/cmake --install /home/msd/MSD2/REV4/build/robot_servoing
[18.500s] -- Install configuration: ""
[18.501s] -- Execute custom install script
[18.501s] -- Symlinking: /home/msd/MSD2/REV4/install/robot_servoing/share/robot_servoing/launch/servo.launch.py
[18.509s] -- Symlinking: /home/msd/MSD2/REV4/install/robot_servoing/share/robot_servoing/launch/servo2.launch.py
[18.518s] -- Symlinking: /home/msd/MSD2/REV4/install/robot_servoing/share/robot_servoing/config/robot_simulated_config.yaml
[18.526s] -- Symlinking: /home/msd/MSD2/REV4/install/robot_servoing/share/ament_index/resource_index/package_run_dependencies/robot_servoing
[18.534s] -- Symlinking: /home/msd/MSD2/REV4/install/robot_servoing/share/ament_index/resource_index/parent_prefix_path/robot_servoing
[18.542s] -- Symlinking: /home/msd/MSD2/REV4/install/robot_servoing/share/robot_servoing/environment/ament_prefix_path.sh
[18.550s] -- Symlinking: /home/msd/MSD2/REV4/install/robot_servoing/share/robot_servoing/environment/ament_prefix_path.dsv
[18.558s] -- Symlinking: /home/msd/MSD2/REV4/install/robot_servoing/share/robot_servoing/environment/path.sh
[18.566s] -- Symlinking: /home/msd/MSD2/REV4/install/robot_servoing/share/robot_servoing/environment/path.dsv
[18.574s] -- Symlinking: /home/msd/MSD2/REV4/install/robot_servoing/share/robot_servoing/local_setup.bash
[18.583s] -- Symlinking: /home/msd/MSD2/REV4/install/robot_servoing/share/robot_servoing/local_setup.sh
[18.592s] -- Symlinking: /home/msd/MSD2/REV4/install/robot_servoing/share/robot_servoing/local_setup.zsh
[18.600s] -- Symlinking: /home/msd/MSD2/REV4/install/robot_servoing/share/robot_servoing/local_setup.dsv
[18.608s] -- Symlinking: /home/msd/MSD2/REV4/install/robot_servoing/share/robot_servoing/package.dsv
[18.616s] -- Symlinking: /home/msd/MSD2/REV4/install/robot_servoing/share/ament_index/resource_index/packages/robot_servoing
[18.624s] -- Symlinking: /home/msd/MSD2/REV4/install/robot_servoing/share/ament_index/resource_index/rclcpp_components/robot_servoing
[18.631s] -- Symlinking: /home/msd/MSD2/REV4/install/robot_servoing/share/robot_servoing/cmake/robot_servoingConfig.cmake
[18.639s] -- Symlinking: /home/msd/MSD2/REV4/install/robot_servoing/share/robot_servoing/cmake/robot_servoingConfig-version.cmake
[18.647s] -- Symlinking: /home/msd/MSD2/REV4/install/robot_servoing/share/robot_servoing/package.xml
[18.655s] -- Installing: /home/msd/MSD2/REV4/install/robot_servoing/lib/libservo_controller_input.so
[18.661s] -- Set runtime path of "/home/msd/MSD2/REV4/install/robot_servoing/lib/libservo_controller_input.so" to ""
[18.664s] Invoked command in '/home/msd/MSD2/REV4/build/robot_servoing' returned '0': CMAKE_PREFIX_PATH=${CMAKE_PREFIX_PATH}:/home/msd/MSD2/REV4/install/my_robot:/opt/ros/humble /usr/bin/cmake --install /home/msd/MSD2/REV4/build/robot_servoing
