[35m[1mConsolidate compiler generated dependencies of target robot_hardware_arm[0m
[100%] Built target robot_hardware_arm
-- Install configuration: ""
-- Installing: /home/msd/MSD2/REV4/install/robot_hardware/share/robot_hardware/robot_hardware_plugin.xml
-- Installing: /home/msd/MSD2/REV4/install/robot_hardware/lib/librobot_hardware_arm.so
-- Set runtime path of "/home/msd/MSD2/REV4/install/robot_hardware/lib/librobot_hardware_arm.so" to ""
-- Installing: /home/msd/MSD2/REV4/install/robot_hardware/include
-- Installing: /home/msd/MSD2/REV4/install/robot_hardware/include/robot_hardware
-- Installing: /home/msd/MSD2/REV4/install/robot_hardware/include/robot_hardware/ICLStepper.h
-- Installing: /home/msd/MSD2/REV4/install/robot_hardware/include/robot_hardware/arm_hardware_interface.hpp
-- Up-to-date: /home/msd/MSD2/REV4/install/robot_hardware/share/robot_hardware/robot_hardware_plugin.xml
-- Installing: /home/msd/MSD2/REV4/install/robot_hardware/share/ament_index/resource_index/package_run_dependencies/robot_hardware
-- Installing: /home/msd/MSD2/REV4/install/robot_hardware/share/ament_index/resource_index/parent_prefix_path/robot_hardware
-- Installing: /home/msd/MSD2/REV4/install/robot_hardware/share/robot_hardware/environment/ament_prefix_path.sh
-- Installing: /home/msd/MSD2/REV4/install/robot_hardware/share/robot_hardware/environment/ament_prefix_path.dsv
-- Installing: /home/msd/MSD2/REV4/install/robot_hardware/share/robot_hardware/environment/path.sh
-- Installing: /home/msd/MSD2/REV4/install/robot_hardware/share/robot_hardware/environment/path.dsv
-- Installing: /home/msd/MSD2/REV4/install/robot_hardware/share/robot_hardware/local_setup.bash
-- Installing: /home/msd/MSD2/REV4/install/robot_hardware/share/robot_hardware/local_setup.sh
-- Installing: /home/msd/MSD2/REV4/install/robot_hardware/share/robot_hardware/local_setup.zsh
-- Installing: /home/msd/MSD2/REV4/install/robot_hardware/share/robot_hardware/local_setup.dsv
-- Installing: /home/msd/MSD2/REV4/install/robot_hardware/share/robot_hardware/package.dsv
-- Installing: /home/msd/MSD2/REV4/install/robot_hardware/share/ament_index/resource_index/packages/robot_hardware
-- Installing: /home/msd/MSD2/REV4/install/robot_hardware/share/ament_index/resource_index/hardware_interface__pluginlib__plugin/robot_hardware
-- Installing: /home/msd/MSD2/REV4/install/robot_hardware/share/robot_hardware/cmake/robot_hardwareConfig.cmake
-- Installing: /home/msd/MSD2/REV4/install/robot_hardware/share/robot_hardware/cmake/robot_hardwareConfig-version.cmake
-- Installing: /home/msd/MSD2/REV4/install/robot_hardware/share/robot_hardware/package.xml
