[0.310s] Invoking command in '/home/msd/MSD2/REV4/build/robot_servoing': CMAKE_PREFIX_PATH=/opt/ros/humble /usr/bin/cmake /home/msd/MSD2/REV4/src/robot_servoing -DCMAKE_INSTALL_PREFIX=/home/msd/MSD2/REV4/install/robot_servoing
[0.959s] -- Found ament_cmake: 1.3.14 (/opt/ros/humble/share/ament_cmake/cmake)
[0.960s] -- Override CMake install command with custom implementation using symlinks instead of copying resources
[0.960s] -- Found control_msgs: 4.8.0 (/opt/ros/humble/share/control_msgs/cmake)
[0.960s] -- Found rosidl_generator_c: 3.1.8 (/opt/ros/humble/share/rosidl_generator_c/cmake)
[0.960s] -- Found rosidl_adapter: 3.1.8 (/opt/ros/humble/share/rosidl_adapter/cmake)
[0.960s] -- Found rosidl_generator_cpp: 3.1.8 (/opt/ros/humble/share/rosidl_generator_cpp/cmake)
[0.960s] -- Using all available rosidl_typesupport_c: rosidl_typesupport_fastrtps_c;rosidl_typesupport_introspection_c
[0.960s] -- Using all available rosidl_typesupport_cpp: rosidl_typesupport_fastrtps_cpp;rosidl_typesupport_introspection_cpp
[0.960s] -- Found control_toolbox: 3.6.3 (/opt/ros/humble/share/control_toolbox/cmake)
[0.960s] -- Found rmw_implementation_cmake: 6.1.2 (/opt/ros/humble/share/rmw_implementation_cmake/cmake)
[0.960s] -- Found rmw_fastrtps_cpp: 6.2.10 (/opt/ros/humble/share/rmw_fastrtps_cpp/cmake)
[1.008s] -- Using RMW implementation 'rmw_fastrtps_cpp' as default
[1.251s] -- Found moveit_core: 2.5.10 (/opt/ros/humble/share/moveit_core/cmake)
[1.280s] -- Found Boost: /usr/lib/x86_64-linux-gnu/cmake/Boost-1.74.0/BoostConfig.cmake (found version "1.74.0") found components: chrono date_time filesystem iostreams program_options regex serialization system thread 
[1.399s] -- library: /usr/lib/x86_64-linux-gnu/libcurl.so
[1.492s] -- Ensuring Eigen3 include directory is part of orocos-kdl CMake target
[1.810s] -- Found moveit_ros_planning: 2.5.10 (/opt/ros/humble/share/moveit_ros_planning/cmake)
[1.821s] -- Found Boost: /usr/lib/x86_64-linux-gnu/cmake/Boost-1.74.0/BoostConfig.cmake (found version "1.74.0") found components: system filesystem date_time program_options thread chrono 
[1.872s] -- Found moveit_ros_planning_interface: 2.5.10 (/opt/ros/humble/share/moveit_ros_planning_interface/cmake)
[1.878s] -- Found Boost: /usr/lib/x86_64-linux-gnu/cmake/Boost-1.74.0/BoostConfig.cmake (found version "1.74.0") found components: date_time filesystem program_options system thread 
[1.905s] -- Found Boost: /usr/lib/x86_64-linux-gnu/cmake/Boost-1.74.0/BoostConfig.cmake (found version "1.74.0") found components: thread system filesystem regex date_time program_options 
[1.937s] -- Found Boost: /usr/lib/x86_64-linux-gnu/cmake/Boost-1.74.0/BoostConfig.cmake (found version "1.74.0") found components: system filesystem date_time program_options thread 
[1.991s] -- Found ament_lint_auto: 0.12.15 (/opt/ros/humble/share/ament_lint_auto/cmake)
[2.156s] -- Added test 'cppcheck' to perform static code analysis on C / C++ code
[2.156s] -- Configured cppcheck include dirs: /home/msd/MSD2/REV4/src/robot_servoing/include
[2.156s] -- Configured cppcheck exclude dirs and/or files: 
[2.157s] -- Added test 'flake8' to check Python code syntax and style conventions
[2.157s] -- Added test 'lint_cmake' to check CMake code style
[2.158s] -- Added test 'pep257' to check Python code against some of the docstring style conventions in PEP 257
[2.160s] -- Added test 'uncrustify' to check C / C++ code style
[2.160s] -- Configured uncrustify additional arguments: 
[2.161s] -- Added test 'xmllint' to check XML markup files
[2.162s] -- Configuring done
[2.180s] [31mCMake Error at CMakeLists.txt:80 (add_library):
[2.180s]   Target "servo_controller_input" links to target
[2.180s]   "random_numbers::random_numbers" but the target was not found.  Perhaps a
[2.180s]   find_package() call is missing for an IMPORTED target, or an ALIAS target
[2.180s]   is missing?
[2.180s] 
[2.181s] [0m
[2.181s] [31mCMake Error at CMakeLists.txt:80 (add_library):
[2.182s]   Target "servo_controller_input" links to target "Boost::random" but the
[2.182s]   target was not found.  Perhaps a find_package() call is missing for an
[2.182s]   IMPORTED target, or an ALIAS target is missing?
[2.182s] 
[2.182s] [0m
[2.207s] -- Generating done
[2.213s] [0mCMake Generate step failed.  Build files cannot be regenerated correctly.[0m
