[0.027s] Invoking command in '/home/msd/MSD2/REV4/build/robot_moveit_config': AMENT_PREFIX_PATH=/home/msd/MSD2/REV4/install/spotarm_assembly_description:${AMENT_PREFIX_PATH} CMAKE_PREFIX_PATH=${CMAKE_PREFIX_PATH}:/home/msd/MSD2/REV4/install/my_robot:/opt/ros/humble PYTHONPATH=/home/msd/MSD2/REV4/build/spotarm_assembly_description:/home/msd/MSD2/REV4/install/spotarm_assembly_description/lib/python3.10/site-packages:${PYTHONPATH} /usr/bin/cmake /home/msd/MSD2/REV4/src/robot_moveit_config -DAMENT_CMAKE_SYMLINK_INSTALL=1 -DCMAKE_INSTALL_PREFIX=/home/msd/MSD2/REV4/install/robot_moveit_config
[0.317s] -- The C compiler identification is GNU 11.4.0
[0.317s] -- The CXX compiler identification is GNU 11.4.0
[0.317s] -- Detecting C compiler ABI info
[0.334s] -- Detecting C compiler ABI info - done
[0.345s] -- Check for working C compiler: /usr/bin/cc - skipped
[0.346s] -- Detecting C compile features
[0.346s] -- Detecting C compile features - done
[0.350s] -- Detecting CXX compiler ABI info
[0.491s] -- Detecting CXX compiler ABI info - done
[0.513s] -- Check for working CXX compiler: /usr/bin/c++ - skipped
[0.513s] -- Detecting CXX compile features
[0.514s] -- Detecting CXX compile features - done
[0.517s] -- Found ament_cmake: 1.3.14 (/opt/ros/humble/share/ament_cmake/cmake)
[0.993s] -- Found Python3: /usr/bin/python3 (found version "3.10.12") found components: Interpreter 
[1.239s] -- Override CMake install command with custom implementation using symlinks instead of copying resources
[1.530s] -- Configuring done
[1.538s] -- Generating done
[1.544s] -- Build files have been written to: /home/msd/MSD2/REV4/build/robot_moveit_config
[1.562s] Invoked command in '/home/msd/MSD2/REV4/build/robot_moveit_config' returned '0': AMENT_PREFIX_PATH=/home/msd/MSD2/REV4/install/spotarm_assembly_description:${AMENT_PREFIX_PATH} CMAKE_PREFIX_PATH=${CMAKE_PREFIX_PATH}:/home/msd/MSD2/REV4/install/my_robot:/opt/ros/humble PYTHONPATH=/home/msd/MSD2/REV4/build/spotarm_assembly_description:/home/msd/MSD2/REV4/install/spotarm_assembly_description/lib/python3.10/site-packages:${PYTHONPATH} /usr/bin/cmake /home/msd/MSD2/REV4/src/robot_moveit_config -DAMENT_CMAKE_SYMLINK_INSTALL=1 -DCMAKE_INSTALL_PREFIX=/home/msd/MSD2/REV4/install/robot_moveit_config
[1.565s] Invoking command in '/home/msd/MSD2/REV4/build/robot_moveit_config': AMENT_PREFIX_PATH=/home/msd/MSD2/REV4/install/spotarm_assembly_description:${AMENT_PREFIX_PATH} CMAKE_PREFIX_PATH=${CMAKE_PREFIX_PATH}:/home/msd/MSD2/REV4/install/my_robot:/opt/ros/humble PYTHONPATH=/home/msd/MSD2/REV4/build/spotarm_assembly_description:/home/msd/MSD2/REV4/install/spotarm_assembly_description/lib/python3.10/site-packages:${PYTHONPATH} /usr/bin/cmake --build /home/msd/MSD2/REV4/build/robot_moveit_config -- -j8 -l8
[1.637s] Invoked command in '/home/msd/MSD2/REV4/build/robot_moveit_config' returned '0': AMENT_PREFIX_PATH=/home/msd/MSD2/REV4/install/spotarm_assembly_description:${AMENT_PREFIX_PATH} CMAKE_PREFIX_PATH=${CMAKE_PREFIX_PATH}:/home/msd/MSD2/REV4/install/my_robot:/opt/ros/humble PYTHONPATH=/home/msd/MSD2/REV4/build/spotarm_assembly_description:/home/msd/MSD2/REV4/install/spotarm_assembly_description/lib/python3.10/site-packages:${PYTHONPATH} /usr/bin/cmake --build /home/msd/MSD2/REV4/build/robot_moveit_config -- -j8 -l8
[1.639s] Invoking command in '/home/msd/MSD2/REV4/build/robot_moveit_config': AMENT_PREFIX_PATH=/home/msd/MSD2/REV4/install/spotarm_assembly_description:${AMENT_PREFIX_PATH} CMAKE_PREFIX_PATH=${CMAKE_PREFIX_PATH}:/home/msd/MSD2/REV4/install/my_robot:/opt/ros/humble PYTHONPATH=/home/msd/MSD2/REV4/build/spotarm_assembly_description:/home/msd/MSD2/REV4/install/spotarm_assembly_description/lib/python3.10/site-packages:${PYTHONPATH} /usr/bin/cmake --install /home/msd/MSD2/REV4/build/robot_moveit_config
[1.648s] -- Install configuration: ""
[1.649s] -- Execute custom install script
[1.649s] -- Symlinking: /home/msd/MSD2/REV4/install/robot_moveit_config/share/ament_index/resource_index/package_run_dependencies/robot_moveit_config
[1.661s] -- Symlinking: /home/msd/MSD2/REV4/install/robot_moveit_config/share/ament_index/resource_index/parent_prefix_path/robot_moveit_config
[1.671s] -- Symlinking: /home/msd/MSD2/REV4/install/robot_moveit_config/share/robot_moveit_config/environment/ament_prefix_path.sh
[1.687s] -- Symlinking: /home/msd/MSD2/REV4/install/robot_moveit_config/share/robot_moveit_config/environment/ament_prefix_path.dsv
[1.702s] -- Symlinking: /home/msd/MSD2/REV4/install/robot_moveit_config/share/robot_moveit_config/environment/path.sh
[1.714s] -- Symlinking: /home/msd/MSD2/REV4/install/robot_moveit_config/share/robot_moveit_config/environment/path.dsv
[1.724s] -- Symlinking: /home/msd/MSD2/REV4/install/robot_moveit_config/share/robot_moveit_config/local_setup.bash
[1.733s] -- Symlinking: /home/msd/MSD2/REV4/install/robot_moveit_config/share/robot_moveit_config/local_setup.sh
[1.741s] -- Symlinking: /home/msd/MSD2/REV4/install/robot_moveit_config/share/robot_moveit_config/local_setup.zsh
[1.750s] -- Symlinking: /home/msd/MSD2/REV4/install/robot_moveit_config/share/robot_moveit_config/local_setup.dsv
[1.761s] -- Symlinking: /home/msd/MSD2/REV4/install/robot_moveit_config/share/robot_moveit_config/package.dsv
[1.776s] -- Symlinking: /home/msd/MSD2/REV4/install/robot_moveit_config/share/ament_index/resource_index/packages/robot_moveit_config
[1.785s] -- Symlinking: /home/msd/MSD2/REV4/install/robot_moveit_config/share/robot_moveit_config/cmake/robot_moveit_configConfig.cmake
[1.796s] -- Symlinking: /home/msd/MSD2/REV4/install/robot_moveit_config/share/robot_moveit_config/cmake/robot_moveit_configConfig-version.cmake
[1.804s] -- Symlinking: /home/msd/MSD2/REV4/install/robot_moveit_config/share/robot_moveit_config/package.xml
[1.814s] -- Symlinking: /home/msd/MSD2/REV4/install/robot_moveit_config/share/robot_moveit_config/launch/demo.launch.py
[1.822s] -- Symlinking: /home/msd/MSD2/REV4/install/robot_moveit_config/share/robot_moveit_config/launch/move_group.launch.py
[1.831s] -- Symlinking: /home/msd/MSD2/REV4/install/robot_moveit_config/share/robot_moveit_config/launch/moveit_rviz.launch.py
[1.840s] -- Symlinking: /home/msd/MSD2/REV4/install/robot_moveit_config/share/robot_moveit_config/launch/rsp.launch.py
[1.848s] -- Symlinking: /home/msd/MSD2/REV4/install/robot_moveit_config/share/robot_moveit_config/launch/setup_assistant.launch.py
[1.856s] -- Symlinking: /home/msd/MSD2/REV4/install/robot_moveit_config/share/robot_moveit_config/launch/spawn_controllers.launch.py
[1.865s] -- Symlinking: /home/msd/MSD2/REV4/install/robot_moveit_config/share/robot_moveit_config/launch/static_virtual_joint_tfs.launch.py
[1.877s] -- Symlinking: /home/msd/MSD2/REV4/install/robot_moveit_config/share/robot_moveit_config/config/initial_positions.yaml
[1.888s] -- Symlinking: /home/msd/MSD2/REV4/install/robot_moveit_config/share/robot_moveit_config/config/joint_limits.yaml
[1.897s] -- Symlinking: /home/msd/MSD2/REV4/install/robot_moveit_config/share/robot_moveit_config/config/kinematics.yaml
[1.906s] -- Symlinking: /home/msd/MSD2/REV4/install/robot_moveit_config/share/robot_moveit_config/config/moveit.rviz
[1.916s] -- Symlinking: /home/msd/MSD2/REV4/install/robot_moveit_config/share/robot_moveit_config/config/moveit_controllers.yaml
[1.925s] -- Symlinking: /home/msd/MSD2/REV4/install/robot_moveit_config/share/robot_moveit_config/config/pilz_cartesian_limits.yaml
[1.934s] -- Symlinking: /home/msd/MSD2/REV4/install/robot_moveit_config/share/robot_moveit_config/config/ros2_controllers.yaml
[1.943s] -- Symlinking: /home/msd/MSD2/REV4/install/robot_moveit_config/share/robot_moveit_config/config/spotarm_assembly.ros2_control.xacro
[1.956s] -- Symlinking: /home/msd/MSD2/REV4/install/robot_moveit_config/share/robot_moveit_config/config/spotarm_assembly.srdf
[1.968s] -- Symlinking: /home/msd/MSD2/REV4/install/robot_moveit_config/share/robot_moveit_config/config/spotarm_assembly.urdf.xacro
[1.986s] -- Symlinking: /home/msd/MSD2/REV4/install/robot_moveit_config/share/robot_moveit_config/.setup_assistant
[2.004s] Invoked command in '/home/msd/MSD2/REV4/build/robot_moveit_config' returned '0': AMENT_PREFIX_PATH=/home/msd/MSD2/REV4/install/spotarm_assembly_description:${AMENT_PREFIX_PATH} CMAKE_PREFIX_PATH=${CMAKE_PREFIX_PATH}:/home/msd/MSD2/REV4/install/my_robot:/opt/ros/humble PYTHONPATH=/home/msd/MSD2/REV4/build/spotarm_assembly_description:/home/msd/MSD2/REV4/install/spotarm_assembly_description/lib/python3.10/site-packages:${PYTHONPATH} /usr/bin/cmake --install /home/msd/MSD2/REV4/build/robot_moveit_config
