[0.011s] Invoking command in '/home/msd/MSD2/REV4/build/robot_bringup': AMENT_PREFIX_PATH=/home/msd/MSD2/REV4/install/spotarm_assembly_description:/home/msd/MSD2/REV4/install/robot_commander:/home/msd/MSD2/REV4/install/stepper_test:/home/msd/MSD2/REV4/install/robot_moveit_config:/home/msd/MSD2/REV4/install/robot_hardware:/home/msd/MSD2/REV4/install/marge:/home/msd/MSD2/REV4/install/robot_status_leds:/home/msd/MSD2/REV4/install/gear_manipulator_moveit_config:/home/msd/MSD2/REV4/install/my_robot:/opt/ros/humble CMAKE_PREFIX_PATH=/home/msd/MSD2/REV4/install/robot_moveit_config:/home/msd/MSD2/REV4/install/robot_commander:/home/msd/MSD2/REV4/install/stepper_test:/home/msd/MSD2/REV4/install/robot_hardware:/home/msd/MSD2/REV4/install/marge:/home/msd/MSD2/REV4/install/gear_manipulator_moveit_config:/home/msd/MSD2/REV4/install/my_robot:/home/msd/MSD2/REV4/install/spotarm_assembly_description:/home/msd/MSD2/REV4/install/robot_status_leds:/opt/ros/humble /usr/bin/cmake /home/msd/MSD2/REV4/src/robot_bringup -DAMENT_CMAKE_SYMLINK_INSTALL=1 -DCMAKE_INSTALL_PREFIX=/home/msd/MSD2/REV4/install/robot_bringup
[0.066s] -- The C compiler identification is GNU 11.4.0
[0.122s] -- The CXX compiler identification is GNU 11.4.0
[0.129s] -- Detecting C compiler ABI info
[0.194s] -- Detecting C compiler ABI info - done
[0.203s] -- Check for working C compiler: /usr/bin/cc - skipped
[0.203s] -- Detecting C compile features
[0.204s] -- Detecting C compile features - done
[0.207s] -- Detecting CXX compiler ABI info
[0.284s] -- Detecting CXX compiler ABI info - done
[0.292s] -- Check for working CXX compiler: /usr/bin/c++ - skipped
[0.292s] -- Detecting CXX compile features
[0.293s] -- Detecting CXX compile features - done
[0.296s] -- Found ament_cmake: 1.3.14 (/opt/ros/humble/share/ament_cmake/cmake)
[0.468s] -- Found Python3: /usr/bin/python3 (found version "3.10.12") found components: Interpreter 
[0.546s] -- Override CMake install command with custom implementation using symlinks instead of copying resources
[0.709s] -- Configuring done
[0.711s] -- Generating done
[0.713s] -- Build files have been written to: /home/msd/MSD2/REV4/build/robot_bringup
[0.720s] Invoked command in '/home/msd/MSD2/REV4/build/robot_bringup' returned '0': AMENT_PREFIX_PATH=/home/msd/MSD2/REV4/install/spotarm_assembly_description:/home/msd/MSD2/REV4/install/robot_commander:/home/msd/MSD2/REV4/install/stepper_test:/home/msd/MSD2/REV4/install/robot_moveit_config:/home/msd/MSD2/REV4/install/robot_hardware:/home/msd/MSD2/REV4/install/marge:/home/msd/MSD2/REV4/install/robot_status_leds:/home/msd/MSD2/REV4/install/gear_manipulator_moveit_config:/home/msd/MSD2/REV4/install/my_robot:/opt/ros/humble CMAKE_PREFIX_PATH=/home/msd/MSD2/REV4/install/robot_moveit_config:/home/msd/MSD2/REV4/install/robot_commander:/home/msd/MSD2/REV4/install/stepper_test:/home/msd/MSD2/REV4/install/robot_hardware:/home/msd/MSD2/REV4/install/marge:/home/msd/MSD2/REV4/install/gear_manipulator_moveit_config:/home/msd/MSD2/REV4/install/my_robot:/home/msd/MSD2/REV4/install/spotarm_assembly_description:/home/msd/MSD2/REV4/install/robot_status_leds:/opt/ros/humble /usr/bin/cmake /home/msd/MSD2/REV4/src/robot_bringup -DAMENT_CMAKE_SYMLINK_INSTALL=1 -DCMAKE_INSTALL_PREFIX=/home/msd/MSD2/REV4/install/robot_bringup
[0.724s] Invoking command in '/home/msd/MSD2/REV4/build/robot_bringup': AMENT_PREFIX_PATH=/home/msd/MSD2/REV4/install/spotarm_assembly_description:/home/msd/MSD2/REV4/install/robot_commander:/home/msd/MSD2/REV4/install/stepper_test:/home/msd/MSD2/REV4/install/robot_moveit_config:/home/msd/MSD2/REV4/install/robot_hardware:/home/msd/MSD2/REV4/install/marge:/home/msd/MSD2/REV4/install/robot_status_leds:/home/msd/MSD2/REV4/install/gear_manipulator_moveit_config:/home/msd/MSD2/REV4/install/my_robot:/opt/ros/humble CMAKE_PREFIX_PATH=/home/msd/MSD2/REV4/install/robot_moveit_config:/home/msd/MSD2/REV4/install/robot_commander:/home/msd/MSD2/REV4/install/stepper_test:/home/msd/MSD2/REV4/install/robot_hardware:/home/msd/MSD2/REV4/install/marge:/home/msd/MSD2/REV4/install/gear_manipulator_moveit_config:/home/msd/MSD2/REV4/install/my_robot:/home/msd/MSD2/REV4/install/spotarm_assembly_description:/home/msd/MSD2/REV4/install/robot_status_leds:/opt/ros/humble /usr/bin/cmake --build /home/msd/MSD2/REV4/build/robot_bringup -- -j8 -l8
[0.782s] Invoked command in '/home/msd/MSD2/REV4/build/robot_bringup' returned '0': AMENT_PREFIX_PATH=/home/msd/MSD2/REV4/install/spotarm_assembly_description:/home/msd/MSD2/REV4/install/robot_commander:/home/msd/MSD2/REV4/install/stepper_test:/home/msd/MSD2/REV4/install/robot_moveit_config:/home/msd/MSD2/REV4/install/robot_hardware:/home/msd/MSD2/REV4/install/marge:/home/msd/MSD2/REV4/install/robot_status_leds:/home/msd/MSD2/REV4/install/gear_manipulator_moveit_config:/home/msd/MSD2/REV4/install/my_robot:/opt/ros/humble CMAKE_PREFIX_PATH=/home/msd/MSD2/REV4/install/robot_moveit_config:/home/msd/MSD2/REV4/install/robot_commander:/home/msd/MSD2/REV4/install/stepper_test:/home/msd/MSD2/REV4/install/robot_hardware:/home/msd/MSD2/REV4/install/marge:/home/msd/MSD2/REV4/install/gear_manipulator_moveit_config:/home/msd/MSD2/REV4/install/my_robot:/home/msd/MSD2/REV4/install/spotarm_assembly_description:/home/msd/MSD2/REV4/install/robot_status_leds:/opt/ros/humble /usr/bin/cmake --build /home/msd/MSD2/REV4/build/robot_bringup -- -j8 -l8
[0.794s] Invoking command in '/home/msd/MSD2/REV4/build/robot_bringup': AMENT_PREFIX_PATH=/home/msd/MSD2/REV4/install/spotarm_assembly_description:/home/msd/MSD2/REV4/install/robot_commander:/home/msd/MSD2/REV4/install/stepper_test:/home/msd/MSD2/REV4/install/robot_moveit_config:/home/msd/MSD2/REV4/install/robot_hardware:/home/msd/MSD2/REV4/install/marge:/home/msd/MSD2/REV4/install/robot_status_leds:/home/msd/MSD2/REV4/install/gear_manipulator_moveit_config:/home/msd/MSD2/REV4/install/my_robot:/opt/ros/humble CMAKE_PREFIX_PATH=/home/msd/MSD2/REV4/install/robot_moveit_config:/home/msd/MSD2/REV4/install/robot_commander:/home/msd/MSD2/REV4/install/stepper_test:/home/msd/MSD2/REV4/install/robot_hardware:/home/msd/MSD2/REV4/install/marge:/home/msd/MSD2/REV4/install/gear_manipulator_moveit_config:/home/msd/MSD2/REV4/install/my_robot:/home/msd/MSD2/REV4/install/spotarm_assembly_description:/home/msd/MSD2/REV4/install/robot_status_leds:/opt/ros/humble /usr/bin/cmake --install /home/msd/MSD2/REV4/build/robot_bringup
[0.802s] -- Install configuration: ""
[0.803s] -- Execute custom install script
[0.803s] -- Symlinking: /home/msd/MSD2/REV4/install/robot_bringup/share/robot_bringup/launch/robot.launch.py
[0.812s] -- Symlinking: /home/msd/MSD2/REV4/install/robot_bringup/share/robot_bringup/launch/robot_no_rviz.launch.py
[0.821s] -- Symlinking: /home/msd/MSD2/REV4/install/robot_bringup/share/robot_bringup/config/robot_moveit.rviz
[0.829s] -- Symlinking: /home/msd/MSD2/REV4/install/robot_bringup/share/robot_bringup/config/ros2_controllers.yaml
[0.839s] -- Symlinking: /home/msd/MSD2/REV4/install/robot_bringup/share/ament_index/resource_index/package_run_dependencies/robot_bringup
[0.848s] -- Symlinking: /home/msd/MSD2/REV4/install/robot_bringup/share/ament_index/resource_index/parent_prefix_path/robot_bringup
[0.856s] -- Symlinking: /home/msd/MSD2/REV4/install/robot_bringup/share/robot_bringup/environment/ament_prefix_path.sh
[0.864s] -- Symlinking: /home/msd/MSD2/REV4/install/robot_bringup/share/robot_bringup/environment/ament_prefix_path.dsv
[0.873s] -- Symlinking: /home/msd/MSD2/REV4/install/robot_bringup/share/robot_bringup/environment/path.sh
[0.881s] -- Symlinking: /home/msd/MSD2/REV4/install/robot_bringup/share/robot_bringup/environment/path.dsv
[0.889s] -- Symlinking: /home/msd/MSD2/REV4/install/robot_bringup/share/robot_bringup/local_setup.bash
[0.898s] -- Symlinking: /home/msd/MSD2/REV4/install/robot_bringup/share/robot_bringup/local_setup.sh
[0.906s] -- Symlinking: /home/msd/MSD2/REV4/install/robot_bringup/share/robot_bringup/local_setup.zsh
[0.914s] -- Symlinking: /home/msd/MSD2/REV4/install/robot_bringup/share/robot_bringup/local_setup.dsv
[0.923s] -- Symlinking: /home/msd/MSD2/REV4/install/robot_bringup/share/robot_bringup/package.dsv
[0.932s] -- Symlinking: /home/msd/MSD2/REV4/install/robot_bringup/share/ament_index/resource_index/packages/robot_bringup
[0.943s] -- Symlinking: /home/msd/MSD2/REV4/install/robot_bringup/share/robot_bringup/cmake/robot_bringupConfig.cmake
[0.952s] -- Symlinking: /home/msd/MSD2/REV4/install/robot_bringup/share/robot_bringup/cmake/robot_bringupConfig-version.cmake
[0.961s] -- Symlinking: /home/msd/MSD2/REV4/install/robot_bringup/share/robot_bringup/package.xml
[0.972s] Invoked command in '/home/msd/MSD2/REV4/build/robot_bringup' returned '0': AMENT_PREFIX_PATH=/home/msd/MSD2/REV4/install/spotarm_assembly_description:/home/msd/MSD2/REV4/install/robot_commander:/home/msd/MSD2/REV4/install/stepper_test:/home/msd/MSD2/REV4/install/robot_moveit_config:/home/msd/MSD2/REV4/install/robot_hardware:/home/msd/MSD2/REV4/install/marge:/home/msd/MSD2/REV4/install/robot_status_leds:/home/msd/MSD2/REV4/install/gear_manipulator_moveit_config:/home/msd/MSD2/REV4/install/my_robot:/opt/ros/humble CMAKE_PREFIX_PATH=/home/msd/MSD2/REV4/install/robot_moveit_config:/home/msd/MSD2/REV4/install/robot_commander:/home/msd/MSD2/REV4/install/stepper_test:/home/msd/MSD2/REV4/install/robot_hardware:/home/msd/MSD2/REV4/install/marge:/home/msd/MSD2/REV4/install/gear_manipulator_moveit_config:/home/msd/MSD2/REV4/install/my_robot:/home/msd/MSD2/REV4/install/spotarm_assembly_description:/home/msd/MSD2/REV4/install/robot_status_leds:/opt/ros/humble /usr/bin/cmake --install /home/msd/MSD2/REV4/build/robot_bringup
