[0.297s] Invoking command in '/home/msd/MSD2/REV4/build/robot_commander': CMAKE_PREFIX_PATH=/opt/ros/humble /usr/bin/cmake /home/msd/MSD2/REV4/src/robot_commander -DCMAKE_INSTALL_PREFIX=/home/msd/MSD2/REV4/install/robot_commander
[0.891s] -- Found ament_cmake: 1.3.14 (/opt/ros/humble/share/ament_cmake/cmake)
[0.892s] -- Override CMake install command with custom implementation using symlinks instead of copying resources
[0.893s] -- Found rclcpp: 16.0.19 (/opt/ros/humble/share/rclcpp/cmake)
[0.893s] -- Found rosidl_generator_c: 3.1.8 (/opt/ros/humble/share/rosidl_generator_c/cmake)
[0.893s] -- Found rosidl_adapter: 3.1.8 (/opt/ros/humble/share/rosidl_adapter/cmake)
[0.893s] -- Found rosidl_generator_cpp: 3.1.8 (/opt/ros/humble/share/rosidl_generator_cpp/cmake)
[0.893s] -- Using all available rosidl_typesupport_c: rosidl_typesupport_fastrtps_c;rosidl_typesupport_introspection_c
[0.893s] -- Using all available rosidl_typesupport_cpp: rosidl_typesupport_fastrtps_cpp;rosidl_typesupport_introspection_cpp
[0.893s] -- Found rmw_implementation_cmake: 6.1.2 (/opt/ros/humble/share/rmw_implementation_cmake/cmake)
[0.894s] -- Found rmw_fastrtps_cpp: 6.2.10 (/opt/ros/humble/share/rmw_fastrtps_cpp/cmake)
[0.894s] -- Using RMW implementation 'rmw_fastrtps_cpp' as default
[0.894s] -- Found geometry_msgs: 4.9.1 (/opt/ros/humble/share/geometry_msgs/cmake)
[0.894s] -- Found moveit_ros_planning_interface: 2.5.10 (/opt/ros/humble/share/moveit_ros_planning_interface/cmake)
[0.894s] -- Found Boost: /usr/lib/x86_64-linux-gnu/cmake/Boost-1.74.0/BoostConfig.cmake (found version "1.74.0") found components: date_time filesystem program_options system thread 
[0.924s] -- Found Boost: /usr/lib/x86_64-linux-gnu/cmake/Boost-1.74.0/BoostConfig.cmake (found version "1.74.0") found components: chrono date_time filesystem iostreams program_options regex serialization system thread 
[0.966s] -- Found parameter_traits: 0.7.1 (/opt/ros/humble/share/parameter_traits/cmake)
[0.981s] -- Found rclcpp_lifecycle: 16.0.19 (/opt/ros/humble/share/rclcpp_lifecycle/cmake)
[1.074s] -- library: /usr/lib/x86_64-linux-gnu/libcurl.so
[1.134s] -- Ensuring Eigen3 include directory is part of orocos-kdl CMake target
[1.363s] -- Found Boost: /usr/lib/x86_64-linux-gnu/cmake/Boost-1.74.0/BoostConfig.cmake (found version "1.74.0") found components: system filesystem date_time program_options thread chrono 
[1.424s] -- Found Boost: /usr/lib/x86_64-linux-gnu/cmake/Boost-1.74.0/BoostConfig.cmake (found version "1.74.0") found components: thread system filesystem regex date_time program_options 
[1.469s] -- Found Boost: /usr/lib/x86_64-linux-gnu/cmake/Boost-1.74.0/BoostConfig.cmake (found version "1.74.0") found components: system filesystem date_time program_options thread 
[1.651s] -- Configuring done
[1.672s] [31mCMake Error at CMakeLists.txt:27 (add_executable):
[1.672s]   Target "commander" links to target "random_numbers::random_numbers" but the
[1.672s]   target was not found.  Perhaps a find_package() call is missing for an
[1.672s]   IMPORTED target, or an ALIAS target is missing?
[1.672s] 
[1.672s] [0m
[1.673s] [31mCMake Error at CMakeLists.txt:27 (add_executable):
[1.673s]   Target "commander" links to target "Boost::random" but the target was not
[1.673s]   found.  Perhaps a find_package() call is missing for an IMPORTED target, or
[1.673s]   an ALIAS target is missing?
[1.673s] 
[1.673s] [0m
[1.698s] -- Generating done
[1.701s] [0mCMake Generate step failed.  Build files cannot be regenerated correctly.[0m
[1.721s] Invoked command in '/home/msd/MSD2/REV4/build/robot_commander' returned '1': CMAKE_PREFIX_PATH=/opt/ros/humble /usr/bin/cmake /home/msd/MSD2/REV4/src/robot_commander -DCMAKE_INSTALL_PREFIX=/home/msd/MSD2/REV4/install/robot_commander
