[1.544s] Invoking command in '/home/msd/MSD2/REV4/build/robot_status_leds': PYTHONPATH=/home/msd/MSD2/REV4/build/robot_status_leds/prefix_override:/usr/lib/python3/dist-packages/colcon_core/task/python/colcon_distutils_commands:/home/msd/MSD2/REV4/install/robot_status_leds/lib/python3.10/site-packages:${PYTHONPATH} /usr/bin/python3 -W ignore:setup.py install is deprecated -W ignore:easy_install command is deprecated setup.py develop --editable --build-directory /home/msd/MSD2/REV4/build/robot_status_leds/build --no-deps symlink_data
[2.437s] running develop
[2.437s] running egg_info
[2.438s] creating robot_status_leds.egg-info
[2.438s] writing robot_status_leds.egg-info/PKG-INFO
[2.438s] writing dependency_links to robot_status_leds.egg-info/dependency_links.txt
[2.438s] writing entry points to robot_status_leds.egg-info/entry_points.txt
[2.438s] writing requirements to robot_status_leds.egg-info/requires.txt
[2.438s] writing top-level names to robot_status_leds.egg-info/top_level.txt
[2.438s] writing manifest file 'robot_status_leds.egg-info/SOURCES.txt'
[2.438s] reading manifest file 'robot_status_leds.egg-info/SOURCES.txt'
[2.438s] writing manifest file 'robot_status_leds.egg-info/SOURCES.txt'
[2.439s] running build_ext
[2.439s] Creating /home/msd/MSD2/REV4/install/robot_status_leds/lib/python3.10/site-packages/robot-status-leds.egg-link (link to .)
[2.439s] Installing led_state_node script to /home/msd/MSD2/REV4/install/robot_status_leds/lib/robot_status_leds
[2.439s] 
[2.439s] Installed /home/msd/MSD2/REV4/build/robot_status_leds
[2.439s] running symlink_data
[2.439s] creating /home/msd/MSD2/REV4/install/robot_status_leds/share/ament_index
[2.439s] creating /home/msd/MSD2/REV4/install/robot_status_leds/share/ament_index/resource_index
[2.440s] creating /home/msd/MSD2/REV4/install/robot_status_leds/share/ament_index/resource_index/packages
[2.440s] symbolically linking /home/msd/MSD2/REV4/build/robot_status_leds/resource/robot_status_leds -> /home/msd/MSD2/REV4/install/robot_status_leds/share/ament_index/resource_index/packages
[2.440s] symbolically linking /home/msd/MSD2/REV4/build/robot_status_leds/package.xml -> /home/msd/MSD2/REV4/install/robot_status_leds/share/robot_status_leds
[2.497s] Invoked command in '/home/msd/MSD2/REV4/build/robot_status_leds' returned '0': PYTHONPATH=/home/msd/MSD2/REV4/build/robot_status_leds/prefix_override:/usr/lib/python3/dist-packages/colcon_core/task/python/colcon_distutils_commands:/home/msd/MSD2/REV4/install/robot_status_leds/lib/python3.10/site-packages:${PYTHONPATH} /usr/bin/python3 -W ignore:setup.py install is deprecated -W ignore:easy_install command is deprecated setup.py develop --editable --build-directory /home/msd/MSD2/REV4/build/robot_status_leds/build --no-deps symlink_data
