[1.353s] Invoking command in '/mnt/c/Users/Oden2/Downloads/MSD-SPOT-robot-Rev-4/build/my_robot': CMAKE_PREFIX_PATH=${CMAKE_PREFIX_PATH}:/opt/ros/humble /usr/bin/cmake /mnt/c/Users/Oden2/Downloads/MSD-SPOT-robot-Rev-4/src/my_robot -DAMENT_CMAKE_SYMLINK_INSTALL=1 -DCMAKE_INSTALL_PREFIX=/mnt/c/Users/Oden2/Downloads/MSD-SPOT-robot-Rev-4/install/my_robot
[2.811s] -- The C compiler identification is GNU 11.4.0
[6.424s] -- The CXX compiler identification is GNU 11.4.0
[8.255s] -- Detecting C compiler ABI info
[10.679s] -- Detecting C compiler ABI info - done
[10.762s] -- Check for working C compiler: /usr/bin/cc - skipped
[10.765s] -- Detecting C compile features
[10.769s] -- Detecting C compile features - done
[11.000s] -- Detecting CXX compiler ABI info
[13.453s] -- Detecting CXX compiler ABI info - done
[13.533s] -- Check for working CXX compiler: /usr/bin/c++ - skipped
[13.538s] -- Detecting CXX compile features
[13.542s] -- Detecting CXX compile features - done
[13.775s] -- Found ament_cmake: 1.3.12 (/opt/ros/humble/share/ament_cmake/cmake)
[14.170s] -- Found Python3: /usr/bin/python3 (found version "3.10.12") found components: Interpreter 
[14.483s] -- Override CMake install command with custom implementation using symlinks instead of copying resources
[16.982s] -- Configuring done
[17.874s] -- Generating done
[18.443s] -- Build files have been written to: /mnt/c/Users/Oden2/Downloads/MSD-SPOT-robot-Rev-4/build/my_robot
[18.449s] Invoked command in '/mnt/c/Users/Oden2/Downloads/MSD-SPOT-robot-Rev-4/build/my_robot' returned '0': CMAKE_PREFIX_PATH=${CMAKE_PREFIX_PATH}:/opt/ros/humble /usr/bin/cmake /mnt/c/Users/Oden2/Downloads/MSD-SPOT-robot-Rev-4/src/my_robot -DAMENT_CMAKE_SYMLINK_INSTALL=1 -DCMAKE_INSTALL_PREFIX=/mnt/c/Users/Oden2/Downloads/MSD-SPOT-robot-Rev-4/install/my_robot
[18.478s] Invoking command in '/mnt/c/Users/Oden2/Downloads/MSD-SPOT-robot-Rev-4/build/my_robot': CMAKE_PREFIX_PATH=${CMAKE_PREFIX_PATH}:/opt/ros/humble /usr/bin/cmake --build /mnt/c/Users/Oden2/Downloads/MSD-SPOT-robot-Rev-4/build/my_robot -- -j16 -l16
[18.885s] Invoked command in '/mnt/c/Users/Oden2/Downloads/MSD-SPOT-robot-Rev-4/build/my_robot' returned '0': CMAKE_PREFIX_PATH=${CMAKE_PREFIX_PATH}:/opt/ros/humble /usr/bin/cmake --build /mnt/c/Users/Oden2/Downloads/MSD-SPOT-robot-Rev-4/build/my_robot -- -j16 -l16
[18.982s] Invoking command in '/mnt/c/Users/Oden2/Downloads/MSD-SPOT-robot-Rev-4/build/my_robot': CMAKE_PREFIX_PATH=${CMAKE_PREFIX_PATH}:/opt/ros/humble /usr/bin/cmake --install /mnt/c/Users/Oden2/Downloads/MSD-SPOT-robot-Rev-4/build/my_robot
[19.041s] -- Install configuration: ""
[19.071s] -- Execute custom install script
[19.144s] -- Symlinking: /mnt/c/Users/Oden2/Downloads/MSD-SPOT-robot-Rev-4/install/my_robot/share/my_robot/urdf/gear_manipulator.urdf
[19.312s] -- Symlinking: /mnt/c/Users/Oden2/Downloads/MSD-SPOT-robot-Rev-4/install/my_robot/share/my_robot/launch/display.launch.py
[19.496s] -- Symlinking: /mnt/c/Users/Oden2/Downloads/MSD-SPOT-robot-Rev-4/install/my_robot/share/ament_index/resource_index/package_run_dependencies/my_robot
[19.682s] -- Symlinking: /mnt/c/Users/Oden2/Downloads/MSD-SPOT-robot-Rev-4/install/my_robot/share/ament_index/resource_index/parent_prefix_path/my_robot
[19.856s] -- Symlinking: /mnt/c/Users/Oden2/Downloads/MSD-SPOT-robot-Rev-4/install/my_robot/share/my_robot/environment/ament_prefix_path.sh
[19.972s] -- Symlinking: /mnt/c/Users/Oden2/Downloads/MSD-SPOT-robot-Rev-4/install/my_robot/share/my_robot/environment/ament_prefix_path.dsv
[20.073s] -- Symlinking: /mnt/c/Users/Oden2/Downloads/MSD-SPOT-robot-Rev-4/install/my_robot/share/my_robot/environment/path.sh
[20.161s] -- Symlinking: /mnt/c/Users/Oden2/Downloads/MSD-SPOT-robot-Rev-4/install/my_robot/share/my_robot/environment/path.dsv
[20.263s] -- Symlinking: /mnt/c/Users/Oden2/Downloads/MSD-SPOT-robot-Rev-4/install/my_robot/share/my_robot/local_setup.bash
[20.344s] -- Symlinking: /mnt/c/Users/Oden2/Downloads/MSD-SPOT-robot-Rev-4/install/my_robot/share/my_robot/local_setup.sh
[20.440s] -- Symlinking: /mnt/c/Users/Oden2/Downloads/MSD-SPOT-robot-Rev-4/install/my_robot/share/my_robot/local_setup.zsh
[20.517s] -- Symlinking: /mnt/c/Users/Oden2/Downloads/MSD-SPOT-robot-Rev-4/install/my_robot/share/my_robot/local_setup.dsv
[20.614s] -- Symlinking: /mnt/c/Users/Oden2/Downloads/MSD-SPOT-robot-Rev-4/install/my_robot/share/my_robot/package.dsv
[20.739s] -- Symlinking: /mnt/c/Users/Oden2/Downloads/MSD-SPOT-robot-Rev-4/install/my_robot/share/ament_index/resource_index/packages/my_robot
[20.897s] -- Symlinking: /mnt/c/Users/Oden2/Downloads/MSD-SPOT-robot-Rev-4/install/my_robot/share/my_robot/cmake/my_robotConfig.cmake
[20.992s] -- Symlinking: /mnt/c/Users/Oden2/Downloads/MSD-SPOT-robot-Rev-4/install/my_robot/share/my_robot/cmake/my_robotConfig-version.cmake
[21.105s] -- Symlinking: /mnt/c/Users/Oden2/Downloads/MSD-SPOT-robot-Rev-4/install/my_robot/share/my_robot/package.xml
[21.179s] Invoked command in '/mnt/c/Users/Oden2/Downloads/MSD-SPOT-robot-Rev-4/build/my_robot' returned '0': CMAKE_PREFIX_PATH=${CMAKE_PREFIX_PATH}:/opt/ros/humble /usr/bin/cmake --install /mnt/c/Users/Oden2/Downloads/MSD-SPOT-robot-Rev-4/build/my_robot
