<<<<<<< HEAD
[0.488s] Invoking command in '/home/msd/MSD2/REV4/build/robot_commander': CMAKE_PREFIX_PATH=/opt/ros/humble /usr/bin/cmake --build /home/msd/MSD2/REV4/build/robot_commander -- -j8 -l8
[1.757s] -- Found ament_cmake: 1.3.14 (/opt/ros/humble/share/ament_cmake/cmake)
[1.757s] -- Override CMake install command with custom implementation using symlinks instead of copying resources
[1.757s] -- Found rclcpp: 16.0.19 (/opt/ros/humble/share/rclcpp/cmake)
[1.757s] -- Found rosidl_generator_c: 3.1.8 (/opt/ros/humble/share/rosidl_generator_c/cmake)
[1.758s] -- Found rosidl_adapter: 3.1.8 (/opt/ros/humble/share/rosidl_adapter/cmake)
[1.758s] -- Found rosidl_generator_cpp: 3.1.8 (/opt/ros/humble/share/rosidl_generator_cpp/cmake)
[1.758s] -- Using all available rosidl_typesupport_c: rosidl_typesupport_fastrtps_c;rosidl_typesupport_introspection_c
[1.758s] -- Using all available rosidl_typesupport_cpp: rosidl_typesupport_fastrtps_cpp;rosidl_typesupport_introspection_cpp
[1.758s] -- Found rmw_implementation_cmake: 6.1.2 (/opt/ros/humble/share/rmw_implementation_cmake/cmake)
[1.758s] -- Found rmw_fastrtps_cpp: 6.2.10 (/opt/ros/humble/share/rmw_fastrtps_cpp/cmake)
[1.759s] -- Using RMW implementation 'rmw_fastrtps_cpp' as default
[1.759s] -- Found geometry_msgs: 4.9.1 (/opt/ros/humble/share/geometry_msgs/cmake)
[1.759s] -- Found moveit_ros_planning_interface: 2.5.10 (/opt/ros/humble/share/moveit_ros_planning_interface/cmake)
[1.759s] -- Found Boost: /usr/lib/x86_64-linux-gnu/cmake/Boost-1.74.0/BoostConfig.cmake (found version "1.74.0") found components: date_time filesystem program_options system thread 
[1.932s] -- Found Boost: /usr/lib/x86_64-linux-gnu/cmake/Boost-1.74.0/BoostConfig.cmake (found version "1.74.0") found components: chrono date_time filesystem iostreams program_options regex serialization system thread 
[2.026s] -- Found parameter_traits: 0.7.1 (/opt/ros/humble/share/parameter_traits/cmake)
[2.064s] -- Found rclcpp_lifecycle: 16.0.19 (/opt/ros/humble/share/rclcpp_lifecycle/cmake)
[2.204s] -- library: /usr/lib/x86_64-linux-gnu/libcurl.so
[2.311s] -- Ensuring Eigen3 include directory is part of orocos-kdl CMake target
[2.830s] -- Found Boost: /usr/lib/x86_64-linux-gnu/cmake/Boost-1.74.0/BoostConfig.cmake (found version "1.74.0") found components: system filesystem date_time program_options thread chrono 
[2.903s] -- Found Boost: /usr/lib/x86_64-linux-gnu/cmake/Boost-1.74.0/BoostConfig.cmake (found version "1.74.0") found components: thread system filesystem regex date_time program_options 
[2.963s] -- Found Boost: /usr/lib/x86_64-linux-gnu/cmake/Boost-1.74.0/BoostConfig.cmake (found version "1.74.0") found components: system filesystem date_time program_options thread 
[3.377s] -- Configuring done
[3.419s] [31mCMake Error at CMakeLists.txt:27 (add_executable):
[3.419s]   Target "commander" links to target "random_numbers::random_numbers" but the
[3.420s]   target was not found.  Perhaps a find_package() call is missing for an
[3.420s]   IMPORTED target, or an ALIAS target is missing?
[3.420s] 
[3.421s] [0m
[3.425s] [31mCMake Error at CMakeLists.txt:27 (add_executable):
[3.426s]   Target "commander" links to target "Boost::random" but the target was not
[3.426s]   found.  Perhaps a find_package() call is missing for an IMPORTED target, or
[3.426s]   an ALIAS target is missing?
[3.426s] 
[3.426s] [0m
[3.498s] -- Generating done
[3.508s] [0mCMake Generate step failed.  Build files cannot be regenerated correctly.[0m
[3.566s] gmake: *** [Makefile:267: cmake_check_build_system] Error 1
[3.571s] Invoked command in '/home/msd/MSD2/REV4/build/robot_commander' returned '2': CMAKE_PREFIX_PATH=/opt/ros/humble /usr/bin/cmake --build /home/msd/MSD2/REV4/build/robot_commander -- -j8 -l8
=======
[0.488s] Invoking command in '/home/msd/MSD2/REV4/build/robot_commander': CMAKE_PREFIX_PATH=/opt/ros/humble /usr/bin/cmake --build /home/msd/MSD2/REV4/build/robot_commander -- -j8 -l8
[1.757s] -- Found ament_cmake: 1.3.14 (/opt/ros/humble/share/ament_cmake/cmake)
[1.757s] -- Override CMake install command with custom implementation using symlinks instead of copying resources
[1.757s] -- Found rclcpp: 16.0.19 (/opt/ros/humble/share/rclcpp/cmake)
[1.757s] -- Found rosidl_generator_c: 3.1.8 (/opt/ros/humble/share/rosidl_generator_c/cmake)
[1.758s] -- Found rosidl_adapter: 3.1.8 (/opt/ros/humble/share/rosidl_adapter/cmake)
[1.758s] -- Found rosidl_generator_cpp: 3.1.8 (/opt/ros/humble/share/rosidl_generator_cpp/cmake)
[1.758s] -- Using all available rosidl_typesupport_c: rosidl_typesupport_fastrtps_c;rosidl_typesupport_introspection_c
[1.758s] -- Using all available rosidl_typesupport_cpp: rosidl_typesupport_fastrtps_cpp;rosidl_typesupport_introspection_cpp
[1.758s] -- Found rmw_implementation_cmake: 6.1.2 (/opt/ros/humble/share/rmw_implementation_cmake/cmake)
[1.758s] -- Found rmw_fastrtps_cpp: 6.2.10 (/opt/ros/humble/share/rmw_fastrtps_cpp/cmake)
[1.759s] -- Using RMW implementation 'rmw_fastrtps_cpp' as default
[1.759s] -- Found geometry_msgs: 4.9.1 (/opt/ros/humble/share/geometry_msgs/cmake)
[1.759s] -- Found moveit_ros_planning_interface: 2.5.10 (/opt/ros/humble/share/moveit_ros_planning_interface/cmake)
[1.759s] -- Found Boost: /usr/lib/x86_64-linux-gnu/cmake/Boost-1.74.0/BoostConfig.cmake (found version "1.74.0") found components: date_time filesystem program_options system thread 
[1.932s] -- Found Boost: /usr/lib/x86_64-linux-gnu/cmake/Boost-1.74.0/BoostConfig.cmake (found version "1.74.0") found components: chrono date_time filesystem iostreams program_options regex serialization system thread 
[2.026s] -- Found parameter_traits: 0.7.1 (/opt/ros/humble/share/parameter_traits/cmake)
[2.064s] -- Found rclcpp_lifecycle: 16.0.19 (/opt/ros/humble/share/rclcpp_lifecycle/cmake)
[2.204s] -- library: /usr/lib/x86_64-linux-gnu/libcurl.so
[2.311s] -- Ensuring Eigen3 include directory is part of orocos-kdl CMake target
[2.830s] -- Found Boost: /usr/lib/x86_64-linux-gnu/cmake/Boost-1.74.0/BoostConfig.cmake (found version "1.74.0") found components: system filesystem date_time program_options thread chrono 
[2.903s] -- Found Boost: /usr/lib/x86_64-linux-gnu/cmake/Boost-1.74.0/BoostConfig.cmake (found version "1.74.0") found components: thread system filesystem regex date_time program_options 
[2.963s] -- Found Boost: /usr/lib/x86_64-linux-gnu/cmake/Boost-1.74.0/BoostConfig.cmake (found version "1.74.0") found components: system filesystem date_time program_options thread 
[3.377s] -- Configuring done
[3.419s] [31mCMake Error at CMakeLists.txt:27 (add_executable):
[3.419s]   Target "commander" links to target "random_numbers::random_numbers" but the
[3.420s]   target was not found.  Perhaps a find_package() call is missing for an
[3.420s]   IMPORTED target, or an ALIAS target is missing?
[3.420s] 
[3.421s] [0m
[3.425s] [31mCMake Error at CMakeLists.txt:27 (add_executable):
[3.426s]   Target "commander" links to target "Boost::random" but the target was not
[3.426s]   found.  Perhaps a find_package() call is missing for an IMPORTED target, or
[3.426s]   an ALIAS target is missing?
[3.426s] 
[3.426s] [0m
[3.498s] -- Generating done
[3.508s] [0mCMake Generate step failed.  Build files cannot be regenerated correctly.[0m
[3.566s] gmake: *** [Makefile:267: cmake_check_build_system] Error 1
[3.571s] Invoked command in '/home/msd/MSD2/REV4/build/robot_commander' returned '2': CMAKE_PREFIX_PATH=/opt/ros/humble /usr/bin/cmake --build /home/msd/MSD2/REV4/build/robot_commander -- -j8 -l8
>>>>>>> f6515614f97110be7e36a5fdeab81499e9790a26
