[0.339s] Invoking command in '/home/msd/MSD2/REV4/build/robot_hardware': CMAKE_PREFIX_PATH=${CMAKE_PREFIX_PATH}:/home/msd/MSD2/REV4/install/spotarm_assembly_description:/home/msd/MSD2/REV4/install/robot_status_leds:/opt/ros/humble /usr/bin/cmake /home/msd/MSD2/REV4/src/robot_hardware -DAMENT_CMAKE_SYMLINK_INSTALL=1 -DCMAKE_INSTALL_PREFIX=/home/msd/MSD2/REV4/install/robot_hardware
[0.353s] -- Found ament_cmake: 1.3.14 (/opt/ros/humble/share/ament_cmake/cmake)
[0.526s] -- Override CMake install command with custom implementation using symlinks instead of copying resources
[0.538s] -- Found rclcpp: 16.0.19 (/opt/ros/humble/share/rclcpp/cmake)
[0.581s] -- Found rosidl_generator_c: 3.1.8 (/opt/ros/humble/share/rosidl_generator_c/cmake)
[0.586s] -- Found rosidl_adapter: 3.1.8 (/opt/ros/humble/share/rosidl_adapter/cmake)
[0.595s] -- Found rosidl_generator_cpp: 3.1.8 (/opt/ros/humble/share/rosidl_generator_cpp/cmake)
[0.611s] -- Using all available rosidl_typesupport_c: rosidl_typesupport_fastrtps_c;rosidl_typesupport_introspection_c
[0.632s] -- Using all available rosidl_typesupport_cpp: rosidl_typesupport_fastrtps_cpp;rosidl_typesupport_introspection_cpp
[0.689s] -- Found rmw_implementation_cmake: 6.1.2 (/opt/ros/humble/share/rmw_implementation_cmake/cmake)
[0.691s] -- Found rmw_fastrtps_cpp: 6.2.10 (/opt/ros/humble/share/rmw_fastrtps_cpp/cmake)
[0.851s] -- Using RMW implementation 'rmw_fastrtps_cpp' as default
[0.918s] -- Found rclcpp_lifecycle: 16.0.19 (/opt/ros/humble/share/rclcpp_lifecycle/cmake)
[0.940s] -- Found hardware_interface: 2.53.1 (/opt/ros/humble/share/hardware_interface/cmake)
[1.183s] -- Configuring done
[1.196s] -- Generating done
[1.202s] -- Build files have been written to: /home/msd/MSD2/REV4/build/robot_hardware
[1.213s] Invoked command in '/home/msd/MSD2/REV4/build/robot_hardware' returned '0': CMAKE_PREFIX_PATH=${CMAKE_PREFIX_PATH}:/home/msd/MSD2/REV4/install/spotarm_assembly_description:/home/msd/MSD2/REV4/install/robot_status_leds:/opt/ros/humble /usr/bin/cmake /home/msd/MSD2/REV4/src/robot_hardware -DAMENT_CMAKE_SYMLINK_INSTALL=1 -DCMAKE_INSTALL_PREFIX=/home/msd/MSD2/REV4/install/robot_hardware
[1.217s] Invoking command in '/home/msd/MSD2/REV4/build/robot_hardware': CMAKE_PREFIX_PATH=${CMAKE_PREFIX_PATH}:/home/msd/MSD2/REV4/install/spotarm_assembly_description:/home/msd/MSD2/REV4/install/robot_status_leds:/opt/ros/humble /usr/bin/cmake --build /home/msd/MSD2/REV4/build/robot_hardware -- -j8 -l8
[1.270s] [35m[1mConsolidate compiler generated dependencies of target robot_hardware_arm[0m
[1.289s] [ 33%] [32m[1mLinking CXX shared library librobot_hardware_arm.so[0m
[1.592s] [100%] Built target robot_hardware_arm
[1.617s] Invoked command in '/home/msd/MSD2/REV4/build/robot_hardware' returned '0': CMAKE_PREFIX_PATH=${CMAKE_PREFIX_PATH}:/home/msd/MSD2/REV4/install/spotarm_assembly_description:/home/msd/MSD2/REV4/install/robot_status_leds:/opt/ros/humble /usr/bin/cmake --build /home/msd/MSD2/REV4/build/robot_hardware -- -j8 -l8
[1.619s] Invoking command in '/home/msd/MSD2/REV4/build/robot_hardware': CMAKE_PREFIX_PATH=${CMAKE_PREFIX_PATH}:/home/msd/MSD2/REV4/install/spotarm_assembly_description:/home/msd/MSD2/REV4/install/robot_status_leds:/opt/ros/humble /usr/bin/cmake --install /home/msd/MSD2/REV4/build/robot_hardware
[1.634s] -- Install configuration: ""
[1.635s] -- Execute custom install script
[1.635s] -- Symlinking: /home/msd/MSD2/REV4/install/robot_hardware/share/robot_hardware//robot_hardware_plugin.xml
[1.649s] -- Symlinking: /home/msd/MSD2/REV4/install/robot_hardware/lib/librobot_hardware_arm.so
[1.663s] -- Symlinking: /home/msd/MSD2/REV4/install/robot_hardware/include/robot_hardware/ICLStepper.h
[1.673s] -- Symlinking: /home/msd/MSD2/REV4/install/robot_hardware/include/robot_hardware/arm_hardware_interface.hpp
[1.684s] -- Up-to-date symlink: /home/msd/MSD2/REV4/install/robot_hardware/share/robot_hardware/robot_hardware_plugin.xml
[1.684s] -- Symlinking: /home/msd/MSD2/REV4/install/robot_hardware/share/ament_index/resource_index/package_run_dependencies/robot_hardware
[1.693s] -- Symlinking: /home/msd/MSD2/REV4/install/robot_hardware/share/ament_index/resource_index/parent_prefix_path/robot_hardware
[1.704s] -- Symlinking: /home/msd/MSD2/REV4/install/robot_hardware/share/robot_hardware/environment/ament_prefix_path.sh
[1.715s] -- Symlinking: /home/msd/MSD2/REV4/install/robot_hardware/share/robot_hardware/environment/ament_prefix_path.dsv
[1.728s] -- Symlinking: /home/msd/MSD2/REV4/install/robot_hardware/share/robot_hardware/environment/path.sh
[1.739s] -- Symlinking: /home/msd/MSD2/REV4/install/robot_hardware/share/robot_hardware/environment/path.dsv
[1.749s] -- Symlinking: /home/msd/MSD2/REV4/install/robot_hardware/share/robot_hardware/local_setup.bash
[1.758s] -- Symlinking: /home/msd/MSD2/REV4/install/robot_hardware/share/robot_hardware/local_setup.sh
[1.769s] -- Symlinking: /home/msd/MSD2/REV4/install/robot_hardware/share/robot_hardware/local_setup.zsh
[1.780s] -- Symlinking: /home/msd/MSD2/REV4/install/robot_hardware/share/robot_hardware/local_setup.dsv
[1.792s] -- Symlinking: /home/msd/MSD2/REV4/install/robot_hardware/share/robot_hardware/package.dsv
[1.802s] -- Symlinking: /home/msd/MSD2/REV4/install/robot_hardware/share/ament_index/resource_index/packages/robot_hardware
[1.811s] -- Symlinking: /home/msd/MSD2/REV4/install/robot_hardware/share/ament_index/resource_index/hardware_interface__pluginlib__plugin/robot_hardware
[1.825s] -- Symlinking: /home/msd/MSD2/REV4/install/robot_hardware/share/robot_hardware/cmake/robot_hardwareConfig.cmake
[1.837s] -- Symlinking: /home/msd/MSD2/REV4/install/robot_hardware/share/robot_hardware/cmake/robot_hardwareConfig-version.cmake
[1.847s] -- Symlinking: /home/msd/MSD2/REV4/install/robot_hardware/share/robot_hardware/package.xml
[1.858s] Invoked command in '/home/msd/MSD2/REV4/build/robot_hardware' returned '0': CMAKE_PREFIX_PATH=${CMAKE_PREFIX_PATH}:/home/msd/MSD2/REV4/install/spotarm_assembly_description:/home/msd/MSD2/REV4/install/robot_status_leds:/opt/ros/humble /usr/bin/cmake --install /home/msd/MSD2/REV4/build/robot_hardware
