[0.276s] Invoking command in '/home/msd/MSD2/REV4/src/build/my_robot': CMAKE_PREFIX_PATH=/opt/ros/humble /usr/bin/cmake --build /home/msd/MSD2/REV4/src/build/my_robot -- -j8 -l8
[0.633s] Invoked command in '/home/msd/MSD2/REV4/src/build/my_robot' returned '0': CMAKE_PREFIX_PATH=/opt/ros/humble /usr/bin/cmake --build /home/msd/MSD2/REV4/src/build/my_robot -- -j8 -l8
[0.642s] Invoking command in '/home/msd/MSD2/REV4/src/build/my_robot': CMAKE_PREFIX_PATH=/opt/ros/humble /usr/bin/cmake --install /home/msd/MSD2/REV4/src/build/my_robot
[0.653s] -- Install configuration: ""
[0.654s] -- Installing: /home/msd/MSD2/REV4/src/install/my_robot/share/my_robot/urdf
[0.654s] -- Installing: /home/msd/MSD2/REV4/src/install/my_robot/share/my_robot/urdf/gear_manipulator.urdf
[0.654s] -- Installing: /home/msd/MSD2/REV4/src/install/my_robot/share/my_robot/launch
[0.654s] -- Installing: /home/msd/MSD2/REV4/src/install/my_robot/share/my_robot/launch/display.launch.py
[0.654s] -- Installing: /home/msd/MSD2/REV4/src/install/my_robot/share/ament_index/resource_index/package_run_dependencies/my_robot
[0.654s] -- Installing: /home/msd/MSD2/REV4/src/install/my_robot/share/ament_index/resource_index/parent_prefix_path/my_robot
[0.655s] -- Installing: /home/msd/MSD2/REV4/src/install/my_robot/share/my_robot/environment/ament_prefix_path.sh
[0.655s] -- Installing: /home/msd/MSD2/REV4/src/install/my_robot/share/my_robot/environment/ament_prefix_path.dsv
[0.655s] -- Installing: /home/msd/MSD2/REV4/src/install/my_robot/share/my_robot/environment/path.sh
[0.655s] -- Installing: /home/msd/MSD2/REV4/src/install/my_robot/share/my_robot/environment/path.dsv
[0.655s] -- Installing: /home/msd/MSD2/REV4/src/install/my_robot/share/my_robot/local_setup.bash
[0.655s] -- Installing: /home/msd/MSD2/REV4/src/install/my_robot/share/my_robot/local_setup.sh
[0.656s] -- Installing: /home/msd/MSD2/REV4/src/install/my_robot/share/my_robot/local_setup.zsh
[0.656s] -- Installing: /home/msd/MSD2/REV4/src/install/my_robot/share/my_robot/local_setup.dsv
[0.656s] -- Installing: /home/msd/MSD2/REV4/src/install/my_robot/share/my_robot/package.dsv
[0.656s] -- Installing: /home/msd/MSD2/REV4/src/install/my_robot/share/ament_index/resource_index/packages/my_robot
[0.657s] -- Installing: /home/msd/MSD2/REV4/src/install/my_robot/share/my_robot/cmake/my_robotConfig.cmake
[0.657s] -- Installing: /home/msd/MSD2/REV4/src/install/my_robot/share/my_robot/cmake/my_robotConfig-version.cmake
[0.657s] -- Installing: /home/msd/MSD2/REV4/src/install/my_robot/share/my_robot/package.xml
