-- The C compiler identification is GNU 11.4.0
-- The CXX compiler identification is GNU 11.4.0
-- Detecting C compiler ABI info
-- Detecting C compiler ABI info - done
-- Check for working C compiler: /usr/bin/cc - skipped
-- Detecting C compile features
-- Detecting C compile features - done
-- Detecting CXX compiler ABI info
-- Detecting CXX compiler ABI info - done
-- Check for working CXX compiler: /usr/bin/c++ - skipped
-- Detecting CXX compile features
-- Detecting CXX compile features - done
-- Found ament_cmake: 1.3.14 (/opt/ros/humble/share/ament_cmake/cmake)
-- Found Python3: /usr/bin/python3 (found version "3.10.12") found components: Interpreter 
-- Configuring done
-- Generating done
-- Build files have been written to: /home/msd/MSD2/REV4/build/marge
[ 25%] [32mBuilding CXX object CMakeFiles/icl_stepper.dir/src/ICLStepper.cpp.o[0m
[ 50%] [32m[1mLinking CXX shared library libicl_stepper.so[0m
[ 50%] Built target icl_stepper
[ 75%] [32mBuilding CXX object CMakeFiles/homer.dir/src/homer.cpp.o[0m
[100%] [32m[1mLinking CXX executable homer[0m
[100%] Built target homer
-- Install configuration: ""
-- Installing: /home/msd/MSD2/REV4/install/marge/lib/libicl_stepper.so
-- Installing: /home/msd/MSD2/REV4/install/marge/lib/marge/homer
-- Set runtime path of "/home/msd/MSD2/REV4/install/marge/lib/marge/homer" to ""
-- Installing: /home/msd/MSD2/REV4/install/marge/include
-- Installing: /home/msd/MSD2/REV4/install/marge/include/marge
-- Installing: /home/msd/MSD2/REV4/install/marge/include/marge/ICLStepper.h
-- Installing: /home/msd/MSD2/REV4/install/marge/share/marge/environment/library_path.sh
-- Installing: /home/msd/MSD2/REV4/install/marge/share/marge/environment/library_path.dsv
-- Installing: /home/msd/MSD2/REV4/install/marge/share/ament_index/resource_index/package_run_dependencies/marge
-- Installing: /home/msd/MSD2/REV4/install/marge/share/ament_index/resource_index/parent_prefix_path/marge
-- Installing: /home/msd/MSD2/REV4/install/marge/share/marge/environment/ament_prefix_path.sh
-- Installing: /home/msd/MSD2/REV4/install/marge/share/marge/environment/ament_prefix_path.dsv
-- Installing: /home/msd/MSD2/REV4/install/marge/share/marge/environment/path.sh
-- Installing: /home/msd/MSD2/REV4/install/marge/share/marge/environment/path.dsv
-- Installing: /home/msd/MSD2/REV4/install/marge/share/marge/local_setup.bash
-- Installing: /home/msd/MSD2/REV4/install/marge/share/marge/local_setup.sh
-- Installing: /home/msd/MSD2/REV4/install/marge/share/marge/local_setup.zsh
-- Installing: /home/msd/MSD2/REV4/install/marge/share/marge/local_setup.dsv
-- Installing: /home/msd/MSD2/REV4/install/marge/share/marge/package.dsv
-- Installing: /home/msd/MSD2/REV4/install/marge/share/ament_index/resource_index/packages/marge
-- Installing: /home/msd/MSD2/REV4/install/marge/share/marge/cmake/ament_cmake_export_include_directories-extras.cmake
-- Installing: /home/msd/MSD2/REV4/install/marge/share/marge/cmake/ament_cmake_export_libraries-extras.cmake
-- Installing: /home/msd/MSD2/REV4/install/marge/share/marge/cmake/margeConfig.cmake
-- Installing: /home/msd/MSD2/REV4/install/marge/share/marge/cmake/margeConfig-version.cmake
-- Installing: /home/msd/MSD2/REV4/install/marge/share/marge/package.xml
