[0.275s] Invoking command in '/home/msd/MSD2/REV4/build/robot_hardware': CMAKE_PREFIX_PATH=/opt/ros/humble /usr/bin/cmake /home/msd/MSD2/REV4/src/robot_hardware -DAMENT_CMAKE_SYMLINK_INSTALL=1 -DCMAKE_INSTALL_PREFIX=/home/msd/MSD2/REV4/install/robot_hardware
[0.285s] -- Found ament_cmake: 1.3.14 (/opt/ros/humble/share/ament_cmake/cmake)
[0.413s] -- Override CMake install command with custom implementation using symlinks instead of copying resources
[0.424s] -- Found rclcpp: 16.0.19 (/opt/ros/humble/share/rclcpp/cmake)
[0.454s] -- Found rosidl_generator_c: 3.1.8 (/opt/ros/humble/share/rosidl_generator_c/cmake)
[0.457s] -- Found rosidl_adapter: 3.1.8 (/opt/ros/humble/share/rosidl_adapter/cmake)
[0.463s] -- Found rosidl_generator_cpp: 3.1.8 (/opt/ros/humble/share/rosidl_generator_cpp/cmake)
[0.472s] -- Using all available rosidl_typesupport_c: rosidl_typesupport_fastrtps_c;rosidl_typesupport_introspection_c
[0.484s] -- Using all available rosidl_typesupport_cpp: rosidl_typesupport_fastrtps_cpp;rosidl_typesupport_introspection_cpp
[0.516s] -- Found rmw_implementation_cmake: 6.1.2 (/opt/ros/humble/share/rmw_implementation_cmake/cmake)
[0.517s] -- Found rmw_fastrtps_cpp: 6.2.10 (/opt/ros/humble/share/rmw_fastrtps_cpp/cmake)
[0.612s] -- Using RMW implementation 'rmw_fastrtps_cpp' as default
[0.668s] -- Found rclcpp_lifecycle: 16.0.19 (/opt/ros/humble/share/rclcpp_lifecycle/cmake)
[0.685s] -- Found hardware_interface: 2.53.1 (/opt/ros/humble/share/hardware_interface/cmake)
[0.877s] -- Configuring done
[0.889s] -- Generating done
[0.893s] -- Build files have been written to: /home/msd/MSD2/REV4/build/robot_hardware
[0.901s] Invoked command in '/home/msd/MSD2/REV4/build/robot_hardware' returned '0': CMAKE_PREFIX_PATH=/opt/ros/humble /usr/bin/cmake /home/msd/MSD2/REV4/src/robot_hardware -DAMENT_CMAKE_SYMLINK_INSTALL=1 -DCMAKE_INSTALL_PREFIX=/home/msd/MSD2/REV4/install/robot_hardware
[0.903s] Invoking command in '/home/msd/MSD2/REV4/build/robot_hardware': CMAKE_PREFIX_PATH=/opt/ros/humble /usr/bin/cmake --build /home/msd/MSD2/REV4/build/robot_hardware -- -j8 -l8
[0.941s] [35m[1mConsolidate compiler generated dependencies of target robot_hardware_arm[0m
[0.958s] [100%] Built target robot_hardware_arm
[0.968s] Invoked command in '/home/msd/MSD2/REV4/build/robot_hardware' returned '0': CMAKE_PREFIX_PATH=/opt/ros/humble /usr/bin/cmake --build /home/msd/MSD2/REV4/build/robot_hardware -- -j8 -l8
[0.977s] Invoking command in '/home/msd/MSD2/REV4/build/robot_hardware': CMAKE_PREFIX_PATH=/opt/ros/humble /usr/bin/cmake --install /home/msd/MSD2/REV4/build/robot_hardware
[0.982s] -- Install configuration: ""
[0.983s] -- Execute custom install script
[0.983s] -- Up-to-date symlink: /home/msd/MSD2/REV4/install/robot_hardware/share/robot_hardware//robot_hardware_plugin.xml
[0.983s] -- Up-to-date symlink: /home/msd/MSD2/REV4/install/robot_hardware/lib/librobot_hardware_arm.so
[0.983s] -- Up-to-date symlink: /home/msd/MSD2/REV4/install/robot_hardware/include/robot_hardware/ICLStepper.h
[0.984s] -- Up-to-date symlink: /home/msd/MSD2/REV4/install/robot_hardware/include/robot_hardware/arm_hardware_interface.hpp
[0.984s] -- Up-to-date symlink: /home/msd/MSD2/REV4/install/robot_hardware/share/robot_hardware/robot_hardware_plugin.xml
[0.984s] -- Up-to-date symlink: /home/msd/MSD2/REV4/install/robot_hardware/share/ament_index/resource_index/package_run_dependencies/robot_hardware
[0.984s] -- Up-to-date symlink: /home/msd/MSD2/REV4/install/robot_hardware/share/ament_index/resource_index/parent_prefix_path/robot_hardware
[0.984s] -- Up-to-date symlink: /home/msd/MSD2/REV4/install/robot_hardware/share/robot_hardware/environment/ament_prefix_path.sh
[0.984s] -- Up-to-date symlink: /home/msd/MSD2/REV4/install/robot_hardware/share/robot_hardware/environment/ament_prefix_path.dsv
[0.985s] -- Up-to-date symlink: /home/msd/MSD2/REV4/install/robot_hardware/share/robot_hardware/environment/path.sh
[0.985s] -- Up-to-date symlink: /home/msd/MSD2/REV4/install/robot_hardware/share/robot_hardware/environment/path.dsv
[0.985s] -- Up-to-date symlink: /home/msd/MSD2/REV4/install/robot_hardware/share/robot_hardware/local_setup.bash
[0.985s] -- Up-to-date symlink: /home/msd/MSD2/REV4/install/robot_hardware/share/robot_hardware/local_setup.sh
[0.985s] -- Up-to-date symlink: /home/msd/MSD2/REV4/install/robot_hardware/share/robot_hardware/local_setup.zsh
[0.985s] -- Up-to-date symlink: /home/msd/MSD2/REV4/install/robot_hardware/share/robot_hardware/local_setup.dsv
[0.985s] -- Symlinking: /home/msd/MSD2/REV4/install/robot_hardware/share/robot_hardware/package.dsv
[0.994s] -- Up-to-date symlink: /home/msd/MSD2/REV4/install/robot_hardware/share/ament_index/resource_index/packages/robot_hardware
[0.994s] -- Up-to-date symlink: /home/msd/MSD2/REV4/install/robot_hardware/share/ament_index/resource_index/hardware_interface__pluginlib__plugin/robot_hardware
[0.994s] -- Up-to-date symlink: /home/msd/MSD2/REV4/install/robot_hardware/share/robot_hardware/cmake/robot_hardwareConfig.cmake
[0.995s] -- Up-to-date symlink: /home/msd/MSD2/REV4/install/robot_hardware/share/robot_hardware/cmake/robot_hardwareConfig-version.cmake
[0.995s] -- Up-to-date symlink: /home/msd/MSD2/REV4/install/robot_hardware/share/robot_hardware/package.xml
[0.997s] Invoked command in '/home/msd/MSD2/REV4/build/robot_hardware' returned '0': CMAKE_PREFIX_PATH=/opt/ros/humble /usr/bin/cmake --install /home/msd/MSD2/REV4/build/robot_hardware
