running develop
Removing /home/msd/MSD2/REV4/install/spotarm_assembly_description/lib/python3.10/site-packages/spotarm-assembly-description.egg-link (link to .)
running egg_info
writing ../../build/spotarm_assembly_description/spotarm_assembly_description.egg-info/PKG-INFO
writing dependency_links to ../../build/spotarm_assembly_description/spotarm_assembly_description.egg-info/dependency_links.txt
writing entry points to ../../build/spotarm_assembly_description/spotarm_assembly_description.egg-info/entry_points.txt
writing requirements to ../../build/spotarm_assembly_description/spotarm_assembly_description.egg-info/requires.txt
writing top-level names to ../../build/spotarm_assembly_description/spotarm_assembly_description.egg-info/top_level.txt
reading manifest file '../../build/spotarm_assembly_description/spotarm_assembly_description.egg-info/SOURCES.txt'
writing manifest file '../../build/spotarm_assembly_description/spotarm_assembly_description.egg-info/SOURCES.txt'
running build
running build_py
creating /home/msd/MSD2/REV4/build/spotarm_assembly_description/build
creating /home/msd/MSD2/REV4/build/spotarm_assembly_description/build/lib
creating /home/msd/MSD2/REV4/build/spotarm_assembly_description/build/lib/spotarm_assembly_description
copying spotarm_assembly_description/__init__.py -> /home/msd/MSD2/REV4/build/spotarm_assembly_description/build/lib/spotarm_assembly_description
running install
running install_lib
creating /home/msd/MSD2/REV4/install/spotarm_assembly_description/lib/python3.10/site-packages/spotarm_assembly_description
copying /home/msd/MSD2/REV4/build/spotarm_assembly_description/build/lib/spotarm_assembly_description/__init__.py -> /home/msd/MSD2/REV4/install/spotarm_assembly_description/lib/python3.10/site-packages/spotarm_assembly_description
byte-compiling /home/msd/MSD2/REV4/install/spotarm_assembly_description/lib/python3.10/site-packages/spotarm_assembly_description/__init__.py to __init__.cpython-310.pyc
running install_data
copying resource/spotarm_assembly_description -> /home/msd/MSD2/REV4/install/spotarm_assembly_description/share/ament_index/resource_index/packages
