running develop
running egg_info
creating spotarm_servo_gamepad.egg-info
writing spotarm_servo_gamepad.egg-info/PKG-INFO
writing dependency_links to spotarm_servo_gamepad.egg-info/dependency_links.txt
writing entry points to spotarm_servo_gamepad.egg-info/entry_points.txt
writing requirements to spotarm_servo_gamepad.egg-info/requires.txt
writing top-level names to spotarm_servo_gamepad.egg-info/top_level.txt
writing manifest file 'spotarm_servo_gamepad.egg-info/SOURCES.txt'
reading manifest file 'spotarm_servo_gamepad.egg-info/SOURCES.txt'
writing manifest file 'spotarm_servo_gamepad.egg-info/SOURCES.txt'
running build_ext
Creating /home/msd/MSD2/REV4/install/spotarm_servo_gamepad/lib/python3.10/site-packages/spotarm-servo-gamepad.egg-link (link to .)
Installing gamepad_servo script to /home/msd/MSD2/REV4/install/spotarm_servo_gamepad/lib/spotarm_servo_gamepad

Installed /home/msd/MSD2/REV4/build/spotarm_servo_gamepad
running symlink_data
creating /home/msd/MSD2/REV4/install/spotarm_servo_gamepad/share/ament_index
creating /home/msd/MSD2/REV4/install/spotarm_servo_gamepad/share/ament_index/resource_index
creating /home/msd/MSD2/REV4/install/spotarm_servo_gamepad/share/ament_index/resource_index/packages
symbolically linking /home/msd/MSD2/REV4/build/spotarm_servo_gamepad/resource/spotarm_servo_gamepad -> /home/msd/MSD2/REV4/install/spotarm_servo_gamepad/share/ament_index/resource_index/packages
symbolically linking /home/msd/MSD2/REV4/build/spotarm_servo_gamepad/package.xml -> /home/msd/MSD2/REV4/install/spotarm_servo_gamepad/share/spotarm_servo_gamepad
creating /home/msd/MSD2/REV4/install/spotarm_servo_gamepad/share/spotarm_servo_gamepad/launch
symbolically linking /home/msd/MSD2/REV4/build/spotarm_servo_gamepad/launch/servo_gamepad.launch.py -> /home/msd/MSD2/REV4/install/spotarm_servo_gamepad/share/spotarm_servo_gamepad/launch
creating /home/msd/MSD2/REV4/install/spotarm_servo_gamepad/share/spotarm_servo_gamepad/config
symbolically linking /home/msd/MSD2/REV4/build/spotarm_servo_gamepad/config/servo.yaml -> /home/msd/MSD2/REV4/install/spotarm_servo_gamepad/share/spotarm_servo_gamepad/config
