[1.656s] Invoking command in '/home/msd/MSD2/REV4/build/spotarm_servo_gamepad': AMENT_PREFIX_PATH=/home/msd/MSD2/REV4/install/spotarm_assembly_description:/home/msd/MSD2/REV4/install/stepper_test:/home/msd/MSD2/REV4/install/spotarm_gamepad:/home/msd/MSD2/REV4/install/robot_bringup:/home/msd/MSD2/REV4/install/robot_moveit_config:/home/msd/MSD2/REV4/install/robot_status_leds:/home/msd/MSD2/REV4/install/robot_hardware:/home/msd/MSD2/REV4/install/robot_commander:/home/msd/MSD2/REV4/install/gear_manipulator_moveit_config:/home/msd/MSD2/REV4/install/my_robot:/home/msd/MSD2/REV4/install/marge:/opt/ros/humble CMAKE_PREFIX_PATH=/home/msd/MSD2/REV4/install/robot_moveit_config:/home/msd/MSD2/REV4/install/stepper_test:/home/msd/MSD2/REV4/install/robot_bringup:/home/msd/MSD2/REV4/install/robot_hardware:/home/msd/MSD2/REV4/install/robot_commander:/home/msd/MSD2/REV4/install/gear_manipulator_moveit_config:/home/msd/MSD2/REV4/install/my_robot:/home/msd/MSD2/REV4/install/marge PYTHONPATH=/home/msd/MSD2/REV4/build/spotarm_servo_gamepad/prefix_override:/usr/lib/python3/dist-packages/colcon_core/task/python/colcon_distutils_commands:/home/msd/MSD2/REV4/install/spotarm_servo_gamepad/lib/python3.10/site-packages:/home/msd/MSD2/REV4/build/spotarm_assembly_description:/home/msd/MSD2/REV4/install/spotarm_assembly_description/lib/python3.10/site-packages:/home/msd/MSD2/REV4/build/spotarm_gamepad:/home/msd/MSD2/REV4/install/spotarm_gamepad/lib/python3.10/site-packages:/home/msd/MSD2/REV4/install/robot_status_leds/lib/python3.10/site-packages:/opt/ros/humble/lib/python3.10/site-packages:/opt/ros/humble/local/lib/python3.10/dist-packages /usr/bin/python3 -W ignore:setup.py install is deprecated -W ignore:easy_install command is deprecated setup.py develop --editable --build-directory /home/msd/MSD2/REV4/build/spotarm_servo_gamepad/build --no-deps symlink_data
[2.363s] running develop
[2.648s] running egg_info
[2.648s] creating spotarm_servo_gamepad.egg-info
[2.648s] writing spotarm_servo_gamepad.egg-info/PKG-INFO
[2.649s] writing dependency_links to spotarm_servo_gamepad.egg-info/dependency_links.txt
[2.649s] writing entry points to spotarm_servo_gamepad.egg-info/entry_points.txt
[2.649s] writing requirements to spotarm_servo_gamepad.egg-info/requires.txt
[2.649s] writing top-level names to spotarm_servo_gamepad.egg-info/top_level.txt
[2.650s] writing manifest file 'spotarm_servo_gamepad.egg-info/SOURCES.txt'
[2.653s] reading manifest file 'spotarm_servo_gamepad.egg-info/SOURCES.txt'
[2.655s] writing manifest file 'spotarm_servo_gamepad.egg-info/SOURCES.txt'
[2.658s] running build_ext
[2.658s] Creating /home/msd/MSD2/REV4/install/spotarm_servo_gamepad/lib/python3.10/site-packages/spotarm-servo-gamepad.egg-link (link to .)
[2.660s] Installing gamepad_servo script to /home/msd/MSD2/REV4/install/spotarm_servo_gamepad/lib/spotarm_servo_gamepad
[2.661s] 
[2.661s] Installed /home/msd/MSD2/REV4/build/spotarm_servo_gamepad
[2.661s] running symlink_data
[2.661s] creating /home/msd/MSD2/REV4/install/spotarm_servo_gamepad/share/ament_index
[2.661s] creating /home/msd/MSD2/REV4/install/spotarm_servo_gamepad/share/ament_index/resource_index
[2.661s] creating /home/msd/MSD2/REV4/install/spotarm_servo_gamepad/share/ament_index/resource_index/packages
[2.662s] symbolically linking /home/msd/MSD2/REV4/build/spotarm_servo_gamepad/resource/spotarm_servo_gamepad -> /home/msd/MSD2/REV4/install/spotarm_servo_gamepad/share/ament_index/resource_index/packages
[2.662s] symbolically linking /home/msd/MSD2/REV4/build/spotarm_servo_gamepad/package.xml -> /home/msd/MSD2/REV4/install/spotarm_servo_gamepad/share/spotarm_servo_gamepad
[2.662s] creating /home/msd/MSD2/REV4/install/spotarm_servo_gamepad/share/spotarm_servo_gamepad/launch
[2.662s] symbolically linking /home/msd/MSD2/REV4/build/spotarm_servo_gamepad/launch/servo_gamepad.launch.py -> /home/msd/MSD2/REV4/install/spotarm_servo_gamepad/share/spotarm_servo_gamepad/launch
[2.662s] creating /home/msd/MSD2/REV4/install/spotarm_servo_gamepad/share/spotarm_servo_gamepad/config
[2.662s] symbolically linking /home/msd/MSD2/REV4/build/spotarm_servo_gamepad/config/servo.yaml -> /home/msd/MSD2/REV4/install/spotarm_servo_gamepad/share/spotarm_servo_gamepad/config
[2.713s] Invoked command in '/home/msd/MSD2/REV4/build/spotarm_servo_gamepad' returned '0': AMENT_PREFIX_PATH=/home/msd/MSD2/REV4/install/spotarm_assembly_description:/home/msd/MSD2/REV4/install/stepper_test:/home/msd/MSD2/REV4/install/spotarm_gamepad:/home/msd/MSD2/REV4/install/robot_bringup:/home/msd/MSD2/REV4/install/robot_moveit_config:/home/msd/MSD2/REV4/install/robot_status_leds:/home/msd/MSD2/REV4/install/robot_hardware:/home/msd/MSD2/REV4/install/robot_commander:/home/msd/MSD2/REV4/install/gear_manipulator_moveit_config:/home/msd/MSD2/REV4/install/my_robot:/home/msd/MSD2/REV4/install/marge:/opt/ros/humble CMAKE_PREFIX_PATH=/home/msd/MSD2/REV4/install/robot_moveit_config:/home/msd/MSD2/REV4/install/stepper_test:/home/msd/MSD2/REV4/install/robot_bringup:/home/msd/MSD2/REV4/install/robot_hardware:/home/msd/MSD2/REV4/install/robot_commander:/home/msd/MSD2/REV4/install/gear_manipulator_moveit_config:/home/msd/MSD2/REV4/install/my_robot:/home/msd/MSD2/REV4/install/marge PYTHONPATH=/home/msd/MSD2/REV4/build/spotarm_servo_gamepad/prefix_override:/usr/lib/python3/dist-packages/colcon_core/task/python/colcon_distutils_commands:/home/msd/MSD2/REV4/install/spotarm_servo_gamepad/lib/python3.10/site-packages:/home/msd/MSD2/REV4/build/spotarm_assembly_description:/home/msd/MSD2/REV4/install/spotarm_assembly_description/lib/python3.10/site-packages:/home/msd/MSD2/REV4/build/spotarm_gamepad:/home/msd/MSD2/REV4/install/spotarm_gamepad/lib/python3.10/site-packages:/home/msd/MSD2/REV4/install/robot_status_leds/lib/python3.10/site-packages:/opt/ros/humble/lib/python3.10/site-packages:/opt/ros/humble/local/lib/python3.10/dist-packages /usr/bin/python3 -W ignore:setup.py install is deprecated -W ignore:easy_install command is deprecated setup.py develop --editable --build-directory /home/msd/MSD2/REV4/build/spotarm_servo_gamepad/build --no-deps symlink_data
