[2.517s] Invoking command in '/mnt/c/Users/Oden2/Downloads/MSD-SPOT-robot-Rev-4/build/robot_bringup': AMENT_PREFIX_PATH=/mnt/c/Users/Oden2/Downloads/MSD-SPOT-robot-Rev-4/install/robot_moveit_config:/mnt/c/Users/Oden2/Downloads/MSD-SPOT-robot-Rev-4/install/spotarm_assembly_description:${AMENT_PREFIX_PATH} CMAKE_PREFIX_PATH=/mnt/c/Users/Oden2/Downloads/MSD-SPOT-robot-Rev-4/install/robot_moveit_config:/mnt/c/Users/Oden2/Downloads/MSD-SPOT-robot-Rev-4/install/gear_manipulator_moveit_config:/mnt/c/Users/Oden2/Downloads/MSD-SPOT-robot-Rev-4/install/my_robot:/mnt/c/Users/Oden2/Downloads/MSD-SPOT-robot-Rev-4/install/marge:/mnt/c/Users/Oden2/Downloads/MSD-SPOT-robot-Rev-4/install/end_effector:/opt/ros/humble PYTHONPATH=/mnt/c/Users/Oden2/Downloads/MSD-SPOT-robot-Rev-4/build/spotarm_assembly_description:/mnt/c/Users/Oden2/Downloads/MSD-SPOT-robot-Rev-4/install/spotarm_assembly_description/lib/python3.10/site-packages:${PYTHONPATH} /usr/bin/cmake /mnt/c/Users/Oden2/Downloads/MSD-SPOT-robot-Rev-4/src/robot_bringup -DAMENT_CMAKE_SYMLINK_INSTALL=1 -DCMAKE_INSTALL_PREFIX=/mnt/c/Users/Oden2/Downloads/MSD-SPOT-robot-Rev-4/install/robot_bringup
[4.332s] -- The C compiler identification is GNU 11.4.0
[7.880s] -- The CXX compiler identification is GNU 11.4.0
[9.959s] -- Detecting C compiler ABI info
[13.223s] -- Detecting C compiler ABI info - done
[13.282s] -- Check for working C compiler: /usr/bin/cc - skipped
[13.287s] -- Detecting C compile features
[13.291s] -- Detecting C compile features - done
[13.475s] -- Detecting CXX compiler ABI info
[15.722s] -- Detecting CXX compiler ABI info - done
[15.785s] -- Check for working CXX compiler: /usr/bin/c++ - skipped
[15.788s] -- Detecting CXX compile features
[15.790s] -- Detecting CXX compile features - done
[16.286s] -- Found ament_cmake: 1.3.12 (/opt/ros/humble/share/ament_cmake/cmake)
[19.060s] -- Found Python3: /usr/bin/python3 (found version "3.10.12") found components: Interpreter 
[20.024s] -- Override CMake install command with custom implementation using symlinks instead of copying resources
[25.096s] -- Configuring done
[25.524s] -- Generating done
[25.824s] -- Build files have been written to: /mnt/c/Users/Oden2/Downloads/MSD-SPOT-robot-Rev-4/build/robot_bringup
[25.829s] Invoked command in '/mnt/c/Users/Oden2/Downloads/MSD-SPOT-robot-Rev-4/build/robot_bringup' returned '0': AMENT_PREFIX_PATH=/mnt/c/Users/Oden2/Downloads/MSD-SPOT-robot-Rev-4/install/robot_moveit_config:/mnt/c/Users/Oden2/Downloads/MSD-SPOT-robot-Rev-4/install/spotarm_assembly_description:${AMENT_PREFIX_PATH} CMAKE_PREFIX_PATH=/mnt/c/Users/Oden2/Downloads/MSD-SPOT-robot-Rev-4/install/robot_moveit_config:/mnt/c/Users/Oden2/Downloads/MSD-SPOT-robot-Rev-4/install/gear_manipulator_moveit_config:/mnt/c/Users/Oden2/Downloads/MSD-SPOT-robot-Rev-4/install/my_robot:/mnt/c/Users/Oden2/Downloads/MSD-SPOT-robot-Rev-4/install/marge:/mnt/c/Users/Oden2/Downloads/MSD-SPOT-robot-Rev-4/install/end_effector:/opt/ros/humble PYTHONPATH=/mnt/c/Users/Oden2/Downloads/MSD-SPOT-robot-Rev-4/build/spotarm_assembly_description:/mnt/c/Users/Oden2/Downloads/MSD-SPOT-robot-Rev-4/install/spotarm_assembly_description/lib/python3.10/site-packages:${PYTHONPATH} /usr/bin/cmake /mnt/c/Users/Oden2/Downloads/MSD-SPOT-robot-Rev-4/src/robot_bringup -DAMENT_CMAKE_SYMLINK_INSTALL=1 -DCMAKE_INSTALL_PREFIX=/mnt/c/Users/Oden2/Downloads/MSD-SPOT-robot-Rev-4/install/robot_bringup
[25.857s] Invoking command in '/mnt/c/Users/Oden2/Downloads/MSD-SPOT-robot-Rev-4/build/robot_bringup': AMENT_PREFIX_PATH=/mnt/c/Users/Oden2/Downloads/MSD-SPOT-robot-Rev-4/install/robot_moveit_config:/mnt/c/Users/Oden2/Downloads/MSD-SPOT-robot-Rev-4/install/spotarm_assembly_description:${AMENT_PREFIX_PATH} CMAKE_PREFIX_PATH=/mnt/c/Users/Oden2/Downloads/MSD-SPOT-robot-Rev-4/install/robot_moveit_config:/mnt/c/Users/Oden2/Downloads/MSD-SPOT-robot-Rev-4/install/gear_manipulator_moveit_config:/mnt/c/Users/Oden2/Downloads/MSD-SPOT-robot-Rev-4/install/my_robot:/mnt/c/Users/Oden2/Downloads/MSD-SPOT-robot-Rev-4/install/marge:/mnt/c/Users/Oden2/Downloads/MSD-SPOT-robot-Rev-4/install/end_effector:/opt/ros/humble PYTHONPATH=/mnt/c/Users/Oden2/Downloads/MSD-SPOT-robot-Rev-4/build/spotarm_assembly_description:/mnt/c/Users/Oden2/Downloads/MSD-SPOT-robot-Rev-4/install/spotarm_assembly_description/lib/python3.10/site-packages:${PYTHONPATH} /usr/bin/cmake --build /mnt/c/Users/Oden2/Downloads/MSD-SPOT-robot-Rev-4/build/robot_bringup -- -j16 -l16
[26.517s] Invoked command in '/mnt/c/Users/Oden2/Downloads/MSD-SPOT-robot-Rev-4/build/robot_bringup' returned '0': AMENT_PREFIX_PATH=/mnt/c/Users/Oden2/Downloads/MSD-SPOT-robot-Rev-4/install/robot_moveit_config:/mnt/c/Users/Oden2/Downloads/MSD-SPOT-robot-Rev-4/install/spotarm_assembly_description:${AMENT_PREFIX_PATH} CMAKE_PREFIX_PATH=/mnt/c/Users/Oden2/Downloads/MSD-SPOT-robot-Rev-4/install/robot_moveit_config:/mnt/c/Users/Oden2/Downloads/MSD-SPOT-robot-Rev-4/install/gear_manipulator_moveit_config:/mnt/c/Users/Oden2/Downloads/MSD-SPOT-robot-Rev-4/install/my_robot:/mnt/c/Users/Oden2/Downloads/MSD-SPOT-robot-Rev-4/install/marge:/mnt/c/Users/Oden2/Downloads/MSD-SPOT-robot-Rev-4/install/end_effector:/opt/ros/humble PYTHONPATH=/mnt/c/Users/Oden2/Downloads/MSD-SPOT-robot-Rev-4/build/spotarm_assembly_description:/mnt/c/Users/Oden2/Downloads/MSD-SPOT-robot-Rev-4/install/spotarm_assembly_description/lib/python3.10/site-packages:${PYTHONPATH} /usr/bin/cmake --build /mnt/c/Users/Oden2/Downloads/MSD-SPOT-robot-Rev-4/build/robot_bringup -- -j16 -l16
[26.543s] Invoking command in '/mnt/c/Users/Oden2/Downloads/MSD-SPOT-robot-Rev-4/build/robot_bringup': AMENT_PREFIX_PATH=/mnt/c/Users/Oden2/Downloads/MSD-SPOT-robot-Rev-4/install/robot_moveit_config:/mnt/c/Users/Oden2/Downloads/MSD-SPOT-robot-Rev-4/install/spotarm_assembly_description:${AMENT_PREFIX_PATH} CMAKE_PREFIX_PATH=/mnt/c/Users/Oden2/Downloads/MSD-SPOT-robot-Rev-4/install/robot_moveit_config:/mnt/c/Users/Oden2/Downloads/MSD-SPOT-robot-Rev-4/install/gear_manipulator_moveit_config:/mnt/c/Users/Oden2/Downloads/MSD-SPOT-robot-Rev-4/install/my_robot:/mnt/c/Users/Oden2/Downloads/MSD-SPOT-robot-Rev-4/install/marge:/mnt/c/Users/Oden2/Downloads/MSD-SPOT-robot-Rev-4/install/end_effector:/opt/ros/humble PYTHONPATH=/mnt/c/Users/Oden2/Downloads/MSD-SPOT-robot-Rev-4/build/spotarm_assembly_description:/mnt/c/Users/Oden2/Downloads/MSD-SPOT-robot-Rev-4/install/spotarm_assembly_description/lib/python3.10/site-packages:${PYTHONPATH} /usr/bin/cmake --install /mnt/c/Users/Oden2/Downloads/MSD-SPOT-robot-Rev-4/build/robot_bringup
[26.599s] -- Install configuration: ""
[26.611s] -- Execute custom install script
[26.657s] -- Symlinking: /mnt/c/Users/Oden2/Downloads/MSD-SPOT-robot-Rev-4/install/robot_bringup/share/robot_bringup/launch/robot.launch.py
[26.746s] -- Symlinking: /mnt/c/Users/Oden2/Downloads/MSD-SPOT-robot-Rev-4/install/robot_bringup/share/robot_bringup/launch/robot_no_rviz.launch.py
[26.864s] -- Symlinking: /mnt/c/Users/Oden2/Downloads/MSD-SPOT-robot-Rev-4/install/robot_bringup/share/robot_bringup/config/robot_moveit.rviz
[26.947s] -- Symlinking: /mnt/c/Users/Oden2/Downloads/MSD-SPOT-robot-Rev-4/install/robot_bringup/share/robot_bringup/config/ros2_controllers.yaml
[27.067s] -- Symlinking: /mnt/c/Users/Oden2/Downloads/MSD-SPOT-robot-Rev-4/install/robot_bringup/share/ament_index/resource_index/package_run_dependencies/robot_bringup
[27.208s] -- Symlinking: /mnt/c/Users/Oden2/Downloads/MSD-SPOT-robot-Rev-4/install/robot_bringup/share/ament_index/resource_index/parent_prefix_path/robot_bringup
[27.329s] -- Symlinking: /mnt/c/Users/Oden2/Downloads/MSD-SPOT-robot-Rev-4/install/robot_bringup/share/robot_bringup/environment/ament_prefix_path.sh
[27.432s] -- Symlinking: /mnt/c/Users/Oden2/Downloads/MSD-SPOT-robot-Rev-4/install/robot_bringup/share/robot_bringup/environment/ament_prefix_path.dsv
[27.526s] -- Symlinking: /mnt/c/Users/Oden2/Downloads/MSD-SPOT-robot-Rev-4/install/robot_bringup/share/robot_bringup/environment/path.sh
[27.616s] -- Symlinking: /mnt/c/Users/Oden2/Downloads/MSD-SPOT-robot-Rev-4/install/robot_bringup/share/robot_bringup/environment/path.dsv
[27.709s] -- Symlinking: /mnt/c/Users/Oden2/Downloads/MSD-SPOT-robot-Rev-4/install/robot_bringup/share/robot_bringup/local_setup.bash
[27.817s] -- Symlinking: /mnt/c/Users/Oden2/Downloads/MSD-SPOT-robot-Rev-4/install/robot_bringup/share/robot_bringup/local_setup.sh
[27.911s] -- Symlinking: /mnt/c/Users/Oden2/Downloads/MSD-SPOT-robot-Rev-4/install/robot_bringup/share/robot_bringup/local_setup.zsh
[28.006s] -- Symlinking: /mnt/c/Users/Oden2/Downloads/MSD-SPOT-robot-Rev-4/install/robot_bringup/share/robot_bringup/local_setup.dsv
[28.115s] -- Symlinking: /mnt/c/Users/Oden2/Downloads/MSD-SPOT-robot-Rev-4/install/robot_bringup/share/robot_bringup/package.dsv
[28.220s] -- Symlinking: /mnt/c/Users/Oden2/Downloads/MSD-SPOT-robot-Rev-4/install/robot_bringup/share/ament_index/resource_index/packages/robot_bringup
[28.342s] -- Symlinking: /mnt/c/Users/Oden2/Downloads/MSD-SPOT-robot-Rev-4/install/robot_bringup/share/robot_bringup/cmake/robot_bringupConfig.cmake
[28.413s] -- Symlinking: /mnt/c/Users/Oden2/Downloads/MSD-SPOT-robot-Rev-4/install/robot_bringup/share/robot_bringup/cmake/robot_bringupConfig-version.cmake
[28.519s] -- Symlinking: /mnt/c/Users/Oden2/Downloads/MSD-SPOT-robot-Rev-4/install/robot_bringup/share/robot_bringup/package.xml
[28.638s] Invoked command in '/mnt/c/Users/Oden2/Downloads/MSD-SPOT-robot-Rev-4/build/robot_bringup' returned '0': AMENT_PREFIX_PATH=/mnt/c/Users/Oden2/Downloads/MSD-SPOT-robot-Rev-4/install/robot_moveit_config:/mnt/c/Users/Oden2/Downloads/MSD-SPOT-robot-Rev-4/install/spotarm_assembly_description:${AMENT_PREFIX_PATH} CMAKE_PREFIX_PATH=/mnt/c/Users/Oden2/Downloads/MSD-SPOT-robot-Rev-4/install/robot_moveit_config:/mnt/c/Users/Oden2/Downloads/MSD-SPOT-robot-Rev-4/install/gear_manipulator_moveit_config:/mnt/c/Users/Oden2/Downloads/MSD-SPOT-robot-Rev-4/install/my_robot:/mnt/c/Users/Oden2/Downloads/MSD-SPOT-robot-Rev-4/install/marge:/mnt/c/Users/Oden2/Downloads/MSD-SPOT-robot-Rev-4/install/end_effector:/opt/ros/humble PYTHONPATH=/mnt/c/Users/Oden2/Downloads/MSD-SPOT-robot-Rev-4/build/spotarm_assembly_description:/mnt/c/Users/Oden2/Downloads/MSD-SPOT-robot-Rev-4/install/spotarm_assembly_description/lib/python3.10/site-packages:${PYTHONPATH} /usr/bin/cmake --install /mnt/c/Users/Oden2/Downloads/MSD-SPOT-robot-Rev-4/build/robot_bringup
