[8.795s] Invoking command in '/mnt/c/Users/Oden2/Downloads/MSD-SPOT-robot-Rev-4/build/spotarm_servo_gamepad': AMENT_PREFIX_PATH=/mnt/c/Users/Oden2/Downloads/MSD-SPOT-robot-Rev-4/install/robot_moveit_config:/mnt/c/Users/Oden2/Downloads/MSD-SPOT-robot-Rev-4/install/spotarm_assembly_description:${AMENT_PREFIX_PATH} CMAKE_PREFIX_PATH=/mnt/c/Users/Oden2/Downloads/MSD-SPOT-robot-Rev-4/install/robot_moveit_config:/mnt/c/Users/Oden2/Downloads/MSD-SPOT-robot-Rev-4/install/gear_manipulator_moveit_config:/mnt/c/Users/Oden2/Downloads/MSD-SPOT-robot-Rev-4/install/my_robot:/mnt/c/Users/Oden2/Downloads/MSD-SPOT-robot-Rev-4/install/marge:/mnt/c/Users/Oden2/Downloads/MSD-SPOT-robot-Rev-4/install/end_effector PYTHONPATH=/mnt/c/Users/Oden2/Downloads/MSD-SPOT-robot-Rev-4/build/spotarm_servo_gamepad/prefix_override:/usr/lib/python3/dist-packages/colcon_core/task/python/colcon_distutils_commands:/mnt/c/Users/Oden2/Downloads/MSD-SPOT-robot-Rev-4/install/spotarm_servo_gamepad/lib/python3.10/site-packages:/mnt/c/Users/Oden2/Downloads/MSD-SPOT-robot-Rev-4/build/spotarm_assembly_description:/mnt/c/Users/Oden2/Downloads/MSD-SPOT-robot-Rev-4/install/spotarm_assembly_description/lib/python3.10/site-packages:${PYTHONPATH} /usr/bin/python3 -W ignore:setup.py install is deprecated -W ignore:easy_install command is deprecated setup.py develop --editable --build-directory /mnt/c/Users/Oden2/Downloads/MSD-SPOT-robot-Rev-4/build/spotarm_servo_gamepad/build --no-deps symlink_data
[11.854s] running develop
[12.637s] running egg_info
[12.641s] creating spotarm_servo_gamepad.egg-info
[12.644s] writing spotarm_servo_gamepad.egg-info/PKG-INFO
[12.661s] writing dependency_links to spotarm_servo_gamepad.egg-info/dependency_links.txt
[12.671s] writing entry points to spotarm_servo_gamepad.egg-info/entry_points.txt
[12.687s] writing requirements to spotarm_servo_gamepad.egg-info/requires.txt
[12.693s] writing top-level names to spotarm_servo_gamepad.egg-info/top_level.txt
[12.703s] writing manifest file 'spotarm_servo_gamepad.egg-info/SOURCES.txt'
[12.889s] reading manifest file 'spotarm_servo_gamepad.egg-info/SOURCES.txt'
[13.010s] writing manifest file 'spotarm_servo_gamepad.egg-info/SOURCES.txt'
[13.062s] running build_ext
[13.066s] Creating /mnt/c/Users/Oden2/Downloads/MSD-SPOT-robot-Rev-4/install/spotarm_servo_gamepad/lib/python3.10/site-packages/spotarm-servo-gamepad.egg-link (link to .)
[13.148s] Installing gamepad_servo script to /mnt/c/Users/Oden2/Downloads/MSD-SPOT-robot-Rev-4/install/spotarm_servo_gamepad/lib/spotarm_servo_gamepad
[13.214s] 
[13.218s] Installed /mnt/c/Users/Oden2/Downloads/MSD-SPOT-robot-Rev-4/build/spotarm_servo_gamepad
[13.229s] running symlink_data
[13.251s] creating /mnt/c/Users/Oden2/Downloads/MSD-SPOT-robot-Rev-4/install/spotarm_servo_gamepad/share/ament_index
[13.257s] creating /mnt/c/Users/Oden2/Downloads/MSD-SPOT-robot-Rev-4/install/spotarm_servo_gamepad/share/ament_index/resource_index
[13.267s] creating /mnt/c/Users/Oden2/Downloads/MSD-SPOT-robot-Rev-4/install/spotarm_servo_gamepad/share/ament_index/resource_index/packages
[13.320s] symbolically linking /mnt/c/Users/Oden2/Downloads/MSD-SPOT-robot-Rev-4/build/spotarm_servo_gamepad/resource/spotarm_servo_gamepad -> /mnt/c/Users/Oden2/Downloads/MSD-SPOT-robot-Rev-4/install/spotarm_servo_gamepad/share/ament_index/resource_index/packages
[13.370s] symbolically linking /mnt/c/Users/Oden2/Downloads/MSD-SPOT-robot-Rev-4/build/spotarm_servo_gamepad/package.xml -> /mnt/c/Users/Oden2/Downloads/MSD-SPOT-robot-Rev-4/install/spotarm_servo_gamepad/share/spotarm_servo_gamepad
[13.390s] creating /mnt/c/Users/Oden2/Downloads/MSD-SPOT-robot-Rev-4/install/spotarm_servo_gamepad/share/spotarm_servo_gamepad/launch
[13.430s] symbolically linking /mnt/c/Users/Oden2/Downloads/MSD-SPOT-robot-Rev-4/build/spotarm_servo_gamepad/launch/servo_gamepad.launch.py -> /mnt/c/Users/Oden2/Downloads/MSD-SPOT-robot-Rev-4/install/spotarm_servo_gamepad/share/spotarm_servo_gamepad/launch
[13.452s] creating /mnt/c/Users/Oden2/Downloads/MSD-SPOT-robot-Rev-4/install/spotarm_servo_gamepad/share/spotarm_servo_gamepad/config
[13.491s] symbolically linking /mnt/c/Users/Oden2/Downloads/MSD-SPOT-robot-Rev-4/build/spotarm_servo_gamepad/config/servo.yaml -> /mnt/c/Users/Oden2/Downloads/MSD-SPOT-robot-Rev-4/install/spotarm_servo_gamepad/share/spotarm_servo_gamepad/config
[13.551s] Invoked command in '/mnt/c/Users/Oden2/Downloads/MSD-SPOT-robot-Rev-4/build/spotarm_servo_gamepad' returned '0': AMENT_PREFIX_PATH=/mnt/c/Users/Oden2/Downloads/MSD-SPOT-robot-Rev-4/install/robot_moveit_config:/mnt/c/Users/Oden2/Downloads/MSD-SPOT-robot-Rev-4/install/spotarm_assembly_description:${AMENT_PREFIX_PATH} CMAKE_PREFIX_PATH=/mnt/c/Users/Oden2/Downloads/MSD-SPOT-robot-Rev-4/install/robot_moveit_config:/mnt/c/Users/Oden2/Downloads/MSD-SPOT-robot-Rev-4/install/gear_manipulator_moveit_config:/mnt/c/Users/Oden2/Downloads/MSD-SPOT-robot-Rev-4/install/my_robot:/mnt/c/Users/Oden2/Downloads/MSD-SPOT-robot-Rev-4/install/marge:/mnt/c/Users/Oden2/Downloads/MSD-SPOT-robot-Rev-4/install/end_effector PYTHONPATH=/mnt/c/Users/Oden2/Downloads/MSD-SPOT-robot-Rev-4/build/spotarm_servo_gamepad/prefix_override:/usr/lib/python3/dist-packages/colcon_core/task/python/colcon_distutils_commands:/mnt/c/Users/Oden2/Downloads/MSD-SPOT-robot-Rev-4/install/spotarm_servo_gamepad/lib/python3.10/site-packages:/mnt/c/Users/Oden2/Downloads/MSD-SPOT-robot-Rev-4/build/spotarm_assembly_description:/mnt/c/Users/Oden2/Downloads/MSD-SPOT-robot-Rev-4/install/spotarm_assembly_description/lib/python3.10/site-packages:${PYTHONPATH} /usr/bin/python3 -W ignore:setup.py install is deprecated -W ignore:easy_install command is deprecated setup.py develop --editable --build-directory /mnt/c/Users/Oden2/Downloads/MSD-SPOT-robot-Rev-4/build/spotarm_servo_gamepad/build --no-deps symlink_data
