[0.291s] Invoking command in '/home/msd/MSD2/REV4/build/robot_servoing': CMAKE_PREFIX_PATH=/opt/ros/humble /usr/bin/cmake /home/msd/MSD2/REV4/src/robot_servoing -DCMAKE_INSTALL_PREFIX=/home/msd/MSD2/REV4/install/robot_servoing
[0.770s] -- The C compiler identification is GNU 11.4.0
[0.770s] -- The CXX compiler identification is GNU 11.4.0
[0.770s] -- Detecting C compiler ABI info
[0.770s] -- Detecting C compiler ABI info - done
[0.770s] -- Check for working C compiler: /usr/bin/cc - skipped
[0.770s] -- Detecting C compile features
[0.770s] -- Detecting C compile features - done
[0.770s] -- Detecting CXX compiler ABI info
[0.770s] -- Detecting CXX compiler ABI info - done
[0.771s] -- Check for working CXX compiler: /usr/bin/c++ - skipped
[0.771s] -- Detecting CXX compile features
[0.774s] -- Detecting CXX compile features - done
[0.775s] -- Found ament_cmake: 1.3.14 (/opt/ros/humble/share/ament_cmake/cmake)
[1.048s] -- Found Python3: /usr/bin/python3 (found version "3.10.12") found components: Interpreter 
[1.219s] -- Found control_msgs: 4.8.0 (/opt/ros/humble/share/control_msgs/cmake)
[1.289s] -- Found rosidl_generator_c: 3.1.8 (/opt/ros/humble/share/rosidl_generator_c/cmake)
[1.299s] -- Found rosidl_adapter: 3.1.8 (/opt/ros/humble/share/rosidl_adapter/cmake)
[1.315s] -- Found rosidl_generator_cpp: 3.1.8 (/opt/ros/humble/share/rosidl_generator_cpp/cmake)
[1.339s] -- Using all available rosidl_typesupport_c: rosidl_typesupport_fastrtps_c;rosidl_typesupport_introspection_c
[1.371s] -- Using all available rosidl_typesupport_cpp: rosidl_typesupport_fastrtps_cpp;rosidl_typesupport_introspection_cpp
[1.671s] -- Found control_toolbox: 3.6.3 (/opt/ros/humble/share/control_toolbox/cmake)
[1.756s] -- Found rmw_implementation_cmake: 6.1.2 (/opt/ros/humble/share/rmw_implementation_cmake/cmake)
[1.760s] -- Found rmw_fastrtps_cpp: 6.2.10 (/opt/ros/humble/share/rmw_fastrtps_cpp/cmake)
[1.920s] -- Found OpenSSL: /usr/lib/x86_64-linux-gnu/libcrypto.so (found version "3.0.2")  
[1.964s] -- Found FastRTPS: /opt/ros/humble/include  
[2.051s] -- Using RMW implementation 'rmw_fastrtps_cpp' as default
[2.062s] -- Looking for pthread.h
[2.194s] -- Looking for pthread.h - found
[2.195s] -- Performing Test CMAKE_HAVE_LIBC_PTHREAD
[2.329s] -- Performing Test CMAKE_HAVE_LIBC_PTHREAD - Success
[2.333s] -- Found Threads: TRUE  
[2.533s] -- Found moveit_core: 2.5.9 (/opt/ros/humble/share/moveit_core/cmake)
[2.580s] -- Found Boost: /usr/lib/x86_64-linux-gnu/cmake/Boost-1.74.0/BoostConfig.cmake (found version "1.74.0") found components: chrono date_time filesystem iostreams program_options regex serialization system thread 
[2.650s] -- Found Boost: /usr/lib/x86_64-linux-gnu/cmake/Boost-1.74.0/BoostConfig.cmake (found version "1.74.0") found components: filesystem 
[2.799s] -- library: /usr/lib/x86_64-linux-gnu/libcurl.so
[2.900s] -- Found Eigen3: TRUE (found version "3.4.0") 
[2.900s] -- Ensuring Eigen3 include directory is part of orocos-kdl CMake target
[3.240s] -- Found moveit_ros_planning: 2.5.9 (/opt/ros/humble/share/moveit_ros_planning/cmake)
[3.247s] -- Found Boost: /usr/lib/x86_64-linux-gnu/cmake/Boost-1.74.0/BoostConfig.cmake (found version "1.74.0") found components: system filesystem date_time program_options thread chrono 
[3.276s] -- Found moveit_ros_planning_interface: 2.5.9 (/opt/ros/humble/share/moveit_ros_planning_interface/cmake)
[3.282s] -- Found Boost: /usr/lib/x86_64-linux-gnu/cmake/Boost-1.74.0/BoostConfig.cmake (found version "1.74.0") found components: date_time filesystem program_options system thread 
[3.300s] -- Found Boost: /usr/lib/x86_64-linux-gnu/cmake/Boost-1.74.0/BoostConfig.cmake (found version "1.74.0") found components: thread system filesystem regex date_time program_options 
[3.328s] -- Found Boost: /usr/lib/x86_64-linux-gnu/cmake/Boost-1.74.0/BoostConfig.cmake (found version "1.74.0") found components: system filesystem date_time program_options thread 
[3.371s] -- Found ament_lint_auto: 0.12.15 (/opt/ros/humble/share/ament_lint_auto/cmake)
[3.495s] -- Added test 'cppcheck' to perform static code analysis on C / C++ code
[3.495s] -- Configured cppcheck include dirs: /home/msd/MSD2/REV4/src/robot_servoing/include
[3.495s] -- Configured cppcheck exclude dirs and/or files: 
[3.496s] -- Added test 'flake8' to check Python code syntax and style conventions
[3.497s] -- Added test 'lint_cmake' to check CMake code style
[3.498s] -- Added test 'pep257' to check Python code against some of the docstring style conventions in PEP 257
[3.499s] -- Added test 'uncrustify' to check C / C++ code style
[3.499s] -- Configured uncrustify additional arguments: 
[3.500s] -- Added test 'xmllint' to check XML markup files
[3.501s] -- Configuring done
[3.533s] -- Generating done
[3.543s] -- Build files have been written to: /home/msd/MSD2/REV4/build/robot_servoing
