[0.011s] Invoking command in '/home/msd/MSD2/REV4/build/robot_moveit_config': AMENT_PREFIX_PATH=/home/msd/MSD2/REV4/install/spotarm_assembly_description:/home/msd/MSD2/REV4/install/stepper_test:/home/msd/MSD2/REV4/install/spotarm_servo_gamepad:/home/msd/MSD2/REV4/install/robot_bringup:/home/msd/MSD2/REV4/install/robot_moveit_config:/home/msd/MSD2/REV4/install/robot_status_leds:/home/msd/MSD2/REV4/install/robot_hardware:/home/msd/MSD2/REV4/install/robot_commander:/home/msd/MSD2/REV4/install/gear_manipulator_moveit_config:/home/msd/MSD2/REV4/install/my_robot:/home/msd/MSD2/REV4/install/marge:/home/msd/MSD2/REV4/src/install/robot_commander:/home/msd/MSD2/REV4/src/install/my_robot:/opt/ros/humble CMAKE_PREFIX_PATH=${CMAKE_PREFIX_PATH}:/home/msd/MSD2/REV4/install/spotarm_servo_gamepad:/home/msd/MSD2/REV4/install/spotarm_assembly_description:/home/msd/MSD2/REV4/install/robot_status_leds:/opt/ros/humble PYTHONPATH=/home/msd/MSD2/REV4/build/spotarm_assembly_description:/home/msd/MSD2/REV4/install/spotarm_assembly_description/lib/python3.10/site-packages:/home/msd/MSD2/REV4/build/spotarm_servo_gamepad:/home/msd/MSD2/REV4/install/spotarm_servo_gamepad/lib/python3.10/site-packages:/home/msd/MSD2/REV4/build/spotarm_gamepad:/home/msd/MSD2/REV4/install/spotarm_gamepad/lib/python3.10/site-packages:/home/msd/MSD2/REV4/install/robot_status_leds/lib/python3.10/site-packages:/opt/ros/humble/lib/python3.10/site-packages:/opt/ros/humble/local/lib/python3.10/dist-packages /usr/bin/cmake --build /home/msd/MSD2/REV4/build/robot_moveit_config -- -j8 -l8
[0.074s] Invoked command in '/home/msd/MSD2/REV4/build/robot_moveit_config' returned '0': AMENT_PREFIX_PATH=/home/msd/MSD2/REV4/install/spotarm_assembly_description:/home/msd/MSD2/REV4/install/stepper_test:/home/msd/MSD2/REV4/install/spotarm_servo_gamepad:/home/msd/MSD2/REV4/install/robot_bringup:/home/msd/MSD2/REV4/install/robot_moveit_config:/home/msd/MSD2/REV4/install/robot_status_leds:/home/msd/MSD2/REV4/install/robot_hardware:/home/msd/MSD2/REV4/install/robot_commander:/home/msd/MSD2/REV4/install/gear_manipulator_moveit_config:/home/msd/MSD2/REV4/install/my_robot:/home/msd/MSD2/REV4/install/marge:/home/msd/MSD2/REV4/src/install/robot_commander:/home/msd/MSD2/REV4/src/install/my_robot:/opt/ros/humble CMAKE_PREFIX_PATH=${CMAKE_PREFIX_PATH}:/home/msd/MSD2/REV4/install/spotarm_servo_gamepad:/home/msd/MSD2/REV4/install/spotarm_assembly_description:/home/msd/MSD2/REV4/install/robot_status_leds:/opt/ros/humble PYTHONPATH=/home/msd/MSD2/REV4/build/spotarm_assembly_description:/home/msd/MSD2/REV4/install/spotarm_assembly_description/lib/python3.10/site-packages:/home/msd/MSD2/REV4/build/spotarm_servo_gamepad:/home/msd/MSD2/REV4/install/spotarm_servo_gamepad/lib/python3.10/site-packages:/home/msd/MSD2/REV4/build/spotarm_gamepad:/home/msd/MSD2/REV4/install/spotarm_gamepad/lib/python3.10/site-packages:/home/msd/MSD2/REV4/install/robot_status_leds/lib/python3.10/site-packages:/opt/ros/humble/lib/python3.10/site-packages:/opt/ros/humble/local/lib/python3.10/dist-packages /usr/bin/cmake --build /home/msd/MSD2/REV4/build/robot_moveit_config -- -j8 -l8
[0.087s] Invoking command in '/home/msd/MSD2/REV4/build/robot_moveit_config': AMENT_PREFIX_PATH=/home/msd/MSD2/REV4/install/spotarm_assembly_description:/home/msd/MSD2/REV4/install/stepper_test:/home/msd/MSD2/REV4/install/spotarm_servo_gamepad:/home/msd/MSD2/REV4/install/robot_bringup:/home/msd/MSD2/REV4/install/robot_moveit_config:/home/msd/MSD2/REV4/install/robot_status_leds:/home/msd/MSD2/REV4/install/robot_hardware:/home/msd/MSD2/REV4/install/robot_commander:/home/msd/MSD2/REV4/install/gear_manipulator_moveit_config:/home/msd/MSD2/REV4/install/my_robot:/home/msd/MSD2/REV4/install/marge:/home/msd/MSD2/REV4/src/install/robot_commander:/home/msd/MSD2/REV4/src/install/my_robot:/opt/ros/humble CMAKE_PREFIX_PATH=${CMAKE_PREFIX_PATH}:/home/msd/MSD2/REV4/install/spotarm_servo_gamepad:/home/msd/MSD2/REV4/install/spotarm_assembly_description:/home/msd/MSD2/REV4/install/robot_status_leds:/opt/ros/humble PYTHONPATH=/home/msd/MSD2/REV4/build/spotarm_assembly_description:/home/msd/MSD2/REV4/install/spotarm_assembly_description/lib/python3.10/site-packages:/home/msd/MSD2/REV4/build/spotarm_servo_gamepad:/home/msd/MSD2/REV4/install/spotarm_servo_gamepad/lib/python3.10/site-packages:/home/msd/MSD2/REV4/build/spotarm_gamepad:/home/msd/MSD2/REV4/install/spotarm_gamepad/lib/python3.10/site-packages:/home/msd/MSD2/REV4/install/robot_status_leds/lib/python3.10/site-packages:/opt/ros/humble/lib/python3.10/site-packages:/opt/ros/humble/local/lib/python3.10/dist-packages /usr/bin/cmake --install /home/msd/MSD2/REV4/build/robot_moveit_config
[0.094s] -- Install configuration: ""
[0.095s] -- Execute custom install script
[0.095s] -- Up-to-date symlink: /home/msd/MSD2/REV4/install/robot_moveit_config/share/ament_index/resource_index/package_run_dependencies/robot_moveit_config
[0.096s] -- Up-to-date symlink: /home/msd/MSD2/REV4/install/robot_moveit_config/share/ament_index/resource_index/parent_prefix_path/robot_moveit_config
[0.096s] -- Up-to-date symlink: /home/msd/MSD2/REV4/install/robot_moveit_config/share/robot_moveit_config/environment/ament_prefix_path.sh
[0.096s] -- Up-to-date symlink: /home/msd/MSD2/REV4/install/robot_moveit_config/share/robot_moveit_config/environment/ament_prefix_path.dsv
[0.096s] -- Up-to-date symlink: /home/msd/MSD2/REV4/install/robot_moveit_config/share/robot_moveit_config/environment/path.sh
[0.096s] -- Up-to-date symlink: /home/msd/MSD2/REV4/install/robot_moveit_config/share/robot_moveit_config/environment/path.dsv
[0.097s] -- Up-to-date symlink: /home/msd/MSD2/REV4/install/robot_moveit_config/share/robot_moveit_config/local_setup.bash
[0.097s] -- Up-to-date symlink: /home/msd/MSD2/REV4/install/robot_moveit_config/share/robot_moveit_config/local_setup.sh
[0.098s] -- Up-to-date symlink: /home/msd/MSD2/REV4/install/robot_moveit_config/share/robot_moveit_config/local_setup.zsh
[0.098s] -- Up-to-date symlink: /home/msd/MSD2/REV4/install/robot_moveit_config/share/robot_moveit_config/local_setup.dsv
[0.098s] -- Symlinking: /home/msd/MSD2/REV4/install/robot_moveit_config/share/robot_moveit_config/package.dsv
[0.111s] -- Up-to-date symlink: /home/msd/MSD2/REV4/install/robot_moveit_config/share/ament_index/resource_index/packages/robot_moveit_config
[0.112s] -- Up-to-date symlink: /home/msd/MSD2/REV4/install/robot_moveit_config/share/robot_moveit_config/cmake/robot_moveit_configConfig.cmake
[0.113s] -- Up-to-date symlink: /home/msd/MSD2/REV4/install/robot_moveit_config/share/robot_moveit_config/cmake/robot_moveit_configConfig-version.cmake
[0.113s] -- Up-to-date symlink: /home/msd/MSD2/REV4/install/robot_moveit_config/share/robot_moveit_config/package.xml
[0.115s] -- Symlinking: /home/msd/MSD2/REV4/install/robot_moveit_config/share/robot_moveit_config/launch/__pycache__/hardware.launch.cpython-310.pyc
[0.129s] -- Up-to-date symlink: /home/msd/MSD2/REV4/install/robot_moveit_config/share/robot_moveit_config/launch/demo.launch.py
[0.129s] -- Up-to-date symlink: /home/msd/MSD2/REV4/install/robot_moveit_config/share/robot_moveit_config/launch/hardware.launch.py
[0.129s] -- Up-to-date symlink: /home/msd/MSD2/REV4/install/robot_moveit_config/share/robot_moveit_config/launch/move_group.launch.py
[0.131s] -- Up-to-date symlink: /home/msd/MSD2/REV4/install/robot_moveit_config/share/robot_moveit_config/launch/moveit_rviz.launch.py
[0.131s] -- Up-to-date symlink: /home/msd/MSD2/REV4/install/robot_moveit_config/share/robot_moveit_config/launch/rsp.launch.py
[0.131s] -- Up-to-date symlink: /home/msd/MSD2/REV4/install/robot_moveit_config/share/robot_moveit_config/launch/setup_assistant.launch.py
[0.131s] -- Up-to-date symlink: /home/msd/MSD2/REV4/install/robot_moveit_config/share/robot_moveit_config/launch/spawn_controllers.launch.py
[0.132s] -- Up-to-date symlink: /home/msd/MSD2/REV4/install/robot_moveit_config/share/robot_moveit_config/launch/static_virtual_joint_tfs.launch.py
[0.132s] -- Up-to-date symlink: /home/msd/MSD2/REV4/install/robot_moveit_config/share/robot_moveit_config/launch/warehouse_db.launch.py
[0.132s] -- Up-to-date symlink: /home/msd/MSD2/REV4/install/robot_moveit_config/share/robot_moveit_config/config/arm_controller_params.yaml
[0.133s] -- Up-to-date symlink: /home/msd/MSD2/REV4/install/robot_moveit_config/share/robot_moveit_config/config/initial_positions.yaml
[0.133s] -- Up-to-date symlink: /home/msd/MSD2/REV4/install/robot_moveit_config/share/robot_moveit_config/config/joint_limits.yaml
[0.133s] -- Up-to-date symlink: /home/msd/MSD2/REV4/install/robot_moveit_config/share/robot_moveit_config/config/kinematics.yaml
[0.133s] -- Up-to-date symlink: /home/msd/MSD2/REV4/install/robot_moveit_config/share/robot_moveit_config/config/moveit.rviz
[0.134s] -- Up-to-date symlink: /home/msd/MSD2/REV4/install/robot_moveit_config/share/robot_moveit_config/config/moveit_controllers.yaml
[0.134s] -- Up-to-date symlink: /home/msd/MSD2/REV4/install/robot_moveit_config/share/robot_moveit_config/config/pilz_cartesian_limits.yaml
[0.134s] -- Up-to-date symlink: /home/msd/MSD2/REV4/install/robot_moveit_config/share/robot_moveit_config/config/ros2_controllers.yaml
[0.134s] -- Up-to-date symlink: /home/msd/MSD2/REV4/install/robot_moveit_config/share/robot_moveit_config/config/ros2_controllers_hardware.yaml
[0.134s] -- Up-to-date symlink: /home/msd/MSD2/REV4/install/robot_moveit_config/share/robot_moveit_config/config/sensors_3d.yaml
[0.135s] -- Up-to-date symlink: /home/msd/MSD2/REV4/install/robot_moveit_config/share/robot_moveit_config/config/spotarm_assembly.hardware.urdf.xacro
[0.135s] -- Up-to-date symlink: /home/msd/MSD2/REV4/install/robot_moveit_config/share/robot_moveit_config/config/spotarm_assembly.ros2_control.xacro
[0.135s] -- Up-to-date symlink: /home/msd/MSD2/REV4/install/robot_moveit_config/share/robot_moveit_config/config/spotarm_assembly.srdf
[0.135s] -- Up-to-date symlink: /home/msd/MSD2/REV4/install/robot_moveit_config/share/robot_moveit_config/config/spotarm_assembly.urdf.xacro
[0.135s] -- Up-to-date symlink: /home/msd/MSD2/REV4/install/robot_moveit_config/share/robot_moveit_config/.setup_assistant
[0.139s] Invoked command in '/home/msd/MSD2/REV4/build/robot_moveit_config' returned '0': AMENT_PREFIX_PATH=/home/msd/MSD2/REV4/install/spotarm_assembly_description:/home/msd/MSD2/REV4/install/stepper_test:/home/msd/MSD2/REV4/install/spotarm_servo_gamepad:/home/msd/MSD2/REV4/install/robot_bringup:/home/msd/MSD2/REV4/install/robot_moveit_config:/home/msd/MSD2/REV4/install/robot_status_leds:/home/msd/MSD2/REV4/install/robot_hardware:/home/msd/MSD2/REV4/install/robot_commander:/home/msd/MSD2/REV4/install/gear_manipulator_moveit_config:/home/msd/MSD2/REV4/install/my_robot:/home/msd/MSD2/REV4/install/marge:/home/msd/MSD2/REV4/src/install/robot_commander:/home/msd/MSD2/REV4/src/install/my_robot:/opt/ros/humble CMAKE_PREFIX_PATH=${CMAKE_PREFIX_PATH}:/home/msd/MSD2/REV4/install/spotarm_servo_gamepad:/home/msd/MSD2/REV4/install/spotarm_assembly_description:/home/msd/MSD2/REV4/install/robot_status_leds:/opt/ros/humble PYTHONPATH=/home/msd/MSD2/REV4/build/spotarm_assembly_description:/home/msd/MSD2/REV4/install/spotarm_assembly_description/lib/python3.10/site-packages:/home/msd/MSD2/REV4/build/spotarm_servo_gamepad:/home/msd/MSD2/REV4/install/spotarm_servo_gamepad/lib/python3.10/site-packages:/home/msd/MSD2/REV4/build/spotarm_gamepad:/home/msd/MSD2/REV4/install/spotarm_gamepad/lib/python3.10/site-packages:/home/msd/MSD2/REV4/install/robot_status_leds/lib/python3.10/site-packages:/opt/ros/humble/lib/python3.10/site-packages:/opt/ros/humble/local/lib/python3.10/dist-packages /usr/bin/cmake --install /home/msd/MSD2/REV4/build/robot_moveit_config
