[0.302s] Invoking command in '/home/msd/MSD2/REV4/build/robot_commander': CMAKE_PREFIX_PATH=${CMAKE_PREFIX_PATH}:/home/msd/MSD2/REV4/install/my_robot:/opt/ros/humble /usr/bin/cmake /home/msd/MSD2/REV4/src/robot_commander -DAMENT_CMAKE_SYMLINK_INSTALL=1 -DCMAKE_INSTALL_PREFIX=/home/msd/MSD2/REV4/install/robot_commander
[0.763s] -- The C compiler identification is GNU 11.4.0
[0.764s] -- The CXX compiler identification is GNU 11.4.0
[0.764s] -- Detecting C compiler ABI info
[0.764s] -- Detecting C compiler ABI info - done
[0.764s] -- Check for working C compiler: /usr/bin/cc - skipped
[0.764s] -- Detecting C compile features
[0.764s] -- Detecting C compile features - done
[0.764s] -- Detecting CXX compiler ABI info
[0.764s] -- Detecting CXX compiler ABI info - done
[0.765s] -- Check for working CXX compiler: /usr/bin/c++ - skipped
[0.765s] -- Detecting CXX compile features
[0.765s] -- Detecting CXX compile features - done
[0.765s] -- Found ament_cmake: 1.3.14 (/opt/ros/humble/share/ament_cmake/cmake)
[1.044s] -- Found Python3: /usr/bin/python3 (found version "3.10.12") found components: Interpreter 
[1.171s] -- Override CMake install command with custom implementation using symlinks instead of copying resources
[1.211s] -- Found rclcpp: 16.0.19 (/opt/ros/humble/share/rclcpp/cmake)
[1.276s] -- Found rosidl_generator_c: 3.1.8 (/opt/ros/humble/share/rosidl_generator_c/cmake)
[1.284s] -- Found rosidl_adapter: 3.1.8 (/opt/ros/humble/share/rosidl_adapter/cmake)
[1.299s] -- Found rosidl_generator_cpp: 3.1.8 (/opt/ros/humble/share/rosidl_generator_cpp/cmake)
[1.322s] -- Using all available rosidl_typesupport_c: rosidl_typesupport_fastrtps_c;rosidl_typesupport_introspection_c
[1.353s] -- Using all available rosidl_typesupport_cpp: rosidl_typesupport_fastrtps_cpp;rosidl_typesupport_introspection_cpp
[1.436s] -- Found rmw_implementation_cmake: 6.1.2 (/opt/ros/humble/share/rmw_implementation_cmake/cmake)
[1.442s] -- Found rmw_fastrtps_cpp: 6.2.10 (/opt/ros/humble/share/rmw_fastrtps_cpp/cmake)
[1.601s] -- Found OpenSSL: /usr/lib/x86_64-linux-gnu/libcrypto.so (found version "3.0.2")  
[1.648s] -- Found FastRTPS: /opt/ros/humble/include  
[1.715s] -- Using RMW implementation 'rmw_fastrtps_cpp' as default
[1.732s] -- Looking for pthread.h
[1.883s] -- Looking for pthread.h - found
[1.886s] -- Performing Test CMAKE_HAVE_LIBC_PTHREAD
[2.009s] -- Performing Test CMAKE_HAVE_LIBC_PTHREAD - Success
[2.011s] -- Found Threads: TRUE  
[2.127s] -- Found moveit_ros_planning_interface: 2.5.9 (/opt/ros/humble/share/moveit_ros_planning_interface/cmake)
[2.165s] -- Found Boost: /usr/lib/x86_64-linux-gnu/cmake/Boost-1.74.0/BoostConfig.cmake (found version "1.74.0") found components: date_time filesystem program_options system thread 
[2.545s] -- Found Boost: /usr/lib/x86_64-linux-gnu/cmake/Boost-1.74.0/BoostConfig.cmake (found version "1.74.0") found components: chrono date_time filesystem iostreams program_options regex serialization system thread 
[2.629s] -- Found parameter_traits: 0.7.1 (/opt/ros/humble/share/parameter_traits/cmake)
[2.658s] -- Found rclcpp_lifecycle: 16.0.19 (/opt/ros/humble/share/rclcpp_lifecycle/cmake)
[2.703s] -- Found Boost: /usr/lib/x86_64-linux-gnu/cmake/Boost-1.74.0/BoostConfig.cmake (found version "1.74.0") found components: filesystem 
[2.855s] -- library: /usr/lib/x86_64-linux-gnu/libcurl.so
[2.932s] -- Found Eigen3: TRUE (found version "3.4.0") 
[2.942s] -- Ensuring Eigen3 include directory is part of orocos-kdl CMake target
[3.240s] -- Found Boost: /usr/lib/x86_64-linux-gnu/cmake/Boost-1.74.0/BoostConfig.cmake (found version "1.74.0") found components: system filesystem date_time program_options thread chrono 
[3.314s] -- Found Boost: /usr/lib/x86_64-linux-gnu/cmake/Boost-1.74.0/BoostConfig.cmake (found version "1.74.0") found components: thread system filesystem regex date_time program_options 
[3.383s] -- Found Boost: /usr/lib/x86_64-linux-gnu/cmake/Boost-1.74.0/BoostConfig.cmake (found version "1.74.0") found components: system filesystem date_time program_options thread 
[3.661s] -- Configuring done
[3.777s] -- Generating done
[3.829s] -- Build files have been written to: /home/msd/MSD2/REV4/build/robot_commander
[3.951s] Invoked command in '/home/msd/MSD2/REV4/build/robot_commander' returned '0': CMAKE_PREFIX_PATH=${CMAKE_PREFIX_PATH}:/home/msd/MSD2/REV4/install/my_robot:/opt/ros/humble /usr/bin/cmake /home/msd/MSD2/REV4/src/robot_commander -DAMENT_CMAKE_SYMLINK_INSTALL=1 -DCMAKE_INSTALL_PREFIX=/home/msd/MSD2/REV4/install/robot_commander
[3.953s] Invoking command in '/home/msd/MSD2/REV4/build/robot_commander': CMAKE_PREFIX_PATH=${CMAKE_PREFIX_PATH}:/home/msd/MSD2/REV4/install/my_robot:/opt/ros/humble /usr/bin/cmake --build /home/msd/MSD2/REV4/build/robot_commander -- -j8 -l8
[4.073s] [ 50%] [32mBuilding CXX object CMakeFiles/commander.dir/src/commander.cpp.o[0m
[13.536s] [100%] [32m[1mLinking CXX executable commander[0m
[13.853s] [100%] Built target commander
[13.863s] Invoked command in '/home/msd/MSD2/REV4/build/robot_commander' returned '0': CMAKE_PREFIX_PATH=${CMAKE_PREFIX_PATH}:/home/msd/MSD2/REV4/install/my_robot:/opt/ros/humble /usr/bin/cmake --build /home/msd/MSD2/REV4/build/robot_commander -- -j8 -l8
[13.864s] Invoking command in '/home/msd/MSD2/REV4/build/robot_commander': CMAKE_PREFIX_PATH=${CMAKE_PREFIX_PATH}:/home/msd/MSD2/REV4/install/my_robot:/opt/ros/humble /usr/bin/cmake --install /home/msd/MSD2/REV4/build/robot_commander
[13.871s] -- Install configuration: ""
[13.871s] -- Execute custom install script
[13.872s] -- Symlinking: /home/msd/MSD2/REV4/install/robot_commander/lib/robot_commander//commander
[13.881s] -- Symlinking: /home/msd/MSD2/REV4/install/robot_commander/share/ament_index/resource_index/package_run_dependencies/robot_commander
[13.891s] -- Symlinking: /home/msd/MSD2/REV4/install/robot_commander/share/ament_index/resource_index/parent_prefix_path/robot_commander
[13.900s] -- Symlinking: /home/msd/MSD2/REV4/install/robot_commander/share/robot_commander/environment/ament_prefix_path.sh
[13.908s] -- Symlinking: /home/msd/MSD2/REV4/install/robot_commander/share/robot_commander/environment/ament_prefix_path.dsv
[13.915s] -- Symlinking: /home/msd/MSD2/REV4/install/robot_commander/share/robot_commander/environment/path.sh
[13.923s] -- Symlinking: /home/msd/MSD2/REV4/install/robot_commander/share/robot_commander/environment/path.dsv
[13.930s] -- Symlinking: /home/msd/MSD2/REV4/install/robot_commander/share/robot_commander/local_setup.bash
[13.938s] -- Symlinking: /home/msd/MSD2/REV4/install/robot_commander/share/robot_commander/local_setup.sh
[13.946s] -- Symlinking: /home/msd/MSD2/REV4/install/robot_commander/share/robot_commander/local_setup.zsh
[13.953s] -- Symlinking: /home/msd/MSD2/REV4/install/robot_commander/share/robot_commander/local_setup.dsv
[13.961s] -- Symlinking: /home/msd/MSD2/REV4/install/robot_commander/share/robot_commander/package.dsv
[13.969s] -- Symlinking: /home/msd/MSD2/REV4/install/robot_commander/share/ament_index/resource_index/packages/robot_commander
[13.977s] -- Symlinking: /home/msd/MSD2/REV4/install/robot_commander/share/robot_commander/cmake/robot_commanderConfig.cmake
[13.987s] -- Symlinking: /home/msd/MSD2/REV4/install/robot_commander/share/robot_commander/cmake/robot_commanderConfig-version.cmake
[13.995s] -- Symlinking: /home/msd/MSD2/REV4/install/robot_commander/share/robot_commander/package.xml
[14.005s] Invoked command in '/home/msd/MSD2/REV4/build/robot_commander' returned '0': CMAKE_PREFIX_PATH=${CMAKE_PREFIX_PATH}:/home/msd/MSD2/REV4/install/my_robot:/opt/ros/humble /usr/bin/cmake --install /home/msd/MSD2/REV4/build/robot_commander
