<<<<<<< HEAD
[3.129s] Invoking command in '/home/msd/MSD2/REV4/build/spotarm_gamepad': PYTHONPATH=/home/msd/MSD2/REV4/build/spotarm_gamepad/prefix_override:/usr/lib/python3/dist-packages/colcon_core/task/python/colcon_distutils_commands:/home/msd/MSD2/REV4/install/spotarm_gamepad/lib/python3.10/site-packages:${PYTHONPATH} /usr/bin/python3 -W ignore:setup.py install is deprecated -W ignore:easy_install command is deprecated setup.py develop --editable --build-directory /home/msd/MSD2/REV4/build/spotarm_gamepad/build --no-deps symlink_data
[4.064s] running develop
[4.418s] running egg_info
[4.419s] writing spotarm_gamepad.egg-info/PKG-INFO
[4.422s] writing dependency_links to spotarm_gamepad.egg-info/dependency_links.txt
[4.422s] writing entry points to spotarm_gamepad.egg-info/entry_points.txt
[4.422s] writing requirements to spotarm_gamepad.egg-info/requires.txt
[4.423s] writing top-level names to spotarm_gamepad.egg-info/top_level.txt
[4.429s] reading manifest file 'spotarm_gamepad.egg-info/SOURCES.txt'
[4.432s] writing manifest file 'spotarm_gamepad.egg-info/SOURCES.txt'
[4.435s] running build_ext
[4.436s] Creating /home/msd/MSD2/REV4/install/spotarm_gamepad/lib/python3.10/site-packages/spotarm-gamepad.egg-link (link to .)
[4.438s] Installing gamepad script to /home/msd/MSD2/REV4/install/spotarm_gamepad/lib/spotarm_gamepad
[4.438s] 
[4.439s] Installed /home/msd/MSD2/REV4/build/spotarm_gamepad
[4.439s] running symlink_data
=======
[3.129s] Invoking command in '/home/msd/MSD2/REV4/build/spotarm_gamepad': PYTHONPATH=/home/msd/MSD2/REV4/build/spotarm_gamepad/prefix_override:/usr/lib/python3/dist-packages/colcon_core/task/python/colcon_distutils_commands:/home/msd/MSD2/REV4/install/spotarm_gamepad/lib/python3.10/site-packages:${PYTHONPATH} /usr/bin/python3 -W ignore:setup.py install is deprecated -W ignore:easy_install command is deprecated setup.py develop --editable --build-directory /home/msd/MSD2/REV4/build/spotarm_gamepad/build --no-deps symlink_data
[4.064s] running develop
[4.418s] running egg_info
[4.419s] writing spotarm_gamepad.egg-info/PKG-INFO
[4.422s] writing dependency_links to spotarm_gamepad.egg-info/dependency_links.txt
[4.422s] writing entry points to spotarm_gamepad.egg-info/entry_points.txt
[4.422s] writing requirements to spotarm_gamepad.egg-info/requires.txt
[4.423s] writing top-level names to spotarm_gamepad.egg-info/top_level.txt
[4.429s] reading manifest file 'spotarm_gamepad.egg-info/SOURCES.txt'
[4.432s] writing manifest file 'spotarm_gamepad.egg-info/SOURCES.txt'
[4.435s] running build_ext
[4.436s] Creating /home/msd/MSD2/REV4/install/spotarm_gamepad/lib/python3.10/site-packages/spotarm-gamepad.egg-link (link to .)
[4.438s] Installing gamepad script to /home/msd/MSD2/REV4/install/spotarm_gamepad/lib/spotarm_gamepad
[4.438s] 
[4.439s] Installed /home/msd/MSD2/REV4/build/spotarm_gamepad
[4.439s] running symlink_data
>>>>>>> f6515614f97110be7e36a5fdeab81499e9790a26
