-- Found ament_cmake: 1.3.14 (/opt/ros/humble/share/ament_cmake/cmake)
-- Override CMake install command with custom implementation using symlinks instead of copying resources
-- Configuring done
-- Generating done
-- Build files have been written to: /home/msd/MSD2/REV4/build/marge
[35m[1mConsolidate compiler generated dependencies of target icl_stepper[0m
[ 50%] Built target icl_stepper
[35m[1mConsolidate compiler generated dependencies of target homer[0m
[ 75%] [32m[1mLinking CXX executable homer[0m
[100%] Built target homer
-- Install configuration: ""
-- Execute custom install script
-- Symlinking: /home/msd/MSD2/REV4/install/marge/lib/libicl_stepper.so
-- Symlinking: /home/msd/MSD2/REV4/install/marge/lib/marge/homer
-- Symlinking: /home/msd/MSD2/REV4/install/marge/include/marge/ICLStepper.h
-- Symlinking: /home/msd/MSD2/REV4/install/marge/share/marge/environment/library_path.sh
-- Symlinking: /home/msd/MSD2/REV4/install/marge/share/marge/environment/library_path.dsv
-- Symlinking: /home/msd/MSD2/REV4/install/marge/share/ament_index/resource_index/package_run_dependencies/marge
-- Symlinking: /home/msd/MSD2/REV4/install/marge/share/ament_index/resource_index/parent_prefix_path/marge
-- Symlinking: /home/msd/MSD2/REV4/install/marge/share/marge/environment/ament_prefix_path.sh
-- Symlinking: /home/msd/MSD2/REV4/install/marge/share/marge/environment/ament_prefix_path.dsv
-- Symlinking: /home/msd/MSD2/REV4/install/marge/share/marge/environment/path.sh
-- Symlinking: /home/msd/MSD2/REV4/install/marge/share/marge/environment/path.dsv
-- Symlinking: /home/msd/MSD2/REV4/install/marge/share/marge/local_setup.bash
-- Symlinking: /home/msd/MSD2/REV4/install/marge/share/marge/local_setup.sh
-- Symlinking: /home/msd/MSD2/REV4/install/marge/share/marge/local_setup.zsh
-- Symlinking: /home/msd/MSD2/REV4/install/marge/share/marge/local_setup.dsv
-- Symlinking: /home/msd/MSD2/REV4/install/marge/share/marge/package.dsv
-- Symlinking: /home/msd/MSD2/REV4/install/marge/share/ament_index/resource_index/packages/marge
-- Symlinking: /home/msd/MSD2/REV4/install/marge/share/marge/cmake/ament_cmake_export_include_directories-extras.cmake
-- Symlinking: /home/msd/MSD2/REV4/install/marge/share/marge/cmake/ament_cmake_export_libraries-extras.cmake
-- Symlinking: /home/msd/MSD2/REV4/install/marge/share/marge/cmake/margeConfig.cmake
-- Symlinking: /home/msd/MSD2/REV4/install/marge/share/marge/cmake/margeConfig-version.cmake
-- Symlinking: /home/msd/MSD2/REV4/install/marge/share/marge/package.xml
