[0.011s] Invoking command in '/home/msd/MSD2/REV4/build/robot_bringup': AMENT_PREFIX_PATH=/home/msd/MSD2/REV4/install/robot_moveit_config:/home/msd/MSD2/REV4/install/spotarm_assembly_description:${AMENT_PREFIX_PATH} CMAKE_PREFIX_PATH=/home/msd/MSD2/REV4/install/robot_moveit_config:/home/msd/MSD2/REV4/install/gear_manipulator_moveit_config:/home/msd/MSD2/REV4/install/motor_bridge:/home/msd/MSD2/REV4/install/my_robot:/opt/ros/humble PYTHONPATH=/home/msd/MSD2/REV4/build/spotarm_assembly_description:/home/msd/MSD2/REV4/install/spotarm_assembly_description/lib/python3.10/site-packages:${PYTHONPATH} /usr/bin/cmake /home/msd/MSD2/REV4/src/robot_bringup -DAMENT_CMAKE_SYMLINK_INSTALL=1 -DCMAKE_INSTALL_PREFIX=/home/msd/MSD2/REV4/install/robot_bringup
[0.113s] -- The C compiler identification is GNU 11.4.0
[0.190s] -- The CXX compiler identification is GNU 11.4.0
[0.200s] -- Detecting C compiler ABI info
[0.294s] -- Detecting C compiler ABI info - done
[0.304s] -- Check for working C compiler: /usr/bin/cc - skipped
[0.304s] -- Detecting C compile features
[0.305s] -- Detecting C compile features - done
[0.309s] -- Detecting CXX compiler ABI info
[0.396s] -- Detecting CXX compiler ABI info - done
[0.412s] -- Check for working CXX compiler: /usr/bin/c++ - skipped
[0.412s] -- Detecting CXX compile features
[0.413s] -- Detecting CXX compile features - done
[0.417s] -- Found ament_cmake: 1.3.14 (/opt/ros/humble/share/ament_cmake/cmake)
[0.631s] -- Found Python3: /usr/bin/python3 (found version "3.10.12") found components: Interpreter 
[0.723s] -- Override CMake install command with custom implementation using symlinks instead of copying resources
[0.859s] -- Configuring done
[0.862s] -- Generating done
[0.864s] -- Build files have been written to: /home/msd/MSD2/REV4/build/robot_bringup
[0.870s] Invoked command in '/home/msd/MSD2/REV4/build/robot_bringup' returned '0': AMENT_PREFIX_PATH=/home/msd/MSD2/REV4/install/robot_moveit_config:/home/msd/MSD2/REV4/install/spotarm_assembly_description:${AMENT_PREFIX_PATH} CMAKE_PREFIX_PATH=/home/msd/MSD2/REV4/install/robot_moveit_config:/home/msd/MSD2/REV4/install/gear_manipulator_moveit_config:/home/msd/MSD2/REV4/install/motor_bridge:/home/msd/MSD2/REV4/install/my_robot:/opt/ros/humble PYTHONPATH=/home/msd/MSD2/REV4/build/spotarm_assembly_description:/home/msd/MSD2/REV4/install/spotarm_assembly_description/lib/python3.10/site-packages:${PYTHONPATH} /usr/bin/cmake /home/msd/MSD2/REV4/src/robot_bringup -DAMENT_CMAKE_SYMLINK_INSTALL=1 -DCMAKE_INSTALL_PREFIX=/home/msd/MSD2/REV4/install/robot_bringup
[0.873s] Invoking command in '/home/msd/MSD2/REV4/build/robot_bringup': AMENT_PREFIX_PATH=/home/msd/MSD2/REV4/install/robot_moveit_config:/home/msd/MSD2/REV4/install/spotarm_assembly_description:${AMENT_PREFIX_PATH} CMAKE_PREFIX_PATH=/home/msd/MSD2/REV4/install/robot_moveit_config:/home/msd/MSD2/REV4/install/gear_manipulator_moveit_config:/home/msd/MSD2/REV4/install/motor_bridge:/home/msd/MSD2/REV4/install/my_robot:/opt/ros/humble PYTHONPATH=/home/msd/MSD2/REV4/build/spotarm_assembly_description:/home/msd/MSD2/REV4/install/spotarm_assembly_description/lib/python3.10/site-packages:${PYTHONPATH} /usr/bin/cmake --build /home/msd/MSD2/REV4/build/robot_bringup -- -j8 -l8
[0.917s] Invoked command in '/home/msd/MSD2/REV4/build/robot_bringup' returned '0': AMENT_PREFIX_PATH=/home/msd/MSD2/REV4/install/robot_moveit_config:/home/msd/MSD2/REV4/install/spotarm_assembly_description:${AMENT_PREFIX_PATH} CMAKE_PREFIX_PATH=/home/msd/MSD2/REV4/install/robot_moveit_config:/home/msd/MSD2/REV4/install/gear_manipulator_moveit_config:/home/msd/MSD2/REV4/install/motor_bridge:/home/msd/MSD2/REV4/install/my_robot:/opt/ros/humble PYTHONPATH=/home/msd/MSD2/REV4/build/spotarm_assembly_description:/home/msd/MSD2/REV4/install/spotarm_assembly_description/lib/python3.10/site-packages:${PYTHONPATH} /usr/bin/cmake --build /home/msd/MSD2/REV4/build/robot_bringup -- -j8 -l8
[0.920s] Invoking command in '/home/msd/MSD2/REV4/build/robot_bringup': AMENT_PREFIX_PATH=/home/msd/MSD2/REV4/install/robot_moveit_config:/home/msd/MSD2/REV4/install/spotarm_assembly_description:${AMENT_PREFIX_PATH} CMAKE_PREFIX_PATH=/home/msd/MSD2/REV4/install/robot_moveit_config:/home/msd/MSD2/REV4/install/gear_manipulator_moveit_config:/home/msd/MSD2/REV4/install/motor_bridge:/home/msd/MSD2/REV4/install/my_robot:/opt/ros/humble PYTHONPATH=/home/msd/MSD2/REV4/build/spotarm_assembly_description:/home/msd/MSD2/REV4/install/spotarm_assembly_description/lib/python3.10/site-packages:${PYTHONPATH} /usr/bin/cmake --install /home/msd/MSD2/REV4/build/robot_bringup
[0.927s] -- Install configuration: ""
[0.928s] -- Execute custom install script
[0.928s] -- Symlinking: /home/msd/MSD2/REV4/install/robot_bringup/share/robot_bringup/launch/robot.launch.py
[0.938s] -- Symlinking: /home/msd/MSD2/REV4/install/robot_bringup/share/robot_bringup/launch/robot_no_rviz.launch.py
[0.951s] -- Symlinking: /home/msd/MSD2/REV4/install/robot_bringup/share/robot_bringup/config/robot_moveit.rviz
[0.964s] -- Symlinking: /home/msd/MSD2/REV4/install/robot_bringup/share/robot_bringup/config/ros2_controllers.yaml
[0.975s] -- Symlinking: /home/msd/MSD2/REV4/install/robot_bringup/share/ament_index/resource_index/package_run_dependencies/robot_bringup
[0.985s] -- Symlinking: /home/msd/MSD2/REV4/install/robot_bringup/share/ament_index/resource_index/parent_prefix_path/robot_bringup
[0.996s] -- Symlinking: /home/msd/MSD2/REV4/install/robot_bringup/share/robot_bringup/environment/ament_prefix_path.sh
[1.007s] -- Symlinking: /home/msd/MSD2/REV4/install/robot_bringup/share/robot_bringup/environment/ament_prefix_path.dsv
[1.020s] -- Symlinking: /home/msd/MSD2/REV4/install/robot_bringup/share/robot_bringup/environment/path.sh
[1.037s] -- Symlinking: /home/msd/MSD2/REV4/install/robot_bringup/share/robot_bringup/environment/path.dsv
[1.051s] -- Symlinking: /home/msd/MSD2/REV4/install/robot_bringup/share/robot_bringup/local_setup.bash
[1.070s] -- Symlinking: /home/msd/MSD2/REV4/install/robot_bringup/share/robot_bringup/local_setup.sh
[1.089s] -- Symlinking: /home/msd/MSD2/REV4/install/robot_bringup/share/robot_bringup/local_setup.zsh
[1.104s] -- Symlinking: /home/msd/MSD2/REV4/install/robot_bringup/share/robot_bringup/local_setup.dsv
[1.118s] -- Symlinking: /home/msd/MSD2/REV4/install/robot_bringup/share/robot_bringup/package.dsv
[1.130s] -- Symlinking: /home/msd/MSD2/REV4/install/robot_bringup/share/ament_index/resource_index/packages/robot_bringup
[1.140s] -- Symlinking: /home/msd/MSD2/REV4/install/robot_bringup/share/robot_bringup/cmake/robot_bringupConfig.cmake
[1.154s] -- Symlinking: /home/msd/MSD2/REV4/install/robot_bringup/share/robot_bringup/cmake/robot_bringupConfig-version.cmake
[1.168s] -- Symlinking: /home/msd/MSD2/REV4/install/robot_bringup/share/robot_bringup/package.xml
[1.180s] Invoked command in '/home/msd/MSD2/REV4/build/robot_bringup' returned '0': AMENT_PREFIX_PATH=/home/msd/MSD2/REV4/install/robot_moveit_config:/home/msd/MSD2/REV4/install/spotarm_assembly_description:${AMENT_PREFIX_PATH} CMAKE_PREFIX_PATH=/home/msd/MSD2/REV4/install/robot_moveit_config:/home/msd/MSD2/REV4/install/gear_manipulator_moveit_config:/home/msd/MSD2/REV4/install/motor_bridge:/home/msd/MSD2/REV4/install/my_robot:/opt/ros/humble PYTHONPATH=/home/msd/MSD2/REV4/build/spotarm_assembly_description:/home/msd/MSD2/REV4/install/spotarm_assembly_description/lib/python3.10/site-packages:${PYTHONPATH} /usr/bin/cmake --install /home/msd/MSD2/REV4/build/robot_bringup
