/usr/lib/python3/dist-packages/setuptools/dist.py:723: UserWarning: Usage of dash-separated 'script-dir' will not be supported in future versions. Please use the underscore name 'script_dir' instead
  warnings.warn(
running develop
running egg_info
creating spotarm_assembly_description.egg-info
writing spotarm_assembly_description.egg-info/PKG-INFO
writing dependency_links to spotarm_assembly_description.egg-info/dependency_links.txt
writing entry points to spotarm_assembly_description.egg-info/entry_points.txt
writing requirements to spotarm_assembly_description.egg-info/requires.txt
writing top-level names to spotarm_assembly_description.egg-info/top_level.txt
writing manifest file 'spotarm_assembly_description.egg-info/SOURCES.txt'
reading manifest file 'spotarm_assembly_description.egg-info/SOURCES.txt'
writing manifest file 'spotarm_assembly_description.egg-info/SOURCES.txt'
running build_ext
Creating /home/msd/MSD2/REV4/install/spotarm_assembly_description/lib/python3.10/site-packages/spotarm-assembly-description.egg-link (link to .)

Installed /home/msd/MSD2/REV4/build/spotarm_assembly_description
running symlink_data
creating /home/msd/MSD2/REV4/install/spotarm_assembly_description/share/ament_index
creating /home/msd/MSD2/REV4/install/spotarm_assembly_description/share/ament_index/resource_index
creating /home/msd/MSD2/REV4/install/spotarm_assembly_description/share/ament_index/resource_index/packages
symbolically linking /home/msd/MSD2/REV4/build/spotarm_assembly_description/resource/spotarm_assembly_description -> /home/msd/MSD2/REV4/install/spotarm_assembly_description/share/ament_index/resource_index/packages
symbolically linking /home/msd/MSD2/REV4/build/spotarm_assembly_description/package.xml -> /home/msd/MSD2/REV4/install/spotarm_assembly_description/share/spotarm_assembly_description
creating /home/msd/MSD2/REV4/install/spotarm_assembly_description/share/spotarm_assembly_description/launch
symbolically linking /home/msd/MSD2/REV4/build/spotarm_assembly_description/launch/display.launch.py -> /home/msd/MSD2/REV4/install/spotarm_assembly_description/share/spotarm_assembly_description/launch
symbolically linking /home/msd/MSD2/REV4/build/spotarm_assembly_description/launch/gazebo.launch.py -> /home/msd/MSD2/REV4/install/spotarm_assembly_description/share/spotarm_assembly_description/launch
creating /home/msd/MSD2/REV4/install/spotarm_assembly_description/share/spotarm_assembly_description/urdf
symbolically linking /home/msd/MSD2/REV4/build/spotarm_assembly_description/urdf/spotarm_assembly.gazebo -> /home/msd/MSD2/REV4/install/spotarm_assembly_description/share/spotarm_assembly_description/urdf
symbolically linking /home/msd/MSD2/REV4/build/spotarm_assembly_description/urdf/materials.xacro -> /home/msd/MSD2/REV4/install/spotarm_assembly_description/share/spotarm_assembly_description/urdf
symbolically linking /home/msd/MSD2/REV4/build/spotarm_assembly_description/urdf/spotarm_assembly.xacro -> /home/msd/MSD2/REV4/install/spotarm_assembly_description/share/spotarm_assembly_description/urdf
symbolically linking /home/msd/MSD2/REV4/build/spotarm_assembly_description/urdf/spotarm_assembly.ros2_control.xacro -> /home/msd/MSD2/REV4/install/spotarm_assembly_description/share/spotarm_assembly_description/urdf
symbolically linking /home/msd/MSD2/REV4/build/spotarm_assembly_description/urdf/spotarm_assembly.trans -> /home/msd/MSD2/REV4/install/spotarm_assembly_description/share/spotarm_assembly_description/urdf
symbolically linking /home/msd/MSD2/REV4/build/spotarm_assembly_description/urdf/spotarm_assembly.urdf -> /home/msd/MSD2/REV4/install/spotarm_assembly_description/share/spotarm_assembly_description/urdf
creating /home/msd/MSD2/REV4/install/spotarm_assembly_description/share/spotarm_assembly_description/meshes
symbolically linking /home/msd/MSD2/REV4/build/spotarm_assembly_description/meshes/Joint_2_Component_v2_1.stl -> /home/msd/MSD2/REV4/install/spotarm_assembly_description/share/spotarm_assembly_description/meshes
symbolically linking /home/msd/MSD2/REV4/build/spotarm_assembly_description/meshes/Joint_4_Component_v2_1.stl -> /home/msd/MSD2/REV4/install/spotarm_assembly_description/share/spotarm_assembly_description/meshes
symbolically linking /home/msd/MSD2/REV4/build/spotarm_assembly_description/meshes/base_link.stl -> /home/msd/MSD2/REV4/install/spotarm_assembly_description/share/spotarm_assembly_description/meshes
symbolically linking /home/msd/MSD2/REV4/build/spotarm_assembly_description/meshes/Joint_3_Component_v2_1.stl -> /home/msd/MSD2/REV4/install/spotarm_assembly_description/share/spotarm_assembly_description/meshes
symbolically linking /home/msd/MSD2/REV4/build/spotarm_assembly_description/meshes/Joint_5_Component_v2_1.stl -> /home/msd/MSD2/REV4/install/spotarm_assembly_description/share/spotarm_assembly_description/meshes
creating /home/msd/MSD2/REV4/install/spotarm_assembly_description/share/spotarm_assembly_description/config
symbolically linking /home/msd/MSD2/REV4/build/spotarm_assembly_description/config/display.rviz -> /home/msd/MSD2/REV4/install/spotarm_assembly_description/share/spotarm_assembly_description/config
