[0.303s] Invoking command in '/home/msd/MSD2/REV4/build/my_robot': CMAKE_PREFIX_PATH=${CMAKE_PREFIX_PATH}:/home/msd/MSD2/REV4/install/my_robot:/opt/ros/humble /usr/bin/cmake /home/msd/MSD2/REV4/src/my_robot -DAMENT_CMAKE_SYMLINK_INSTALL=1 -DCMAKE_INSTALL_PREFIX=/home/msd/MSD2/REV4/install/my_robot
[0.769s] -- The C compiler identification is GNU 11.4.0
[0.769s] -- The CXX compiler identification is GNU 11.4.0
[0.770s] -- Detecting C compiler ABI info
[0.770s] -- Detecting C compiler ABI info - done
[0.770s] -- Check for working C compiler: /usr/bin/cc - skipped
[0.770s] -- Detecting C compile features
[0.770s] -- Detecting C compile features - done
[0.770s] -- Detecting CXX compiler ABI info
[0.770s] -- Detecting CXX compiler ABI info - done
[0.770s] -- Check for working CXX compiler: /usr/bin/c++ - skipped
[0.770s] -- Detecting CXX compile features
[0.770s] -- Detecting CXX compile features - done
[0.771s] -- Found ament_cmake: 1.3.14 (/opt/ros/humble/share/ament_cmake/cmake)
[1.050s] -- Found Python3: /usr/bin/python3 (found version "3.10.12") found components: Interpreter 
[1.181s] -- Override CMake install command with custom implementation using symlinks instead of copying resources
[1.348s] -- Configuring done
[1.354s] -- Generating done
[1.354s] -- Build files have been written to: /home/msd/MSD2/REV4/build/my_robot
[1.362s] Invoked command in '/home/msd/MSD2/REV4/build/my_robot' returned '0': CMAKE_PREFIX_PATH=${CMAKE_PREFIX_PATH}:/home/msd/MSD2/REV4/install/my_robot:/opt/ros/humble /usr/bin/cmake /home/msd/MSD2/REV4/src/my_robot -DAMENT_CMAKE_SYMLINK_INSTALL=1 -DCMAKE_INSTALL_PREFIX=/home/msd/MSD2/REV4/install/my_robot
[1.365s] Invoking command in '/home/msd/MSD2/REV4/build/my_robot': CMAKE_PREFIX_PATH=${CMAKE_PREFIX_PATH}:/home/msd/MSD2/REV4/install/my_robot:/opt/ros/humble /usr/bin/cmake --build /home/msd/MSD2/REV4/build/my_robot -- -j8 -l8
[1.424s] Invoked command in '/home/msd/MSD2/REV4/build/my_robot' returned '0': CMAKE_PREFIX_PATH=${CMAKE_PREFIX_PATH}:/home/msd/MSD2/REV4/install/my_robot:/opt/ros/humble /usr/bin/cmake --build /home/msd/MSD2/REV4/build/my_robot -- -j8 -l8
[1.439s] Invoking command in '/home/msd/MSD2/REV4/build/my_robot': CMAKE_PREFIX_PATH=${CMAKE_PREFIX_PATH}:/home/msd/MSD2/REV4/install/my_robot:/opt/ros/humble /usr/bin/cmake --install /home/msd/MSD2/REV4/build/my_robot
[1.456s] -- Install configuration: ""
[1.456s] -- Execute custom install script
[1.456s] -- Symlinking: /home/msd/MSD2/REV4/install/my_robot/share/my_robot/urdf/gear_manipulator.urdf
[1.470s] -- Symlinking: /home/msd/MSD2/REV4/install/my_robot/share/my_robot/launch/display.launch.py
[1.486s] -- Symlinking: /home/msd/MSD2/REV4/install/my_robot/share/ament_index/resource_index/package_run_dependencies/my_robot
[1.501s] -- Symlinking: /home/msd/MSD2/REV4/install/my_robot/share/ament_index/resource_index/parent_prefix_path/my_robot
[1.516s] -- Symlinking: /home/msd/MSD2/REV4/install/my_robot/share/my_robot/environment/ament_prefix_path.sh
[1.533s] -- Symlinking: /home/msd/MSD2/REV4/install/my_robot/share/my_robot/environment/ament_prefix_path.dsv
[1.555s] -- Symlinking: /home/msd/MSD2/REV4/install/my_robot/share/my_robot/environment/path.sh
[1.563s] -- Symlinking: /home/msd/MSD2/REV4/install/my_robot/share/my_robot/environment/path.dsv
[1.578s] -- Symlinking: /home/msd/MSD2/REV4/install/my_robot/share/my_robot/local_setup.bash
[1.594s] -- Symlinking: /home/msd/MSD2/REV4/install/my_robot/share/my_robot/local_setup.sh
[1.609s] -- Symlinking: /home/msd/MSD2/REV4/install/my_robot/share/my_robot/local_setup.zsh
[1.626s] -- Symlinking: /home/msd/MSD2/REV4/install/my_robot/share/my_robot/local_setup.dsv
[1.642s] -- Symlinking: /home/msd/MSD2/REV4/install/my_robot/share/my_robot/package.dsv
[1.660s] -- Symlinking: /home/msd/MSD2/REV4/install/my_robot/share/ament_index/resource_index/packages/my_robot
[1.677s] -- Symlinking: /home/msd/MSD2/REV4/install/my_robot/share/my_robot/cmake/my_robotConfig.cmake
[1.689s] -- Symlinking: /home/msd/MSD2/REV4/install/my_robot/share/my_robot/cmake/my_robotConfig-version.cmake
[1.702s] -- Symlinking: /home/msd/MSD2/REV4/install/my_robot/share/my_robot/package.xml
[1.720s] Invoked command in '/home/msd/MSD2/REV4/build/my_robot' returned '0': CMAKE_PREFIX_PATH=${CMAKE_PREFIX_PATH}:/home/msd/MSD2/REV4/install/my_robot:/opt/ros/humble /usr/bin/cmake --install /home/msd/MSD2/REV4/build/my_robot
